Component: ARM Compiler 5.06 update 2 (build 183) Tool: armlink [4d35b7]

==============================================================================

Section Cross References

    system_stm32f10x.o(i.SetSysClock) refers to system_stm32f10x.o(i.SetSysClockTo72) for SetSysClockTo72
    system_stm32f10x.o(i.SystemCoreClockUpdate) refers to system_stm32f10x.o(.data) for SystemCoreClock
    system_stm32f10x.o(i.SystemInit) refers to system_stm32f10x.o(i.SetSysClock) for SetSysClock
    main.o(i.main) refers to misc.o(i.NVIC_PriorityGroupConfig) for NVIC_PriorityGroupConfig
    main.o(i.main) refers to delay.o(i.delay_init) for delay_init
    main.o(i.main) refers to usart.o(i.uart_init) for uart_init
    main.o(i.main) refers to led.o(i.LED_Init) for LED_Init
    main.o(i.main) refers to mpu6050.o(i.MPU_Init) for MPU_Init
    main.o(i.main) refers to delay.o(i.delay_ms) for delay_ms
    main.o(i.main) refers to iicc.o(i.IICC_Init) for IICC_Init
    main.o(i.main) refers to hmc5883.o(i.Init_HMC5883) for Init_HMC5883
    main.o(i.main) refers to bmp085.o(i.Init_BMP085) for Init_BMP085
    main.o(i.main) refers to inv_mpu.o(i.mpu_dmp_init) for mpu_dmp_init
    main.o(i.main) refers to alg.o(i.ALG_Date_Init) for ALG_Date_Init
    main.o(i.main) refers to pwm_out.o(i.PWM_GPIO_Init) for PWM_GPIO_Init
    main.o(i.main) refers to time.o(i.TIM1_Int_Init) for TIM1_Int_Init
    main.o(i.main) refers to usart3.o(i.usart3_init) for usart3_init
    main.o(i.main) refers to capture.o(i.TIM3_Cap_Init) for TIM3_Cap_Init
    main.o(i.main) refers to ov7670.o(i.OV7670_Init) for OV7670_Init
    main.o(i.main) refers to exit.o(i.EXTI14_Init) for EXTI14_Init
    main.o(i.main) refers to ov7670.o(i.OV7670_Window_Set) for OV7670_Window_Set
    main.o(i.main) refers to ov7670.o(i.camera_refresh) for camera_refresh
    main.o(i.main) refers to telecontrol.o(i.bluetoothdate_process) for bluetoothdate_process
    delay.o(i.delay_init) refers to misc.o(i.SysTick_CLKSourceConfig) for SysTick_CLKSourceConfig
    delay.o(i.delay_init) refers to system_stm32f10x.o(.data) for SystemCoreClock
    delay.o(i.delay_init) refers to delay.o(.data) for fac_us
    delay.o(i.delay_ms) refers to delay.o(.data) for fac_ms
    delay.o(i.delay_us) refers to delay.o(.data) for fac_us
    usart.o(i.USART1_IRQHandler) refers (Special) to use_no_semi_2.o(.text) for __use_no_semihosting
    usart.o(i.USART1_IRQHandler) refers to stm32f10x_usart.o(i.USART_GetITStatus) for USART_GetITStatus
    usart.o(i.USART1_IRQHandler) refers to stm32f10x_usart.o(i.USART_ReceiveData) for USART_ReceiveData
    usart.o(i.USART1_IRQHandler) refers to usart.o(.data) for USART_RX_STA
    usart.o(i.USART1_IRQHandler) refers to usart.o(.bss) for USART_RX_BUF
    usart.o(i._sys_exit) refers (Special) to use_no_semi_2.o(.text) for __use_no_semihosting
    usart.o(i.fputc) refers (Special) to use_no_semi_2.o(.text) for __use_no_semihosting
    usart.o(i.uart_init) refers (Special) to use_no_semi_2.o(.text) for __use_no_semihosting
    usart.o(i.uart_init) refers to stm32f10x_rcc.o(i.RCC_APB2PeriphClockCmd) for RCC_APB2PeriphClockCmd
    usart.o(i.uart_init) refers to stm32f10x_gpio.o(i.GPIO_PinRemapConfig) for GPIO_PinRemapConfig
    usart.o(i.uart_init) refers to stm32f10x_gpio.o(i.GPIO_Init) for GPIO_Init
    usart.o(i.uart_init) refers to misc.o(i.NVIC_Init) for NVIC_Init
    usart.o(i.uart_init) refers to stm32f10x_usart.o(i.USART_Init) for USART_Init
    usart.o(i.uart_init) refers to stm32f10x_usart.o(i.USART_ITConfig) for USART_ITConfig
    usart.o(i.uart_init) refers to stm32f10x_usart.o(i.USART_Cmd) for USART_Cmd
    usart.o(.bss) refers (Special) to use_no_semi_2.o(.text) for __use_no_semihosting
    usart.o(.data) refers (Special) to use_no_semi_2.o(.text) for __use_no_semihosting
    stm32f10x_gpio.o(i.GPIO_AFIODeInit) refers to stm32f10x_rcc.o(i.RCC_APB2PeriphResetCmd) for RCC_APB2PeriphResetCmd
    stm32f10x_gpio.o(i.GPIO_DeInit) refers to stm32f10x_rcc.o(i.RCC_APB2PeriphResetCmd) for RCC_APB2PeriphResetCmd
    stm32f10x_rcc.o(i.RCC_GetClocksFreq) refers to stm32f10x_rcc.o(.data) for APBAHBPrescTable
    stm32f10x_rcc.o(i.RCC_WaitForHSEStartUp) refers to stm32f10x_rcc.o(i.RCC_GetFlagStatus) for RCC_GetFlagStatus
    stm32f10x_spi.o(i.I2S_Init) refers to stm32f10x_rcc.o(i.RCC_GetClocksFreq) for RCC_GetClocksFreq
    stm32f10x_spi.o(i.SPI_I2S_DeInit) refers to stm32f10x_rcc.o(i.RCC_APB2PeriphResetCmd) for RCC_APB2PeriphResetCmd
    stm32f10x_spi.o(i.SPI_I2S_DeInit) refers to stm32f10x_rcc.o(i.RCC_APB1PeriphResetCmd) for RCC_APB1PeriphResetCmd
    stm32f10x_tim.o(i.TIM_DeInit) refers to stm32f10x_rcc.o(i.RCC_APB2PeriphResetCmd) for RCC_APB2PeriphResetCmd
    stm32f10x_tim.o(i.TIM_DeInit) refers to stm32f10x_rcc.o(i.RCC_APB1PeriphResetCmd) for RCC_APB1PeriphResetCmd
    stm32f10x_tim.o(i.TIM_ETRClockMode1Config) refers to stm32f10x_tim.o(i.TIM_ETRConfig) for TIM_ETRConfig
[...]
    TIM1_TRG_COM_IRQHandler                  0x08000247   Thumb Code     0  startup_stm32f10x_hd.o(.text)
    TIM2_IRQHandler                          0x08000247   Thumb Code     0  startup_stm32f10x_hd.o(.text)
    TIM5_IRQHandler                          0x08000247   Thumb Code     0  startup_stm32f10x_hd.o(.text)
    TIM6_IRQHandler                          0x08000247   Thumb Code     0  startup_stm32f10x_hd.o(.text)
    TIM7_IRQHandler                          0x08000247   Thumb Code     0  startup_stm32f10x_hd.o(.text)
    TIM8_BRK_IRQHandler                      0x08000247   Thumb Code     0  startup_stm32f10x_hd.o(.text)
    TIM8_CC_IRQHandler                       0x08000247   Thumb Code     0  startup_stm32f10x_hd.o(.text)
    TIM8_TRG_COM_IRQHandler                  0x08000247   Thumb Code     0  startup_stm32f10x_hd.o(.text)
    TIM8_UP_IRQHandler                       0x08000247   Thumb Code     0  startup_stm32f10x_hd.o(.text)
    UART4_IRQHandler                         0x08000247   Thumb Code     0  startup_stm32f10x_hd.o(.text)
    UART5_IRQHandler                         0x08000247   Thumb Code     0  startup_stm32f10x_hd.o(.text)
    USART2_IRQHandler                        0x08000247   Thumb Code     0  startup_stm32f10x_hd.o(.text)
    USBWakeUp_IRQHandler                     0x08000247   Thumb Code     0  startup_stm32f10x_hd.o(.text)
    USB_HP_CAN1_TX_IRQHandler                0x08000247   Thumb Code     0  startup_stm32f10x_hd.o(.text)
    USB_LP_CAN1_RX0_IRQHandler               0x08000247   Thumb Code     0  startup_stm32f10x_hd.o(.text)
    WWDG_IRQHandler                          0x08000247   Thumb Code     0  startup_stm32f10x_hd.o(.text)
    __user_initial_stackheap                 0x08000249   Thumb Code     0  startup_stm32f10x_hd.o(.text)
    __use_no_semihosting                     0x0800026d   Thumb Code     2  use_no_semi_2.o(.text)
    __aeabi_ldivmod                          0x0800026f   Thumb Code     0  llsdiv.o(.text)
    _ll_sdiv                                 0x0800026f   Thumb Code    72  llsdiv.o(.text)
    __2printf                                0x080002b9   Thumb Code    20  __2printf.o(.text)
    _printf_int_dec                          0x080002d1   Thumb Code   104  _printf_dec.o(.text)
    __printf                                 0x08000349   Thumb Code   388  __printf_flags_ss_wp.o(.text)
    memcmp                                   0x080004d1   Thumb Code    88  memcmp.o(.text)
    __aeabi_memset                           0x08000529   Thumb Code    16  aeabi_memset.o(.text)
    __use_two_region_memory                  0x08000539   Thumb Code     2  heapauxi.o(.text)
    __rt_heap_escrow$2region                 0x0800053b   Thumb Code     2  heapauxi.o(.text)
    __rt_heap_expand$2region                 0x0800053d   Thumb Code     2  heapauxi.o(.text)
    __I$use$semihosting                      0x0800053f   Thumb Code     0  use_no_semi.o(.text)
    __use_no_semihosting_swi                 0x0800053f   Thumb Code     2  use_no_semi.o(.text)
    __aeabi_uldivmod                         0x08000541   Thumb Code     0  lludivv7m.o(.text)
    _ll_udiv                                 0x08000541   Thumb Code   238  lludivv7m.o(.text)
    __read_errno                             0x0800062f   Thumb Code    10  _rserrno.o(.text)
    __set_errno                              0x08000639   Thumb Code    12  _rserrno.o(.text)
    _printf_int_common                       0x08000645   Thumb Code   178  _printf_intcommon.o(.text)
    __lib_sel_fp_printf                      0x080006f7   Thumb Code     2  _printf_fp_dec.o(.text)
    _printf_fp_dec_real                      0x080008a5   Thumb Code   620  _printf_fp_dec.o(.text)
    _printf_char_common                      0x08000b1b   Thumb Code    32  _printf_char_common.o(.text)
    _printf_char_file                        0x08000b41   Thumb Code    32  _printf_char_file.o(.text)
    __aeabi_memclr                           0x08000b65   Thumb Code     0  rt_memclr.o(.text)
    __rt_memclr                              0x08000b65   Thumb Code    68  rt_memclr.o(.text)
    _memset                                  0x08000b69   Thumb Code     0  rt_memclr.o(.text)
    __rt_locale                              0x08000ba9   Thumb Code     8  rt_locale_intlibspace.o(.text)
    __aeabi_errno_addr                       0x08000bb1   Thumb Code     8  rt_errno_addr_intlibspace.o(.text)
    __errno$intlibspace                      0x08000bb1   Thumb Code     0  rt_errno_addr_intlibspace.o(.text)
    __rt_errno_addr$intlibspace              0x08000bb1   Thumb Code     0  rt_errno_addr_intlibspace.o(.text)
    _ll_udiv10                               0x08000bb9   Thumb Code   138  lludiv10.o(.text)
    _printf_fp_infnan                        0x08000c45   Thumb Code   112  _printf_fp_infnan.o(.text)
    _btod_etento                             0x08000cc5   Thumb Code   216  bigflt0.o(.text)
    ferror                                   0x08000da1   Thumb Code     8  ferror.o(.text)
    __aeabi_memclr4                          0x08000da9   Thumb Code     0  rt_memclr_w.o(.text)
    __aeabi_memclr8                          0x08000da9   Thumb Code     0  rt_memclr_w.o(.text)
    __rt_memclr_w                            0x08000da9   Thumb Code    78  rt_memclr_w.o(.text)
    _memset_w                                0x08000dad   Thumb Code     0  rt_memclr_w.o(.text)
    __user_libspace                          0x08000df9   Thumb Code     8  libspace.o(.text)
    __user_perproc_libspace                  0x08000df9   Thumb Code     0  libspace.o(.text)
    __user_perthread_libspace                0x08000df9   Thumb Code     0  libspace.o(.text)
    __user_setup_stackheap                   0x08000e01   Thumb Code    74  sys_stackheap_outer.o(.text)
    exit                                     0x08000e4b   Thumb Code    18  exit.o(.text)
    strcmp                                   0x08000e5d   Thumb Code   128  strcmpv7m.o(.text)
    _btod_d2e                                0x08000edd   Thumb Code    62  btod.o(CL$$btod_d2e)
    _d2e_denorm_low                          0x08000f1b   Thumb Code    70  btod.o(CL$$btod_d2e_denorm_low)
    _d2e_norm_op1                            0x08000f61   Thumb Code    96  btod.o(CL$$btod_d2e_norm_op1)
    __btod_div_common                        0x08000fc1   Thumb Code   696  btod.o(CL$$btod_div_common)
    _e2e                                     0x080012f9   Thumb Code   198  btod.o(CL$$btod_e2e)
    _btod_ediv                               0x080013bf   Thumb Code    40  btod.o(CL$$btod_ediv)
    _btod_emul                               0x080013e7   Thumb Code    40  btod.o(CL$$btod_emul)
    __btod_mult_common                       0x0800140f   Thumb Code   580  btod.o(CL$$btod_mult_common)
    ACC_fliter                               0x08001655   Thumb Code   390  alg.o(i.ACC_fliter)
    AGLupdate                                0x080017fd   Thumb Code  2484  alg.o(i.AGLupdate)
    ALG_Date_Init                            0x080021c5   Thumb Code    82  alg.o(i.ALG_Date_Init)
    BMP085Convert                            0x08002225   Thumb Code   252  bmp085.o(i.BMP085Convert)
    BMP085ReadPressure                       0x08002355   Thumb Code    56  bmp085.o(i.BMP085ReadPressure)
    BMP085ReadTemp                           0x0800238d   Thumb Code    48  bmp085.o(i.BMP085ReadTemp)
    BusFault_Handler                         0x080023bd   Thumb Code     4  stm32f10x_it.o(i.BusFault_Handler)
    Control_gesture                          0x080023c1   Thumb Code  1800  control.o(i.Control_gesture)
    Date_Offset                              0x08002b0d   Thumb Code   312  alg.o(i.Date_Offset)
    Date_after_offset                        0x08002c85   Thumb Code   192  alg.o(i.Date_after_offset)
    DebugMon_Handler                         0x08002d69   Thumb Code     2  stm32f10x_it.o(i.DebugMon_Handler)
    EXTI14_Init                              0x08002d6b   Thumb Code    70  exit.o(i.EXTI14_Init)
    EXTI15_10_IRQHandler                     0x08002db1   Thumb Code    48  exit.o(i.EXTI15_10_IRQHandler)
    EXTI_ClearITPendingBit                   0x08002ded   Thumb Code     6  stm32f10x_exti.o(i.EXTI_ClearITPendingBit)
    EXTI_GetITStatus                         0x08002df9   Thumb Code    34  stm32f10x_exti.o(i.EXTI_GetITStatus)
    EXTI_Init                                0x08002e21   Thumb Code   142  stm32f10x_exti.o(i.EXTI_Init)
    GEO_fliter                               0x08002eb5   Thumb Code   638  alg.o(i.GEO_fliter)
    GET_MPU_date                             0x0800314d   Thumb Code   144  alg.o(i.GET_MPU_date)
    GET_final_angle                          0x080031f9   Thumb Code   234  alg.o(i.GET_final_angle)
    GET_pwm_out_value                        0x080032fd   Thumb Code   188  control.o(i.GET_pwm_out_value)
    GPIO_EXTILineConfig                      0x080033f5   Thumb Code    60  stm32f10x_gpio.o(i.GPIO_EXTILineConfig)
    GPIO_Init                                0x08003435   Thumb Code   278  stm32f10x_gpio.o(i.GPIO_Init)
    GPIO_PinRemapConfig                      0x0800354d   Thumb Code   138  stm32f10x_gpio.o(i.GPIO_PinRemapConfig)
    GPIO_ResetBits                           0x080035dd   Thumb Code     4  stm32f10x_gpio.o(i.GPIO_ResetBits)
    GPIO_SetBits                             0x080035e1   Thumb Code     4  stm32f10x_gpio.o(i.GPIO_SetBits)
    Get_bluetoothdate                        0x080035e5   Thumb Code  1812  telecontrol.o(i.Get_bluetoothdate)
    Get_capture_1                            0x08003d79   Thumb Code    26  telecontrol.o(i.Get_capture_1)
    Get_capture_2                            0x08003d9d   Thumb Code    38  telecontrol.o(i.Get_capture_2)
    Get_capture_3                            0x08003ddd   Thumb Code    38  telecontrol.o(i.Get_capture_3)
    HardFault_Handler                        0x08003e1d   Thumb Code     4  stm32f10x_it.o(i.HardFault_Handler)
    IICC_Ack                                 0x08003e21   Thumb Code    62  iicc.o(i.IICC_Ack)
    IICC_Delay                               0x08003e6d   Thumb Code    10  iicc.o(i.IICC_Delay)
    IICC_Init                                0x08003e79   Thumb Code    50  iicc.o(i.IICC_Init)
    IICC_NAck                                0x08003eb1   Thumb Code    62  iicc.o(i.IICC_NAck)
    IICC_Read_Byte                           0x08003efd   Thumb Code    94  iicc.o(i.IICC_Read_Byte)
    IICC_Send_Byte                           0x08003f69   Thumb Code    80  iicc.o(i.IICC_Send_Byte)
    IICC_Start                               0x08003fc5   Thumb Code    60  iicc.o(i.IICC_Start)
    IICC_Stop                                0x0800400d   Thumb Code    58  iicc.o(i.IICC_Stop)
    IICC_Wait_Ack                            0x08004055   Thumb Code    86  iicc.o(i.IICC_Wait_Ack)
    Init_BMP085                              0x080040b9   Thumb Code   114  bmp085.o(i.Init_BMP085)
    Init_HMC5883                             0x08004159   Thumb Code    28  hmc5883.o(i.Init_HMC5883)
    LED_Init                                 0x08004175   Thumb Code    76  led.o(i.LED_Init)
    MPU_Get_Accelerometer                    0x080041c9   Thumb Code    80  mpu6050.o(i.MPU_Get_Accelerometer)
    MPU_Get_Gyroscope                        0x08004219   Thumb Code    80  mpu6050.o(i.MPU_Get_Gyroscope)
    MPU_IIC_Ack                              0x08004269   Thumb Code    62  iic.o(i.MPU_IIC_Ack)
    MPU_IIC_Delay                            0x080042b5   Thumb Code    10  iic.o(i.MPU_IIC_Delay)
    MPU_IIC_Init                             0x080042c1   Thumb Code    46  iic.o(i.MPU_IIC_Init)
    MPU_IIC_NAck                             0x080042f5   Thumb Code    62  iic.o(i.MPU_IIC_NAck)
    MPU_IIC_Read_Byte                        0x08004341   Thumb Code    94  iic.o(i.MPU_IIC_Read_Byte)
    MPU_IIC_Send_Byte                        0x080043ad   Thumb Code    80  iic.o(i.MPU_IIC_Send_Byte)
    MPU_IIC_Start                            0x08004409   Thumb Code    60  iic.o(i.MPU_IIC_Start)
    MPU_IIC_Stop                             0x08004451   Thumb Code    58  iic.o(i.MPU_IIC_Stop)
    MPU_IIC_Wait_Ack                         0x08004499   Thumb Code    86  iic.o(i.MPU_IIC_Wait_Ack)
    MPU_Init                                 0x080044fd   Thumb Code   122  mpu6050.o(i.MPU_Init)
    MPU_Read_Byte                            0x08004577   Thumb Code    58  mpu6050.o(i.MPU_Read_Byte)
    MPU_Read_Len                             0x080045b1   Thumb Code   116  mpu6050.o(i.MPU_Read_Len)
    MPU_Set_Accel_Fsr                        0x08004625   Thumb Code    16  mpu6050.o(i.MPU_Set_Accel_Fsr)
    MPU_Set_Gyro_Fsr                         0x08004635   Thumb Code    16  mpu6050.o(i.MPU_Set_Gyro_Fsr)
    MPU_Set_LPF                              0x08004645   Thumb Code    58  mpu6050.o(i.MPU_Set_LPF)
    MPU_Set_Rate                             0x0800467f   Thumb Code    58  mpu6050.o(i.MPU_Set_Rate)
    MPU_Write_Byte                           0x080046b9   Thumb Code    68  mpu6050.o(i.MPU_Write_Byte)
    MPU_Write_Len                            0x080046fd   Thumb Code    96  mpu6050.o(i.MPU_Write_Len)
    MemManage_Handler                        0x0800475d   Thumb Code     4  stm32f10x_it.o(i.MemManage_Handler)
    Motor_PWM_Update                         0x08004761   Thumb Code    98  pwm_out.o(i.Motor_PWM_Update)
    Multiple_read_BMP085                     0x080047c3   Thumb Code    82  bmp085.o(i.Multiple_read_BMP085)
    Multiple_read_HMC5883                    0x08004815   Thumb Code    82  hmc5883.o(i.Multiple_read_HMC5883)
    NMI_Handler                              0x08004867   Thumb Code     2  stm32f10x_it.o(i.NMI_Handler)
    NVIC_Init                                0x08004869   Thumb Code   100  misc.o(i.NVIC_Init)
    NVIC_PriorityGroupConfig                 0x080048d9   Thumb Code    10  misc.o(i.NVIC_PriorityGroupConfig)
    OFFSET_function                          0x080048ed   Thumb Code    44  alg.o(i.OFFSET_function)
    OV7670_Brightness                        0x08004921   Thumb Code    14  ov7670.o(i.OV7670_Brightness)
    OV7670_Color_Saturation                  0x0800492f   Thumb Code    66  ov7670.o(i.OV7670_Color_Saturation)
    OV7670_Contrast                          0x08004971   Thumb Code    14  ov7670.o(i.OV7670_Contrast)
    OV7670_Init                              0x08004981   Thumb Code   236  ov7670.o(i.OV7670_Init)
    OV7670_Light_Mode                        0x08004a7d   Thumb Code    34  ov7670.o(i.OV7670_Light_Mode)
    OV7670_Special_Effects                   0x08004a9f   Thumb Code    34  ov7670.o(i.OV7670_Special_Effects)
    OV7670_Window_Set                        0x08004ac1   Thumb Code   138  ov7670.o(i.OV7670_Window_Set)
    PID_Init_IN_D                            0x08004b4d   Thumb Code    14  control.o(i.PID_Init_IN_D)
    PID_Init_IN_I                            0x08004b69   Thumb Code    14  control.o(i.PID_Init_IN_I)
    PID_Init_IN_P                            0x08004b85   Thumb Code    14  control.o(i.PID_Init_IN_P)
    PID_Init_OUT_D                           0x08004ba1   Thumb Code    14  control.o(i.PID_Init_OUT_D)
    PID_Init_OUT_I                           0x08004bbd   Thumb Code    14  control.o(i.PID_Init_OUT_I)
    PID_Init_OUT_P                           0x08004bd9   Thumb Code    14  control.o(i.PID_Init_OUT_P)
    PWM_GPIO_Init                            0x08004bf5   Thumb Code    38  pwm_out.o(i.PWM_GPIO_Init)
    PWM_Out_Init                             0x08004c21   Thumb Code   250  pwm_out.o(i.PWM_Out_Init)
    PendSV_Handler                           0x08004d1b   Thumb Code     2  stm32f10x_it.o(i.PendSV_Handler)
    Prepare_Data                             0x08004d1d   Thumb Code    34  alg.o(i.Prepare_Data)
    RCC_APB1PeriphClockCmd                   0x08004d45   Thumb Code    26  stm32f10x_rcc.o(i.RCC_APB1PeriphClockCmd)
    RCC_APB1PeriphResetCmd                   0x08004d65   Thumb Code    26  stm32f10x_rcc.o(i.RCC_APB1PeriphResetCmd)
    RCC_APB2PeriphClockCmd                   0x08004d85   Thumb Code    26  stm32f10x_rcc.o(i.RCC_APB2PeriphClockCmd)
    RCC_APB2PeriphResetCmd                   0x08004da5   Thumb Code    26  stm32f10x_rcc.o(i.RCC_APB2PeriphResetCmd)
    RCC_GetClocksFreq                        0x08004dc5   Thumb Code   192  stm32f10x_rcc.o(i.RCC_GetClocksFreq)
    SCCB_Init                                0x08004e99   Thumb Code   104  sccb.o(i.SCCB_Init)
    SCCB_No_Ack                              0x08004f09   Thumb Code    56  sccb.o(i.SCCB_No_Ack)
    SCCB_RD_Byte                             0x08004f49   Thumb Code   104  sccb.o(i.SCCB_RD_Byte)
    SCCB_RD_Reg                              0x08004fbd   Thumb Code    78  sccb.o(i.SCCB_RD_Reg)
    SCCB_Start                               0x0800500d   Thumb Code    42  sccb.o(i.SCCB_Start)
    SCCB_Stop                                0x08005041   Thumb Code    42  sccb.o(i.SCCB_Stop)
    SCCB_WR_Byte                             0x08005075   Thumb Code   158  sccb.o(i.SCCB_WR_Byte)
    SCCB_WR_Reg                              0x08005121   Thumb Code    62  sccb.o(i.SCCB_WR_Reg)
    SVC_Handler                              0x0800515f   Thumb Code     2  stm32f10x_it.o(i.SVC_Handler)
    SysTick_CLKSourceConfig                  0x08005249   Thumb Code    40  misc.o(i.SysTick_CLKSourceConfig)
    SysTick_Handler                          0x08005271   Thumb Code     2  stm32f10x_it.o(i.SysTick_Handler)
    SystemInit                               0x08005275   Thumb Code    78  system_stm32f10x.o(i.SystemInit)
    TIM1_Int_Init                            0x08005515   Thumb Code    86  time.o(i.TIM1_Int_Init)
    TIM1_UP_IRQHandler                       0x08005571   Thumb Code    56  time.o(i.TIM1_UP_IRQHandler)
    TIM3_Cap_Init                            0x080055b5   Thumb Code   258  capture.o(i.TIM3_Cap_Init)
    TIM3_IRQHandler                          0x080056c9   Thumb Code   312  capture.o(i.TIM3_IRQHandler)
    TIM4_IRQHandler                          0x0800581d   Thumb Code    42  time.o(i.TIM4_IRQHandler)
    TIM4_Int_Init                            0x08005851   Thumb Code    88  time.o(i.TIM4_Int_Init)
    TIM_ARRPreloadConfig                     0x080058ad   Thumb Code    24  stm32f10x_tim.o(i.TIM_ARRPreloadConfig)
    TIM_ClearITPendingBit                    0x080058c5   Thumb Code     6  stm32f10x_tim.o(i.TIM_ClearITPendingBit)
    TIM_Cmd                                  0x080058cb   Thumb Code    24  stm32f10x_tim.o(i.TIM_Cmd)
    TIM_GetCapture1                          0x080058e3   Thumb Code     6  stm32f10x_tim.o(i.TIM_GetCapture1)
    TIM_GetCapture2                          0x080058e9   Thumb Code     6  stm32f10x_tim.o(i.TIM_GetCapture2)
    TIM_GetCapture3                          0x080058ef   Thumb Code     6  stm32f10x_tim.o(i.TIM_GetCapture3)
    TIM_GetITStatus                          0x080058f5   Thumb Code    34  stm32f10x_tim.o(i.TIM_GetITStatus)
    TIM_ICInit                               0x08005919   Thumb Code   150  stm32f10x_tim.o(i.TIM_ICInit)
    TIM_ITConfig                             0x080059c5   Thumb Code    18  stm32f10x_tim.o(i.TIM_ITConfig)
    TIM_OC1Init                              0x080059d9   Thumb Code   132  stm32f10x_tim.o(i.TIM_OC1Init)
    TIM_OC1PolarityConfig                    0x08005a71   Thumb Code    18  stm32f10x_tim.o(i.TIM_OC1PolarityConfig)
    TIM_OC1PreloadConfig                     0x08005a83   Thumb Code    18  stm32f10x_tim.o(i.TIM_OC1PreloadConfig)
    TIM_OC2Init                              0x08005a95   Thumb Code   154  stm32f10x_tim.o(i.TIM_OC2Init)
    TIM_OC2PolarityConfig                    0x08005b39   Thumb Code    26  stm32f10x_tim.o(i.TIM_OC2PolarityConfig)
    TIM_OC2PreloadConfig                     0x08005b53   Thumb Code    26  stm32f10x_tim.o(i.TIM_OC2PreloadConfig)
    TIM_OC3Init                              0x08005b6d   Thumb Code   150  stm32f10x_tim.o(i.TIM_OC3Init)
    TIM_OC3PolarityConfig                    0x08005c0d   Thumb Code    26  stm32f10x_tim.o(i.TIM_OC3PolarityConfig)
    TIM_OC3PreloadConfig                     0x08005c27   Thumb Code    18  stm32f10x_tim.o(i.TIM_OC3PreloadConfig)
    TIM_OC4Init                              0x08005c39   Thumb Code   114  stm32f10x_tim.o(i.TIM_OC4Init)
    TIM_OC4PreloadConfig                     0x08005cb5   Thumb Code    26  stm32f10x_tim.o(i.TIM_OC4PreloadConfig)
    TIM_SetCounter                           0x08005ccf   Thumb Code     4  stm32f10x_tim.o(i.TIM_SetCounter)
    TIM_SetIC1Prescaler                      0x08005cd3   Thumb Code    18  stm32f10x_tim.o(i.TIM_SetIC1Prescaler)
    TIM_SetIC2Prescaler                      0x08005ce5   Thumb Code    26  stm32f10x_tim.o(i.TIM_SetIC2Prescaler)
    TIM_SetIC3Prescaler                      0x08005cff   Thumb Code    18  stm32f10x_tim.o(i.TIM_SetIC3Prescaler)
    TIM_SetIC4Prescaler                      0x08005d11   Thumb Code    26  stm32f10x_tim.o(i.TIM_SetIC4Prescaler)
    TIM_TimeBaseInit                         0x08005d2d   Thumb Code   122  stm32f10x_tim.o(i.TIM_TimeBaseInit)
    USART1_IRQHandler                        0x08005dd1   Thumb Code   122  usart.o(i.USART1_IRQHandler)
    USART3_IRQHandler                        0x08005e59   Thumb Code    94  usart3.o(i.USART3_IRQHandler)
    USART_Cmd                                0x08005ec9   Thumb Code    24  stm32f10x_usart.o(i.USART_Cmd)
    USART_DeInit                             0x08005ee1   Thumb Code   134  stm32f10x_usart.o(i.USART_DeInit)
    USART_GetITStatus                        0x08005f7d   Thumb Code    84  stm32f10x_usart.o(i.USART_GetITStatus)
    USART_ITConfig                           0x08005fd1   Thumb Code    74  stm32f10x_usart.o(i.USART_ITConfig)
    USART_Init                               0x0800601d   Thumb Code   210  stm32f10x_usart.o(i.USART_Init)
    USART_ReceiveData                        0x080060f5   Thumb Code    10  stm32f10x_usart.o(i.USART_ReceiveData)
    UsageFault_Handler                       0x080060ff   Thumb Code     4  stm32f10x_it.o(i.UsageFault_Handler)
    Write_HMC5883                            0x08006103   Thumb Code    46  hmc5883.o(i.Write_HMC5883)
    __ARM_fpclassify                         0x08006131   Thumb Code    40  fpclassify.o(i.__ARM_fpclassify)
    __kernel_poly                            0x08006159   Thumb Code   170  poly.o(i.__kernel_poly)
    __mathlib_dbl_infnan                     0x08006203   Thumb Code     6  dunder.o(i.__mathlib_dbl_infnan)
    __mathlib_dbl_infnan2                    0x08006209   Thumb Code     4  dunder.o(i.__mathlib_dbl_infnan2)
    __mathlib_dbl_invalid                    0x0800620d   Thumb Code    12  dunder.o(i.__mathlib_dbl_invalid)
    __mathlib_dbl_underflow                  0x08006219   Thumb Code    10  dunder.o(i.__mathlib_dbl_underflow)
    _is_digit                                0x08006229   Thumb Code    14  __printf_wp.o(i._is_digit)
    _sys_exit                                0x08006237   Thumb Code     6  usart.o(i._sys_exit)
    asin                                     0x080062e5   Thumb Code   572  asin.o(i.asin)
    atan                                     0x08006555   Thumb Code   474  atan.o(i.atan)
    atan2                                    0x08006775   Thumb Code   346  atan2.o(i.atan2)
    bluetoothdate_process                    0x080068f5   Thumb Code     8  telecontrol.o(i.bluetoothdate_process)
    camera_refresh                           0x080068fd   Thumb Code   296  ov7670.o(i.camera_refresh)
    control_forward_back                     0x08006a3d   Thumb Code     8  telecontrol.o(i.control_forward_back)
    control_left_right                       0x08006a45   Thumb Code     8  telecontrol.o(i.control_left_right)
    control_up_down                          0x08006a4d   Thumb Code    66  telecontrol.o(i.control_up_down)
    data_process                             0x08006a99   Thumb Code   330  ov7670.o(i.data_process)
    delay_init                               0x08006c51   Thumb Code    50  delay.o(i.delay_init)
    delay_ms                                 0x08006c95   Thumb Code    72  delay.o(i.delay_ms)
    delay_us                                 0x08006ce1   Thumb Code    72  delay.o(i.delay_us)
    dmp_enable_6x_lp_quat                    0x08006d2d   Thumb Code    60  inv_mpu_dmp_motion_driver.o(i.dmp_enable_6x_lp_quat)
    dmp_enable_feature                       0x08006d69   Thumb Code   530  inv_mpu_dmp_motion_driver.o(i.dmp_enable_feature)
    dmp_enable_gyro_cal                      0x08006f85   Thumb Code    62  inv_mpu_dmp_motion_driver.o(i.dmp_enable_gyro_cal)
    dmp_enable_lp_quat                       0x08006fdd   Thumb Code    60  inv_mpu_dmp_motion_driver.o(i.dmp_enable_lp_quat)
    dmp_load_motion_driver_firmware          0x08007019   Thumb Code    20  inv_mpu_dmp_motion_driver.o(i.dmp_load_motion_driver_firmware)
    dmp_read_fifo                            0x08007031   Thumb Code   456  inv_mpu_dmp_motion_driver.o(i.dmp_read_fifo)
    dmp_set_accel_bias                       0x080071fd   Thumb Code   300  inv_mpu_dmp_motion_driver.o(i.dmp_set_accel_bias)
    dmp_set_fifo_rate                        0x0800732d   Thumb Code    96  inv_mpu_dmp_motion_driver.o(i.dmp_set_fifo_rate)
    dmp_set_gyro_bias                        0x0800739d   Thumb Code   294  inv_mpu_dmp_motion_driver.o(i.dmp_set_gyro_bias)
    dmp_set_orientation                      0x080074cd   Thumb Code   290  inv_mpu_dmp_motion_driver.o(i.dmp_set_orientation)
    dmp_set_shake_reject_thresh              0x08007605   Thumb Code    56  inv_mpu_dmp_motion_driver.o(i.dmp_set_shake_reject_thresh)
    dmp_set_shake_reject_time                0x0800763d   Thumb Code    38  inv_mpu_dmp_motion_driver.o(i.dmp_set_shake_reject_time)
    dmp_set_shake_reject_timeout             0x08007663   Thumb Code    38  inv_mpu_dmp_motion_driver.o(i.dmp_set_shake_reject_timeout)
    dmp_set_tap_axes                         0x08007689   Thumb Code    70  inv_mpu_dmp_motion_driver.o(i.dmp_set_tap_axes)
    dmp_set_tap_count                        0x080076cf   Thumb Code    38  inv_mpu_dmp_motion_driver.o(i.dmp_set_tap_count)
    dmp_set_tap_thresh                       0x080076f5   Thumb Code   396  inv_mpu_dmp_motion_driver.o(i.dmp_set_tap_thresh)
    dmp_set_tap_time                         0x08007895   Thumb Code    38  inv_mpu_dmp_motion_driver.o(i.dmp_set_tap_time)
    dmp_set_tap_time_multi                   0x080078bb   Thumb Code    38  inv_mpu_dmp_motion_driver.o(i.dmp_set_tap_time_multi)
    fputc                                    0x080078e1   Thumb Code    24  usart.o(i.fputc)
    inv_orientation_matrix_to_scalar         0x08007f31   Thumb Code    40  inv_mpu.o(i.inv_orientation_matrix_to_scalar)
    inv_row_2_scale                          0x08007f59   Thumb Code    78  inv_mpu.o(i.inv_row_2_scale)
    main                                     0x08007fa9   Thumb Code   128  main.o(i.main)
    mget_ms                                  0x0800802d   Thumb Code     2  inv_mpu.o(i.mget_ms)
    mpu_configure_fifo                       0x08008031   Thumb Code   106  inv_mpu.o(i.mpu_configure_fifo)
    mpu_dmp_get_data                         0x080080a1   Thumb Code   168  inv_mpu.o(i.mpu_dmp_get_data)
    mpu_dmp_init                             0x08008149   Thumb Code   154  inv_mpu.o(i.mpu_dmp_init)
    mpu_get_accel_fsr                        0x080081e9   Thumb Code    72  inv_mpu.o(i.mpu_get_accel_fsr)
    mpu_get_accel_sens                       0x08008235   Thumb Code    78  inv_mpu.o(i.mpu_get_accel_sens)
    mpu_get_fifo_config                      0x08008289   Thumb Code    12  inv_mpu.o(i.mpu_get_fifo_config)
    mpu_get_gyro_fsr                         0x08008299   Thumb Code    64  inv_mpu.o(i.mpu_get_gyro_fsr)
    mpu_get_gyro_sens                        0x080082dd   Thumb Code    58  inv_mpu.o(i.mpu_get_gyro_sens)
    mpu_get_lpf                              0x0800832d   Thumb Code    74  inv_mpu.o(i.mpu_get_lpf)
    mpu_get_sample_rate                      0x0800837d   Thumb Code    26  inv_mpu.o(i.mpu_get_sample_rate)
    mpu_init                                 0x0800839d   Thumb Code   416  inv_mpu.o(i.mpu_init)
    mpu_load_firmware                        0x0800858d   Thumb Code   180  inv_mpu.o(i.mpu_load_firmware)
    mpu_lp_accel_mode                        0x08008645   Thumb Code   218  inv_mpu.o(i.mpu_lp_accel_mode)
    mpu_read_fifo_stream                     0x08008725   Thumb Code   186  inv_mpu.o(i.mpu_read_fifo_stream)
    mpu_read_mem                             0x080087e5   Thumb Code   122  inv_mpu.o(i.mpu_read_mem)
    mpu_reset_fifo                           0x08008865   Thumb Code   450  inv_mpu.o(i.mpu_reset_fifo)
    mpu_run_self_test                        0x08008a2d   Thumb Code   278  inv_mpu.o(i.mpu_run_self_test)
    mpu_set_accel_fsr                        0x08008b49   Thumb Code   126  inv_mpu.o(i.mpu_set_accel_fsr)
    mpu_set_bypass                           0x08008bcd   Thumb Code   328  inv_mpu.o(i.mpu_set_bypass)
    mpu_set_dmp_state                        0x08008d19   Thumb Code   138  inv_mpu.o(i.mpu_set_dmp_state)
    mpu_set_gyro_fsr                         0x08008da9   Thumb Code   132  inv_mpu.o(i.mpu_set_gyro_fsr)
    mpu_set_int_latched                      0x08008e31   Thumb Code   102  inv_mpu.o(i.mpu_set_int_latched)
    mpu_set_lpf                              0x08008e9d   Thumb Code   126  inv_mpu.o(i.mpu_set_lpf)
    mpu_set_sample_rate                      0x08008f21   Thumb Code   152  inv_mpu.o(i.mpu_set_sample_rate)
    mpu_set_sensors                          0x08008fbd   Thumb Code   202  inv_mpu.o(i.mpu_set_sensors)
    mpu_write_mem                            0x0800908d   Thumb Code   122  inv_mpu.o(i.mpu_write_mem)
    run_self_test                            0x0800910d   Thumb Code   148  inv_mpu.o(i.run_self_test)
    sqrt                                     0x08009231   Thumb Code    76  sqrt.o(i.sqrt)
    test_ref                                 0x0800927d   Thumb Code    38  bmp085.o(i.test_ref)
    uart_init                                0x080092ad   Thumb Code   156  usart.o(i.uart_init)
    usart3_init                              0x08009351   Thumb Code   190  usart3.o(i.usart3_init)
    _get_lc_numeric                          0x08009421   Thumb Code    44  lc_numeric_c.o(locale$$code)
    __aeabi_d2f                              0x0800944d   Thumb Code     0  d2f.o(x$fpl$d2f)
    _d2f                                     0x0800944d   Thumb Code    98  d2f.o(x$fpl$d2f)
    __aeabi_dadd                             0x080094b1   Thumb Code     0  daddsub_clz.o(x$fpl$dadd)
    _dadd                                    0x080094b1   Thumb Code   332  daddsub_clz.o(x$fpl$dadd)
    __fpl_dcheck_NaN1                        0x08009601   Thumb Code    10  dcheck1.o(x$fpl$dcheck1)
    __fpl_dcmp_Inf                           0x08009611   Thumb Code    24  dcmpi.o(x$fpl$dcmpinf)
    __aeabi_ddiv                             0x08009629   Thumb Code     0  ddiv.o(x$fpl$ddiv)
    _ddiv                                    0x08009629   Thumb Code   552  ddiv.o(x$fpl$ddiv)
    __aeabi_i2d                              0x080098d9   Thumb Code     0  dflt_clz.o(x$fpl$dflt)
    _dflt                                    0x080098d9   Thumb Code    46  dflt_clz.o(x$fpl$dflt)
    __aeabi_cdcmple                          0x08009909   Thumb Code     0  dleqf.o(x$fpl$dleqf)
    _dcmple                                  0x08009909   Thumb Code   120  dleqf.o(x$fpl$dleqf)
    __fpl_dcmple_InfNaN                      0x0800996b   Thumb Code     0  dleqf.o(x$fpl$dleqf)
    __aeabi_dmul                             0x08009981   Thumb Code     0  dmul.o(x$fpl$dmul)
    _dmul                                    0x08009981   Thumb Code   332  dmul.o(x$fpl$dmul)
    __fpl_dnaninf                            0x08009ad5   Thumb Code   156  dnaninf.o(x$fpl$dnaninf)
    __fpl_dretinf                            0x08009b71   Thumb Code    12  dretinf.o(x$fpl$dretinf)
    __aeabi_cdrcmple                         0x08009b7d   Thumb Code     0  drleqf.o(x$fpl$drleqf)
    _drcmple                                 0x08009b7d   Thumb Code   108  drleqf.o(x$fpl$drleqf)
    __aeabi_drsub                            0x08009be9   Thumb Code     0  daddsub_clz.o(x$fpl$drsb)
    _drsb                                    0x08009be9   Thumb Code    22  daddsub_clz.o(x$fpl$drsb)
    _dsqrt                                   0x08009c01   Thumb Code   456  dsqrt_noumaal.o(x$fpl$dsqrt)
    __aeabi_dsub                             0x08009dcd   Thumb Code     0  daddsub_clz.o(x$fpl$dsub)
    _dsub                                    0x08009dcd   Thumb Code   464  daddsub_clz.o(x$fpl$dsub)
    __aeabi_f2d                              0x08009fa1   Thumb Code     0  f2d.o(x$fpl$f2d)
    _f2d                                     0x08009fa1   Thumb Code    86  f2d.o(x$fpl$f2d)
    __aeabi_fadd                             0x08009ff9   Thumb Code     0  faddsub_clz.o(x$fpl$fadd)
    _fadd                                    0x08009ff9   Thumb Code   196  faddsub_clz.o(x$fpl$fadd)
    __fpl_fcmp_Inf                           0x0800a0bd   Thumb Code    24  fcmpi.o(x$fpl$fcmpinf)
    __aeabi_fdiv                             0x0800a0d5   Thumb Code     0  fdiv.o(x$fpl$fdiv)
    _fdiv                                    0x0800a0d5   Thumb Code   384  fdiv.o(x$fpl$fdiv)
    __aeabi_cfcmpeq                          0x0800a259   Thumb Code     0  feqf.o(x$fpl$feqf)
    _fcmpeq                                  0x0800a259   Thumb Code   104  feqf.o(x$fpl$feqf)
    __aeabi_f2iz                             0x0800a2c1   Thumb Code     0  ffix.o(x$fpl$ffix)
    _ffix                                    0x0800a2c1   Thumb Code    54  ffix.o(x$fpl$ffix)
    __aeabi_f2uiz                            0x0800a2f9   Thumb Code     0  ffixu.o(x$fpl$ffixu)
    _ffixu                                   0x0800a2f9   Thumb Code    62  ffixu.o(x$fpl$ffixu)
    __aeabi_i2f                              0x0800a339   Thumb Code     0  fflt_clz.o(x$fpl$fflt)
    _fflt                                    0x0800a339   Thumb Code    48  fflt_clz.o(x$fpl$fflt)
    __aeabi_ui2f                             0x0800a369   Thumb Code     0  fflt_clz.o(x$fpl$ffltu)
    _ffltu                                   0x0800a369   Thumb Code    38  fflt_clz.o(x$fpl$ffltu)
    __aeabi_cfcmple                          0x0800a391   Thumb Code     0  fleqf.o(x$fpl$fleqf)
    _fcmple                                  0x0800a391   Thumb Code   104  fleqf.o(x$fpl$fleqf)
    __fpl_fcmple_InfNaN                      0x0800a3e3   Thumb Code     0  fleqf.o(x$fpl$fleqf)
    __aeabi_fmul                             0x0800a3f9   Thumb Code     0  fmul.o(x$fpl$fmul)
    _fmul                                    0x0800a3f9   Thumb Code   258  fmul.o(x$fpl$fmul)
    __fpl_fnaninf                            0x0800a4fb   Thumb Code   140  fnaninf.o(x$fpl$fnaninf)
    __fpl_fretinf                            0x0800a587   Thumb Code    10  fretinf.o(x$fpl$fretinf)
    __aeabi_cfrcmple                         0x0800a591   Thumb Code     0  frleqf.o(x$fpl$frleqf)
    _frcmple                                 0x0800a591   Thumb Code    98  frleqf.o(x$fpl$frleqf)
    __aeabi_fsub                             0x0800a5f5   Thumb Code     0  faddsub_clz.o(x$fpl$fsub)
    _fsub                                    0x0800a5f5   Thumb Code   234  faddsub_clz.o(x$fpl$fsub)
    _printf_fp_dec                           0x0800a6df   Thumb Code     4  printf1.o(x$fpl$printf1)
    __fpl_return_NaN                         0x0800a6e3   Thumb Code   100  retnan.o(x$fpl$retnan)
    __ARM_scalbn                             0x0800a747   Thumb Code    92  scalbn.o(x$fpl$scalbn)
    __fpl_cmpreturn                          0x0800a7a3   Thumb Code    48  trapv.o(x$fpl$trapveneer)
    __I$use$fp                               0x0800a7d2   Number         0  usenofp.o(x$fpl$usenofp)
    reg                                      0x0800a7d4   Data          27  inv_mpu.o(.constdata)
    hw                                       0x0800a7f0   Data          12  inv_mpu.o(.constdata)
    test                                     0x0800a7fc   Data          40  inv_mpu.o(.constdata)
    ov7670_init_reg_tbl                      0x0800b41a   Data         336  ov7670.o(.constdata)
    __mathlib_zero                           0x0800b668   Data           8  qnan.o(.constdata)
    Region$$Table$$Base                      0x0800b754   Number         0  anon$$obj.o(Region$$Table)
    Region$$Table$$Limit                     0x0800b774   Number         0  anon$$obj.o(Region$$Table)
    SystemCoreClock                          0x20000000   Data           4  system_stm32f10x.o(.data)
    AHBPrescTable                            0x20000004   Data          16  system_stm32f10x.o(.data)
    __stdout                                 0x20000018   Data           4  usart.o(.data)
    USART_RX_STA                             0x2000001c   Data           2  usart.o(.data)
    q0                                       0x20000034   Data           4  alg.o(.data)
    q1                                       0x20000038   Data           4  alg.o(.data)
    q2                                       0x2000003c   Data           4  alg.o(.data)
    q3                                       0x20000040   Data           4  alg.o(.data)
    A                                        0x20000044   Data           4  alg.o(.data)
    B                                        0x20000048   Data           4  alg.o(.data)
    C                                        0x2000004c   Data           4  alg.o(.data)
    D                                        0x20000050   Data           4  alg.o(.data)
    MPU6050_Acc                              0x20000054   Data           6  alg.o(.data)
    MPU6050_Gyro                             0x2000005a   Data           6  alg.o(.data)
    HMC5883_Geo                              0x20000060   Data           6  alg.o(.data)
    Acc_Offset                               0x20000066   Data           6  alg.o(.data)
    Gyro_Offset                              0x2000006c   Data           6  alg.o(.data)
    Geo_Offset                               0x20000072   Data           6  alg.o(.data)
    Acc_date_after_Offset                    0x20000078   Data           6  alg.o(.data)
    Gyro_date_after_Offset                   0x2000007e   Data           6  alg.o(.data)
    Geo_date_after_Offset                    0x20000084   Data           6  alg.o(.data)
    prepre                                   0x2000008c   Data           4  alg.o(.data)
    Acc_Avg                                  0x20000090   Data           6  alg.o(.data)
    Geo_Avg                                  0x20000096   Data           6  alg.o(.data)
    Preref                                   0x2000009c   Data           4  alg.o(.data)
    offsetflag                               0x200000a0   Data           1  alg.o(.data)
    motor                                    0x200000d4   Data           8  control.o(.data)
    flag                                     0x200000dc   Data           1  control.o(.data)
    OUT_X                                    0x200000de   Data           2  control.o(.data)
    OUT_Y                                    0x200000e0   Data           2  control.o(.data)
    OUT_Z                                    0x200000e2   Data           2  control.o(.data)
    OUT_H                                    0x200000e4   Data           2  control.o(.data)
    angle_z                                  0x200000e8   Data           4  control.o(.data)
    Tar_Height                               0x200000ec   Data           4  control.o(.data)
    left_right_throttle                      0x20000158   Data           2  telecontrol.o(.data)
    forward_back_throttle                    0x2000015a   Data           2  telecontrol.o(.data)
    up_down_throttle                         0x2000015c   Data           2  telecontrol.o(.data)
    ac1                                      0x20000198   Data           2  bmp085.o(.data)
    ac2                                      0x2000019a   Data           2  bmp085.o(.data)
    ac3                                      0x2000019c   Data           2  bmp085.o(.data)
    b1                                       0x2000019e   Data           2  bmp085.o(.data)
    b2                                       0x200001a0   Data           2  bmp085.o(.data)
    mb                                       0x200001a2   Data           2  bmp085.o(.data)
    mc                                       0x200001a4   Data           2  bmp085.o(.data)
    md                                       0x200001a6   Data           2  bmp085.o(.data)
    ac4                                      0x200001a8   Data           2  bmp085.o(.data)
    ac5                                      0x200001aa   Data           2  bmp085.o(.data)
    ac6                                      0x200001ac   Data           2  bmp085.o(.data)
    temperature3                             0x200001b0   Data           4  bmp085.o(.data)
    pressure3                                0x200001b4   Data           4  bmp085.o(.data)
    USART3_RX_STA                            0x200001b8   Data           2  usart3.o(.data)
    TIM3CH1_CAPTURE_STA                      0x200001ba   Data           1  capture.o(.data)
    TIM3CH1_CAPTURE_VAL                      0x200001bc   Data           2  capture.o(.data)
    TIM3CH2_CAPTURE_STA                      0x200001be   Data           1  capture.o(.data)
    TIM3CH2_CAPTURE_VAL                      0x200001c0   Data           2  capture.o(.data)
    TIM3CH3_CAPTURE_STA                      0x200001c2   Data           1  capture.o(.data)
    TIM3CH3_CAPTURE_VAL                      0x200001c4   Data           2  capture.o(.data)
    ov_sta                                   0x200001c6   Data           1  exit.o(.data)
    USART_RX_BUF                             0x200001c8   Data         200  usart.o(.bss)
    magOffset                                0x20000290   Data          12  alg.o(.bss)
    Acc_Buf                                  0x2000029c   Data         120  alg.o(.bss)
    Geo_Buf                                  0x20000314   Data         120  alg.o(.bss)
    Angle                                    0x2000038c   Data          12  alg.o(.bss)
    Gyro_Offset_angle_speed                  0x20000398   Data          12  alg.o(.bss)
    PID_Pitch_Angle                          0x200003a4   Data          28  control.o(.bss)
    PID_Roll_Angle                           0x200003c0   Data          28  control.o(.bss)
    PID_Yaw_Angle                            0x200003dc   Data          28  control.o(.bss)
    PID_Pitch_Rate                           0x200003f8   Data          28  control.o(.bss)
    PID_Roll_Rate                            0x20000414   Data          28  control.o(.bss)
    PID_Yaw_Rate                             0x20000430   Data          28  control.o(.bss)
    PID_Height                               0x2000044c   Data          28  control.o(.bss)
    PID_Acc_z_after_offset                   0x20000468   Data          28  control.o(.bss)
    Tar_Angle                                0x20000484   Data          12  control.o(.bss)
    USART3_RX_BUF                            0x200004a0   Data         600  usart3.o(.bss)
    USART3_TX_BUF                            0x200006f8   Data         600  usart3.o(.bss)
    TIM3_ICInitStructure                     0x20000950   Data          10  capture.o(.bss)
    largebuff                                0x2000095a   Data        9600  ov7670.o(.bss)
    list                                     0x20002eda   Data          80  ov7670.o(.bss)
    __libspace_start                         0x20002f2c   Data          96  libspace.o(.bss)
    __temporary_stack_top$libspace           0x20002f8c   Data           0  libspace.o(.bss)



==============================================================================

Memory Map of the image

  Image Entry point : 0x08000131

  Load Region LR_IROM1 (Base: 0x08000000, Size: 0x0000b958, Max: 0x00010000, ABSOLUTE, COMPRESSED[0x0000b7d4])

    Execution Region ER_IROM1 (Base: 0x08000000, Size: 0x0000b790, Max: 0x00010000, ABSOLUTE)

    Base Addr    Size         Type   Attr      Idx    E Section Name        Object

    0x08000000   0x00000130   Data   RO         3061    RESET               startup_stm32f10x_hd.o
    0x08000130   0x00000008   Code   RO         3137  * !!!main             c_w.l(__main.o)
    0x08000138   0x00000034   Code   RO         3572    !!!scatter          c_w.l(__scatter.o)
    0x0800016c   0x0000005a   Code   RO         3570    !!dczerorl2         c_w.l(__dczerorl2.o)
    0x080001c6   0x00000002   PAD
    0x080001c8   0x0000001c   Code   RO         3574    !!handler_zi        c_w.l(__scatter_zi.o)
    0x080001e4   0x00000000   Code   RO         3128    .ARM.Collect$$_printf_percent$$00000000  c_w.l(_printf_percent.o)
    0x080001e4   0x00000006   Code   RO         3127    .ARM.Collect$$_printf_percent$$00000003  c_w.l(_printf_f.o)
    0x080001ea   0x00000006   Code   RO         3126    .ARM.Collect$$_printf_percent$$00000009  c_w.l(_printf_d.o)
    0x080001f0   0x00000004   Code   RO         3277    .ARM.Collect$$_printf_percent$$00000017  c_w.l(_printf_percent_end.o)
    0x080001f4   0x00000002   Code   RO         3436    .ARM.Collect$$libinit$$00000000  c_w.l(libinit.o)
    0x080001f6   0x00000000   Code   RO         3438    .ARM.Collect$$libinit$$00000002  c_w.l(libinit2.o)
    0x080001f6   0x00000000   Code   RO         3440    .ARM.Collect$$libinit$$00000004  c_w.l(libinit2.o)
    0x080001f6   0x00000000   Code   RO         3443    .ARM.Collect$$libinit$$0000000A  c_w.l(libinit2.o)
    0x080001f6   0x00000000   Code   RO         3445    .ARM.Collect$$libinit$$0000000C  c_w.l(libinit2.o)
    0x080001f6   0x00000000   Code   RO         3447    .ARM.Collect$$libinit$$0000000E  c_w.l(libinit2.o)
    0x080001f6   0x00000006   Code   RO         3448    .ARM.Collect$$libinit$$0000000F  c_w.l(libinit2.o)
    0x080001fc   0x00000000   Code   RO         3450    .ARM.Collect$$libinit$$00000011  c_w.l(libinit2.o)
    0x080001fc   0x00000000   Code   RO         3452    .ARM.Collect$$libinit$$00000013  c_w.l(libinit2.o)
    0x080001fc   0x00000000   Code   RO         3454    .ARM.Collect$$libinit$$00000015  c_w.l(libinit2.o)
    0x080001fc   0x0000000a   Code   RO         3455    .ARM.Collect$$libinit$$00000016  c_w.l(libinit2.o)
    0x08000206   0x00000000   Code   RO         3456    .ARM.Collect$$libinit$$00000017  c_w.l(libinit2.o)
    0x08000206   0x00000000   Code   RO         3458    .ARM.Collect$$libinit$$00000019  c_w.l(libinit2.o)
    0x08000206   0x00000000   Code   RO         3460    .ARM.Collect$$libinit$$0000001B  c_w.l(libinit2.o)
    0x08000206   0x00000000   Code   RO         3462    .ARM.Collect$$libinit$$0000001D  c_w.l(libinit2.o)
    0x08000206   0x00000000   Code   RO         3464    .ARM.Collect$$libinit$$0000001F  c_w.l(libinit2.o)
    0x08000206   0x00000000   Code   RO         3466    .ARM.Collect$$libinit$$00000021  c_w.l(libinit2.o)
    0x08000206   0x00000000   Code   RO         3468    .ARM.Collect$$libinit$$00000023  c_w.l(libinit2.o)
    0x08000206   0x00000000   Code   RO         3470    .ARM.Collect$$libinit$$00000025  c_w.l(libinit2.o)
    0x08000206   0x00000000   Code   RO         3474    .ARM.Collect$$libinit$$0000002C  c_w.l(libinit2.o)
    0x08000206   0x00000000   Code   RO         3476    .ARM.Collect$$libinit$$0000002E  c_w.l(libinit2.o)
    0x08000206   0x00000000   Code   RO         3478    .ARM.Collect$$libinit$$00000030  c_w.l(libinit2.o)
    0x08000206   0x00000000   Code   RO         3480    .ARM.Collect$$libinit$$00000032  c_w.l(libinit2.o)
    0x08000206   0x00000002   Code   RO         3481    .ARM.Collect$$libinit$$00000033  c_w.l(libinit2.o)
    0x08000208   0x00000002   Code   RO         3530    .ARM.Collect$$libshutdown$$00000000  c_w.l(libshutdown.o)
    0x0800020a   0x00000000   Code   RO         3539    .ARM.Collect$$libshutdown$$00000002  c_w.l(libshutdown2.o)
    0x0800020a   0x00000000   Code   RO         3541    .ARM.Collect$$libshutdown$$00000004  c_w.l(libshutdown2.o)
    0x0800020a   0x00000000   Code   RO         3544    .ARM.Collect$$libshutdown$$00000007  c_w.l(libshutdown2.o)
    0x0800020a   0x00000000   Code   RO         3547    .ARM.Collect$$libshutdown$$0000000A  c_w.l(libshutdown2.o)
    0x0800020a   0x00000000   Code   RO         3549    .ARM.Collect$$libshutdown$$0000000C  c_w.l(libshutdown2.o)
    0x0800020a   0x00000000   Code   RO         3552    .ARM.Collect$$libshutdown$$0000000F  c_w.l(libshutdown2.o)
    0x0800020a   0x00000002   Code   RO         3553    .ARM.Collect$$libshutdown$$00000010  c_w.l(libshutdown2.o)
    0x0800020c   0x00000000   Code   RO         3235    .ARM.Collect$$rtentry$$00000000  c_w.l(__rtentry.o)
    0x0800020c   0x00000000   Code   RO         3338    .ARM.Collect$$rtentry$$00000002  c_w.l(__rtentry2.o)
    0x0800020c   0x00000006   Code   RO         3350    .ARM.Collect$$rtentry$$00000004  c_w.l(__rtentry4.o)
    0x08000212   0x00000000   Code   RO         3340    .ARM.Collect$$rtentry$$00000009  c_w.l(__rtentry2.o)
    0x08000212   0x00000004   Code   RO         3341    .ARM.Collect$$rtentry$$0000000A  c_w.l(__rtentry2.o)
    0x08000216   0x00000000   Code   RO         3343    .ARM.Collect$$rtentry$$0000000C  c_w.l(__rtentry2.o)
    0x08000216   0x00000008   Code   RO         3344    .ARM.Collect$$rtentry$$0000000D  c_w.l(__rtentry2.o)
    0x0800021e   0x00000002   Code   RO         3484    .ARM.Collect$$rtexit$$00000000  c_w.l(rtexit.o)
    0x08000220   0x00000000   Code   RO         3500    .ARM.Collect$$rtexit$$00000002  c_w.l(rtexit2.o)
    0x08000220   0x00000004   Code   RO         3501    .ARM.Collect$$rtexit$$00000003  c_w.l(rtexit2.o)
    0x08000224   0x00000006   Code   RO         3502    .ARM.Collect$$rtexit$$00000004  c_w.l(rtexit2.o)
    0x0800022a   0x00000002   PAD
    0x0800022c   0x00000040   Code   RO         3062    .text               startup_stm32f10x_hd.o
    0x0800026c   0x00000002   Code   RO         3068    .text               c_w.l(use_no_semi_2.o)
    0x0800026e   0x00000048   Code   RO         3070    .text               c_w.l(llsdiv.o)
    0x080002b6   0x00000002   PAD
    0x080002b8   0x00000018   Code   RO         3074    .text               c_w.l(__2printf.o)
    0x080002d0   0x00000078   Code   RO         3082    .text               c_w.l(_printf_dec.o)
    0x08000348   0x00000188   Code   RO         3122    .text               c_w.l(__printf_flags_ss_wp.o)
    0x080004d0   0x00000058   Code   RO         3129    .text               c_w.l(memcmp.o)
    0x08000528   0x00000010   Code   RO         3133    .text               c_w.l(aeabi_memset.o)
    0x08000538   0x00000006   Code   RO         3135    .text               c_w.l(heapauxi.o)
    0x0800053e   0x00000002   Code   RO         3233    .text               c_w.l(use_no_semi.o)
    0x08000540   0x000000ee   Code   RO         3236    .text               c_w.l(lludivv7m.o)
    0x0800062e   0x00000016   Code   RO         3238    .text               c_w.l(_rserrno.o)
    0x08000644   0x000000b2   Code   RO         3244    .text               c_w.l(_printf_intcommon.o)
    0x080006f6   0x0000041a   Code   RO         3248    .text               c_w.l(_printf_fp_dec.o)
    0x08000b10   0x00000030   Code   RO         3250    .text               c_w.l(_printf_char_common.o)
    0x08000b40   0x00000024   Code   RO         3254    .text               c_w.l(_printf_char_file.o)
    0x08000b64   0x00000044   Code   RO         3287    .text               c_w.l(rt_memclr.o)
    0x08000ba8   0x00000008   Code   RO         3359    .text               c_w.l(rt_locale_intlibspace.o)
    0x08000bb0   0x00000008   Code   RO         3364    .text               c_w.l(rt_errno_addr_intlibspace.o)
    0x08000bb8   0x0000008a   Code   RO         3366    .text               c_w.l(lludiv10.o)
    0x08000c42   0x00000002   PAD
    0x08000c44   0x00000080   Code   RO         3368    .text               c_w.l(_printf_fp_infnan.o)
    0x08000cc4   0x000000dc   Code   RO         3376    .text               c_w.l(bigflt0.o)
    0x08000da0   0x00000008   Code   RO         3401    .text               c_w.l(ferror.o)
    0x08000da8   0x0000004e   Code   RO         3410    .text               c_w.l(rt_memclr_w.o)
    0x08000df6   0x00000002   PAD
    0x08000df8   0x00000008   Code   RO         3418    .text               c_w.l(libspace.o)
    0x08000e00   0x0000004a   Code   RO         3421    .text               c_w.l(sys_stackheap_outer.o)
    0x08000e4a   0x00000012   Code   RO         3427    .text               c_w.l(exit.o)
    0x08000e5c   0x00000080   Code   RO         3429    .text               c_w.l(strcmpv7m.o)
    0x08000edc   0x0000003e   Code   RO         3379    CL$$btod_d2e        c_w.l(btod.o)
    0x08000f1a   0x00000046   Code   RO         3381    CL$$btod_d2e_denorm_low  c_w.l(btod.o)
    0x08000f60   0x00000060   Code   RO         3380    CL$$btod_d2e_norm_op1  c_w.l(btod.o)
    0x08000fc0   0x00000338   Code   RO         3389    CL$$btod_div_common  c_w.l(btod.o)
    0x080012f8   0x000000c6   Code   RO         3386    CL$$btod_e2e        c_w.l(btod.o)
    0x080013be   0x00000028   Code   RO         3383    CL$$btod_ediv       c_w.l(btod.o)
    0x080013e6   0x00000028   Code   RO         3382    CL$$btod_emul       c_w.l(btod.o)
    0x0800140e   0x00000244   Code   RO         3388    CL$$btod_mult_common  c_w.l(btod.o)
    0x08001652   0x00000002   PAD
    0x08001654   0x000001a8   Code   RO         1701    i.ACC_fliter        alg.o
    0x080017fc   0x000009c8   Code   RO         1702    i.AGLupdate         alg.o
    0x080021c4   0x00000060   Code   RO         1703    i.ALG_Date_Init     alg.o
    0x08002224   0x00000130   Code   RO         2778    i.BMP085Convert     bmp085.o
    0x08002354   0x00000038   Code   RO         2779    i.BMP085ReadPressure  bmp085.o
    0x0800238c   0x00000030   Code   RO         2780    i.BMP085ReadTemp    bmp085.o
    0x080023bc   0x00000004   Code   RO            1    i.BusFault_Handler  stm32f10x_it.o
    0x080023c0   0x0000074c   Code   RO         1808    i.Control_gesture   control.o
    0x08002b0c   0x00000178   Code   RO         1704    i.Date_Offset       alg.o
    0x08002c84   0x000000e4   Code   RO         1705    i.Date_after_offset  alg.o
    0x08002d68   0x00000002   Code   RO            2    i.DebugMon_Handler  stm32f10x_it.o
    0x08002d6a   0x00000046   Code   RO         2904    i.EXTI14_Init       exit.o
    0x08002db0   0x0000003c   Code   RO         2905    i.EXTI15_10_IRQHandler  exit.o
    0x08002dec   0x0000000c   Code   RO         1648    i.EXTI_ClearITPendingBit  stm32f10x_exti.o
    0x08002df8   0x00000028   Code   RO         1652    i.EXTI_GetITStatus  stm32f10x_exti.o
    0x08002e20   0x00000094   Code   RO         1653    i.EXTI_Init         stm32f10x_exti.o
    0x08002eb4   0x00000298   Code   RO         1706    i.GEO_fliter        alg.o
    0x0800314c   0x000000ac   Code   RO         1707    i.GET_MPU_date      alg.o
    0x080031f8   0x00000104   Code   RO         1708    i.GET_final_angle   alg.o
    0x080032fc   0x000000f8   Code   RO         1810    i.GET_pwm_out_value  control.o
    0x080033f4   0x00000040   Code   RO          464    i.GPIO_EXTILineConfig  stm32f10x_gpio.o
    0x08003434   0x00000116   Code   RO          467    i.GPIO_Init         stm32f10x_gpio.o
    0x0800354a   0x00000002   PAD
    0x0800354c   0x00000090   Code   RO          469    i.GPIO_PinRemapConfig  stm32f10x_gpio.o
    0x080035dc   0x00000004   Code   RO          474    i.GPIO_ResetBits    stm32f10x_gpio.o
    0x080035e0   0x00000004   Code   RO          475    i.GPIO_SetBits      stm32f10x_gpio.o
    0x080035e4   0x00000794   Code   RO         1911    i.Get_bluetoothdate  telecontrol.o
    0x08003d78   0x00000024   Code   RO         1912    i.Get_capture_1     telecontrol.o
    0x08003d9c   0x00000040   Code   RO         1913    i.Get_capture_2     telecontrol.o
    0x08003ddc   0x00000040   Code   RO         1914    i.Get_capture_3     telecontrol.o
    0x08003e1c   0x00000004   Code   RO            3    i.HardFault_Handler  stm32f10x_it.o
    0x08003e20   0x0000004c   Code   RO         2718    i.IICC_Ack          iicc.o
    0x08003e6c   0x0000000a   Code   RO         2719    i.IICC_Delay        iicc.o
    0x08003e76   0x00000002   PAD
    0x08003e78   0x00000038   Code   RO         2720    i.IICC_Init         iicc.o
    0x08003eb0   0x0000004c   Code   RO         2721    i.IICC_NAck         iicc.o
    0x08003efc   0x0000006c   Code   RO         2722    i.IICC_Read_Byte    iicc.o
    0x08003f68   0x0000005c   Code   RO         2723    i.IICC_Send_Byte    iicc.o
    0x08003fc4   0x00000048   Code   RO         2724    i.IICC_Start        iicc.o
    0x0800400c   0x00000048   Code   RO         2725    i.IICC_Stop         iicc.o
    0x08004054   0x00000064   Code   RO         2726    i.IICC_Wait_Ack     iicc.o
    0x080040b8   0x000000a0   Code   RO         2782    i.Init_BMP085       bmp085.o
    0x08004158   0x0000001c   Code   RO         2688    i.Init_HMC5883      hmc5883.o
    0x08004174   0x00000054   Code   RO         1971    i.LED_Init          led.o
    0x080041c8   0x00000050   Code   RO         2610    i.MPU_Get_Accelerometer  mpu6050.o
    0x08004218   0x00000050   Code   RO         2611    i.MPU_Get_Gyroscope  mpu6050.o
    0x08004268   0x0000004c   Code   RO         2550    i.MPU_IIC_Ack       iic.o
    0x080042b4   0x0000000a   Code   RO         2551    i.MPU_IIC_Delay     iic.o
    0x080042be   0x00000002   PAD
    0x080042c0   0x00000034   Code   RO         2552    i.MPU_IIC_Init      iic.o
    0x080042f4   0x0000004c   Code   RO         2553    i.MPU_IIC_NAck      iic.o
    0x08004340   0x0000006c   Code   RO         2554    i.MPU_IIC_Read_Byte  iic.o
    0x080043ac   0x0000005c   Code   RO         2555    i.MPU_IIC_Send_Byte  iic.o
    0x08004408   0x00000048   Code   RO         2556    i.MPU_IIC_Start     iic.o
    0x08004450   0x00000048   Code   RO         2557    i.MPU_IIC_Stop      iic.o
    0x08004498   0x00000064   Code   RO         2558    i.MPU_IIC_Wait_Ack  iic.o
    0x080044fc   0x0000007a   Code   RO         2613    i.MPU_Init          mpu6050.o
    0x08004576   0x0000003a   Code   RO         2614    i.MPU_Read_Byte     mpu6050.o
    0x080045b0   0x00000074   Code   RO         2615    i.MPU_Read_Len      mpu6050.o
    0x08004624   0x00000010   Code   RO         2616    i.MPU_Set_Accel_Fsr  mpu6050.o
    0x08004634   0x00000010   Code   RO         2617    i.MPU_Set_Gyro_Fsr  mpu6050.o
    0x08004644   0x0000003a   Code   RO         2618    i.MPU_Set_LPF       mpu6050.o
    0x0800467e   0x0000003a   Code   RO         2619    i.MPU_Set_Rate      mpu6050.o
    0x080046b8   0x00000044   Code   RO         2620    i.MPU_Write_Byte    mpu6050.o
    0x080046fc   0x00000060   Code   RO         2621    i.MPU_Write_Len     mpu6050.o
    0x0800475c   0x00000004   Code   RO            4    i.MemManage_Handler  stm32f10x_it.o
    0x08004760   0x00000062   Code   RO         1983    i.Motor_PWM_Update  pwm_out.o
    0x080047c2   0x00000052   Code   RO         2783    i.Multiple_read_BMP085  bmp085.o
    0x08004814   0x00000052   Code   RO         2689    i.Multiple_read_HMC5883  hmc5883.o
    0x08004866   0x00000002   Code   RO            5    i.NMI_Handler       stm32f10x_it.o
    0x08004868   0x00000070   Code   RO          401    i.NVIC_Init         misc.o
    0x080048d8   0x00000014   Code   RO          402    i.NVIC_PriorityGroupConfig  misc.o
    0x080048ec   0x00000034   Code   RO         1709    i.OFFSET_function   alg.o
    0x08004920   0x0000000e   Code   RO         2928    i.OV7670_Brightness  ov7670.o
    0x0800492e   0x00000042   Code   RO         2929    i.OV7670_Color_Saturation  ov7670.o
    0x08004970   0x0000000e   Code   RO         2930    i.OV7670_Contrast   ov7670.o
    0x0800497e   0x00000002   PAD
    0x08004980   0x000000fc   Code   RO         2931    i.OV7670_Init       ov7670.o
    0x08004a7c   0x00000022   Code   RO         2932    i.OV7670_Light_Mode  ov7670.o
    0x08004a9e   0x00000022   Code   RO         2933    i.OV7670_Special_Effects  ov7670.o
    0x08004ac0   0x0000008a   Code   RO         2934    i.OV7670_Window_Set  ov7670.o
    0x08004b4a   0x00000002   PAD
    0x08004b4c   0x0000001c   Code   RO         1814    i.PID_Init_IN_D     control.o
    0x08004b68   0x0000001c   Code   RO         1815    i.PID_Init_IN_I     control.o
    0x08004b84   0x0000001c   Code   RO         1816    i.PID_Init_IN_P     control.o
    0x08004ba0   0x0000001c   Code   RO         1817    i.PID_Init_OUT_D    control.o
    0x08004bbc   0x0000001c   Code   RO         1818    i.PID_Init_OUT_I    control.o
    0x08004bd8   0x0000001c   Code   RO         1819    i.PID_Init_OUT_P    control.o
    0x08004bf4   0x0000002c   Code   RO         1984    i.PWM_GPIO_Init     pwm_out.o
    0x08004c20   0x000000fa   Code   RO         1985    i.PWM_Out_Init      pwm_out.o
    0x08004d1a   0x00000002   Code   RO            6    i.PendSV_Handler    stm32f10x_it.o
    0x08004d1c   0x00000028   Code   RO         1710    i.Prepare_Data      alg.o
    0x08004d44   0x00000020   Code   RO          577    i.RCC_APB1PeriphClockCmd  stm32f10x_rcc.o
    0x08004d64   0x00000020   Code   RO          578    i.RCC_APB1PeriphResetCmd  stm32f10x_rcc.o
    0x08004d84   0x00000020   Code   RO          579    i.RCC_APB2PeriphClockCmd  stm32f10x_rcc.o
    0x08004da4   0x00000020   Code   RO          580    i.RCC_APB2PeriphResetCmd  stm32f10x_rcc.o
    0x08004dc4   0x000000d4   Code   RO          587    i.RCC_GetClocksFreq  stm32f10x_rcc.o
    0x08004e98   0x00000070   Code   RO         2995    i.SCCB_Init         sccb.o
    0x08004f08   0x00000040   Code   RO         2996    i.SCCB_No_Ack       sccb.o
    0x08004f48   0x00000074   Code   RO         2997    i.SCCB_RD_Byte      sccb.o
    0x08004fbc   0x0000004e   Code   RO         2998    i.SCCB_RD_Reg       sccb.o
    0x0800500a   0x00000002   PAD
    0x0800500c   0x00000034   Code   RO         2999    i.SCCB_Start        sccb.o
    0x08005040   0x00000034   Code   RO         3000    i.SCCB_Stop         sccb.o
    0x08005074   0x000000ac   Code   RO         3001    i.SCCB_WR_Byte      sccb.o
    0x08005120   0x0000003e   Code   RO         3002    i.SCCB_WR_Reg       sccb.o
    0x0800515e   0x00000002   Code   RO            7    i.SVC_Handler       stm32f10x_it.o
    0x08005160   0x00000008   Code   RO          152    i.SetSysClock       system_stm32f10x.o
    0x08005168   0x000000e0   Code   RO          153    i.SetSysClockTo72   system_stm32f10x.o
    0x08005248   0x00000028   Code   RO          405    i.SysTick_CLKSourceConfig  misc.o
    0x08005270   0x00000002   Code   RO            8    i.SysTick_Handler   stm32f10x_it.o
    0x08005272   0x00000002   PAD
    0x08005274   0x00000060   Code   RO          155    i.SystemInit        system_stm32f10x.o
    0x080052d4   0x00000080   Code   RO          919    i.TI1_Config        stm32f10x_tim.o
    0x08005354   0x00000098   Code   RO          920    i.TI2_Config        stm32f10x_tim.o
    0x080053ec   0x00000090   Code   RO          921    i.TI3_Config        stm32f10x_tim.o
    0x0800547c   0x00000098   Code   RO          922    i.TI4_Config        stm32f10x_tim.o
    0x08005514   0x0000005c   Code   RO         2007    i.TIM1_Int_Init     time.o
    0x08005570   0x00000044   Code   RO         2008    i.TIM1_UP_IRQHandler  time.o
    0x080055b4   0x00000114   Code   RO         2879    i.TIM3_Cap_Init     capture.o
    0x080056c8   0x00000154   Code   RO         2880    i.TIM3_IRQHandler   capture.o
    0x0800581c   0x00000034   Code   RO         2009    i.TIM4_IRQHandler   time.o
    0x08005850   0x0000005c   Code   RO         2010    i.TIM4_Int_Init     time.o
    0x080058ac   0x00000018   Code   RO          923    i.TIM_ARRPreloadConfig  stm32f10x_tim.o
    0x080058c4   0x00000006   Code   RO          930    i.TIM_ClearITPendingBit  stm32f10x_tim.o
    0x080058ca   0x00000018   Code   RO          935    i.TIM_Cmd           stm32f10x_tim.o
    0x080058e2   0x00000006   Code   RO          950    i.TIM_GetCapture1   stm32f10x_tim.o
    0x080058e8   0x00000006   Code   RO          951    i.TIM_GetCapture2   stm32f10x_tim.o
    0x080058ee   0x00000006   Code   RO          952    i.TIM_GetCapture3   stm32f10x_tim.o
    0x080058f4   0x00000022   Code   RO          956    i.TIM_GetITStatus   stm32f10x_tim.o
    0x08005916   0x00000002   PAD
    0x08005918   0x000000ac   Code   RO          958    i.TIM_ICInit        stm32f10x_tim.o
    0x080059c4   0x00000012   Code   RO          960    i.TIM_ITConfig      stm32f10x_tim.o
    0x080059d6   0x00000002   PAD
    0x080059d8   0x00000098   Code   RO          964    i.TIM_OC1Init       stm32f10x_tim.o
    0x08005a70   0x00000012   Code   RO          966    i.TIM_OC1PolarityConfig  stm32f10x_tim.o
    0x08005a82   0x00000012   Code   RO          967    i.TIM_OC1PreloadConfig  stm32f10x_tim.o
    0x08005a94   0x000000a4   Code   RO          969    i.TIM_OC2Init       stm32f10x_tim.o
    0x08005b38   0x0000001a   Code   RO          971    i.TIM_OC2PolarityConfig  stm32f10x_tim.o
    0x08005b52   0x0000001a   Code   RO          972    i.TIM_OC2PreloadConfig  stm32f10x_tim.o
    0x08005b6c   0x000000a0   Code   RO          974    i.TIM_OC3Init       stm32f10x_tim.o
    0x08005c0c   0x0000001a   Code   RO          976    i.TIM_OC3PolarityConfig  stm32f10x_tim.o
    0x08005c26   0x00000012   Code   RO          977    i.TIM_OC3PreloadConfig  stm32f10x_tim.o
    0x08005c38   0x0000007c   Code   RO          979    i.TIM_OC4Init       stm32f10x_tim.o
    0x08005cb4   0x0000001a   Code   RO          981    i.TIM_OC4PreloadConfig  stm32f10x_tim.o
    0x08005cce   0x00000004   Code   RO         1000    i.TIM_SetCounter    stm32f10x_tim.o
    0x08005cd2   0x00000012   Code   RO         1001    i.TIM_SetIC1Prescaler  stm32f10x_tim.o
    0x08005ce4   0x0000001a   Code   RO         1002    i.TIM_SetIC2Prescaler  stm32f10x_tim.o
    0x08005cfe   0x00000012   Code   RO         1003    i.TIM_SetIC3Prescaler  stm32f10x_tim.o
    0x08005d10   0x0000001a   Code   RO         1004    i.TIM_SetIC4Prescaler  stm32f10x_tim.o
    0x08005d2a   0x00000002   PAD
    0x08005d2c   0x000000a4   Code   RO         1006    i.TIM_TimeBaseInit  stm32f10x_tim.o
    0x08005dd0   0x00000088   Code   RO          360    i.USART1_IRQHandler  usart.o
    0x08005e58   0x00000070   Code   RO         2841    i.USART3_IRQHandler  usart3.o
    0x08005ec8   0x00000018   Code   RO         1471    i.USART_Cmd         stm32f10x_usart.o
    0x08005ee0   0x0000009c   Code   RO         1473    i.USART_DeInit      stm32f10x_usart.o
    0x08005f7c   0x00000054   Code   RO         1475    i.USART_GetITStatus  stm32f10x_usart.o
    0x08005fd0   0x0000004a   Code   RO         1477    i.USART_ITConfig    stm32f10x_usart.o
    0x0800601a   0x00000002   PAD
    0x0800601c   0x000000d8   Code   RO         1478    i.USART_Init        stm32f10x_usart.o
    0x080060f4   0x0000000a   Code   RO         1485    i.USART_ReceiveData  stm32f10x_usart.o
    0x080060fe   0x00000004   Code   RO            9    i.UsageFault_Handler  stm32f10x_it.o
    0x08006102   0x0000002e   Code   RO         2691    i.Write_HMC5883     hmc5883.o
    0x08006130   0x00000028   Code   RO         3332    i.__ARM_fpclassify  m_ws.l(fpclassify.o)
    0x08006158   0x000000aa   Code   RO         3334    i.__kernel_poly     m_ws.l(poly.o)
    0x08006202   0x00000006   Code   RO         3319    i.__mathlib_dbl_infnan  m_ws.l(dunder.o)
    0x08006208   0x00000004   Code   RO         3320    i.__mathlib_dbl_infnan2  m_ws.l(dunder.o)
    0x0800620c   0x0000000c   Code   RO         3321    i.__mathlib_dbl_invalid  m_ws.l(dunder.o)
    0x08006218   0x00000010   Code   RO         3324    i.__mathlib_dbl_underflow  m_ws.l(dunder.o)
    0x08006228   0x0000000e   Code   RO         3115    i._is_digit         c_w.l(__printf_wp.o)
    0x08006236   0x00000006   Code   RO          361    i._sys_exit         usart.o
    0x0800623c   0x000000a8   Code   RO         2037    i.accel_self_test   inv_mpu.o
    0x080062e4   0x00000270   Code   RO         3198    i.asin              m_ws.l(asin.o)
    0x08006554   0x00000220   Code   RO         3309    i.atan              m_ws.l(atan.o)
    0x08006774   0x00000180   Code   RO         3208    i.atan2             m_ws.l(atan2.o)
    0x080068f4   0x00000008   Code   RO         1915    i.bluetoothdate_process  telecontrol.o
    0x080068fc   0x00000140   Code   RO         2935    i.camera_refresh    ov7670.o
    0x08006a3c   0x00000008   Code   RO         1916    i.control_forward_back  telecontrol.o
    0x08006a44   0x00000008   Code   RO         1917    i.control_left_right  telecontrol.o
    0x08006a4c   0x0000004c   Code   RO         1918    i.control_up_down   telecontrol.o
    0x08006a98   0x00000154   Code   RO         2936    i.data_process      ov7670.o
    0x08006bec   0x00000064   Code   RO         2368    i.decode_gesture    inv_mpu_dmp_motion_driver.o
    0x08006c50   0x00000044   Code   RO          305    i.delay_init        delay.o
    0x08006c94   0x0000004c   Code   RO          306    i.delay_ms          delay.o
    0x08006ce0   0x0000004c   Code   RO          307    i.delay_us          delay.o
    0x08006d2c   0x0000003c   Code   RO         2369    i.dmp_enable_6x_lp_quat  inv_mpu_dmp_motion_driver.o
    0x08006d68   0x0000021c   Code   RO         2370    i.dmp_enable_feature  inv_mpu_dmp_motion_driver.o
    0x08006f84   0x00000058   Code   RO         2371    i.dmp_enable_gyro_cal  inv_mpu_dmp_motion_driver.o
    0x08006fdc   0x0000003c   Code   RO         2372    i.dmp_enable_lp_quat  inv_mpu_dmp_motion_driver.o
    0x08007018   0x00000018   Code   RO         2377    i.dmp_load_motion_driver_firmware  inv_mpu_dmp_motion_driver.o
    0x08007030   0x000001cc   Code   RO         2378    i.dmp_read_fifo     inv_mpu_dmp_motion_driver.o
    0x080071fc   0x00000130   Code   RO         2381    i.dmp_set_accel_bias  inv_mpu_dmp_motion_driver.o
    0x0800732c   0x00000070   Code   RO         2382    i.dmp_set_fifo_rate  inv_mpu_dmp_motion_driver.o
    0x0800739c   0x00000130   Code   RO         2383    i.dmp_set_gyro_bias  inv_mpu_dmp_motion_driver.o
    0x080074cc   0x00000138   Code   RO         2385    i.dmp_set_orientation  inv_mpu_dmp_motion_driver.o
    0x08007604   0x00000038   Code   RO         2388    i.dmp_set_shake_reject_thresh  inv_mpu_dmp_motion_driver.o
    0x0800763c   0x00000026   Code   RO         2389    i.dmp_set_shake_reject_time  inv_mpu_dmp_motion_driver.o
    0x08007662   0x00000026   Code   RO         2390    i.dmp_set_shake_reject_timeout  inv_mpu_dmp_motion_driver.o
    0x08007688   0x00000046   Code   RO         2391    i.dmp_set_tap_axes  inv_mpu_dmp_motion_driver.o
    0x080076ce   0x00000026   Code   RO         2392    i.dmp_set_tap_count  inv_mpu_dmp_motion_driver.o
    0x080076f4   0x000001a0   Code   RO         2393    i.dmp_set_tap_thresh  inv_mpu_dmp_motion_driver.o
    0x08007894   0x00000026   Code   RO         2394    i.dmp_set_tap_time  inv_mpu_dmp_motion_driver.o
    0x080078ba   0x00000026   Code   RO         2395    i.dmp_set_tap_time_multi  inv_mpu_dmp_motion_driver.o
    0x080078e0   0x0000001c   Code   RO          362    i.fputc             usart.o
    0x080078fc   0x000000b4   Code   RO         2038    i.get_accel_prod_shift  inv_mpu.o
    0x080079b0   0x00000470   Code   RO         2039    i.get_st_biases     inv_mpu.o
    0x08007e20   0x00000110   Code   RO         2040    i.gyro_self_test    inv_mpu.o
    0x08007f30   0x00000028   Code   RO         2041    i.inv_orientation_matrix_to_scalar  inv_mpu.o
    0x08007f58   0x0000004e   Code   RO         2042    i.inv_row_2_scale   inv_mpu.o
    0x08007fa6   0x00000002   PAD
    0x08007fa8   0x00000084   Code   RO          186    i.main              main.o
    0x0800802c   0x00000002   Code   RO         2043    i.mget_ms           inv_mpu.o
    0x0800802e   0x00000002   PAD
    0x08008030   0x00000070   Code   RO         2044    i.mpu_configure_fifo  inv_mpu.o
    0x080080a0   0x000000a8   Code   RO         2045    i.mpu_dmp_get_data  inv_mpu.o
    0x08008148   0x000000a0   Code   RO         2046    i.mpu_dmp_init      inv_mpu.o
    0x080081e8   0x0000004c   Code   RO         2047    i.mpu_get_accel_fsr  inv_mpu.o
    0x08008234   0x00000054   Code   RO         2049    i.mpu_get_accel_sens  inv_mpu.o
    0x08008288   0x00000010   Code   RO         2054    i.mpu_get_fifo_config  inv_mpu.o
    0x08008298   0x00000044   Code   RO         2055    i.mpu_get_gyro_fsr  inv_mpu.o
    0x080082dc   0x00000050   Code   RO         2057    i.mpu_get_gyro_sens  inv_mpu.o
    0x0800832c   0x00000050   Code   RO         2059    i.mpu_get_lpf       inv_mpu.o
    0x0800837c   0x00000020   Code   RO         2061    i.mpu_get_sample_rate  inv_mpu.o
    0x0800839c   0x000001f0   Code   RO         2063    i.mpu_init          inv_mpu.o
    0x0800858c   0x000000b8   Code   RO         2064    i.mpu_load_firmware  inv_mpu.o
    0x08008644   0x000000e0   Code   RO         2065    i.mpu_lp_accel_mode  inv_mpu.o
    0x08008724   0x000000c0   Code   RO         2068    i.mpu_read_fifo_stream  inv_mpu.o
    0x080087e4   0x00000080   Code   RO         2069    i.mpu_read_mem      inv_mpu.o
    0x08008864   0x000001c8   Code   RO         2072    i.mpu_reset_fifo    inv_mpu.o
    0x08008a2c   0x0000011c   Code   RO         2073    i.mpu_run_self_test  inv_mpu.o
    0x08008b48   0x00000084   Code   RO         2075    i.mpu_set_accel_fsr  inv_mpu.o
    0x08008bcc   0x0000014c   Code   RO         2076    i.mpu_set_bypass    inv_mpu.o
    0x08008d18   0x00000090   Code   RO         2078    i.mpu_set_dmp_state  inv_mpu.o
    0x08008da8   0x00000088   Code   RO         2079    i.mpu_set_gyro_fsr  inv_mpu.o
    0x08008e30   0x0000006c   Code   RO         2080    i.mpu_set_int_latched  inv_mpu.o
    0x08008e9c   0x00000084   Code   RO         2082    i.mpu_set_lpf       inv_mpu.o
    0x08008f20   0x0000009c   Code   RO         2083    i.mpu_set_sample_rate  inv_mpu.o
    0x08008fbc   0x000000d0   Code   RO         2084    i.mpu_set_sensors   inv_mpu.o
    0x0800908c   0x00000080   Code   RO         2085    i.mpu_write_mem     inv_mpu.o
    0x0800910c   0x00000094   Code   RO         2086    i.run_self_test     inv_mpu.o
    0x080091a0   0x00000090   Code   RO         2087    i.set_int_enable    inv_mpu.o
    0x08009230   0x0000004c   Code   RO         3226    i.sqrt              m_ws.l(sqrt.o)
    0x0800927c   0x00000030   Code   RO         2786    i.test_ref          bmp085.o
    0x080092ac   0x000000a4   Code   RO          363    i.uart_init         usart.o
    0x08009350   0x000000d0   Code   RO         2843    i.usart3_init       usart3.o
    0x08009420   0x0000002c   Code   RO         3408    locale$$code        c_w.l(lc_numeric_c.o)
    0x0800944c   0x00000062   Code   RO         3139    x$fpl$d2f           fz_ws.l(d2f.o)
    0x080094ae   0x00000002   PAD
    0x080094b0   0x00000150   Code   RO         3141    x$fpl$dadd          fz_ws.l(daddsub_clz.o)
    0x08009600   0x00000010   Code   RO         3412    x$fpl$dcheck1       fz_ws.l(dcheck1.o)
    0x08009610   0x00000018   Code   RO         3414    x$fpl$dcmpinf       fz_ws.l(dcmpi.o)
    0x08009628   0x000002b0   Code   RO         3148    x$fpl$ddiv          fz_ws.l(ddiv.o)
    0x080098d8   0x0000002e   Code   RO         3152    x$fpl$dflt          fz_ws.l(dflt_clz.o)
    0x08009906   0x00000002   PAD
    0x08009908   0x00000078   Code   RO         3291    x$fpl$dleqf         fz_ws.l(dleqf.o)
    0x08009980   0x00000154   Code   RO         3157    x$fpl$dmul          fz_ws.l(dmul.o)
    0x08009ad4   0x0000009c   Code   RO         3293    x$fpl$dnaninf       fz_ws.l(dnaninf.o)
    0x08009b70   0x0000000c   Code   RO         3295    x$fpl$dretinf       fz_ws.l(dretinf.o)
    0x08009b7c   0x0000006c   Code   RO         3159    x$fpl$drleqf        fz_ws.l(drleqf.o)
    0x08009be8   0x00000016   Code   RO         3142    x$fpl$drsb          fz_ws.l(daddsub_clz.o)
    0x08009bfe   0x00000002   PAD
    0x08009c00   0x000001cc   Code   RO         3297    x$fpl$dsqrt         fz_ws.l(dsqrt_noumaal.o)
    0x08009dcc   0x000001d4   Code   RO         3143    x$fpl$dsub          fz_ws.l(daddsub_clz.o)
    0x08009fa0   0x00000056   Code   RO         3161    x$fpl$f2d           fz_ws.l(f2d.o)
    0x08009ff6   0x00000002   PAD
    0x08009ff8   0x000000c4   Code   RO         3163    x$fpl$fadd          fz_ws.l(faddsub_clz.o)
    0x0800a0bc   0x00000018   Code   RO         3299    x$fpl$fcmpinf       fz_ws.l(fcmpi.o)
    0x0800a0d4   0x00000184   Code   RO         3170    x$fpl$fdiv          fz_ws.l(fdiv.o)
    0x0800a258   0x00000068   Code   RO         3173    x$fpl$feqf          fz_ws.l(feqf.o)
    0x0800a2c0   0x00000036   Code   RO         3175    x$fpl$ffix          fz_ws.l(ffix.o)
    0x0800a2f6   0x00000002   PAD
    0x0800a2f8   0x0000003e   Code   RO         3179    x$fpl$ffixu         fz_ws.l(ffixu.o)
    0x0800a336   0x00000002   PAD
    0x0800a338   0x00000030   Code   RO         3184    x$fpl$fflt          fz_ws.l(fflt_clz.o)
    0x0800a368   0x00000026   Code   RO         3183    x$fpl$ffltu         fz_ws.l(fflt_clz.o)
    0x0800a38e   0x00000002   PAD
    0x0800a390   0x00000068   Code   RO         3189    x$fpl$fleqf         fz_ws.l(fleqf.o)
    0x0800a3f8   0x00000102   Code   RO         3191    x$fpl$fmul          fz_ws.l(fmul.o)
    0x0800a4fa   0x0000008c   Code   RO         3301    x$fpl$fnaninf       fz_ws.l(fnaninf.o)
    0x0800a586   0x0000000a   Code   RO         3303    x$fpl$fretinf       fz_ws.l(fretinf.o)
    0x0800a590   0x00000062   Code   RO         3193    x$fpl$frleqf        fz_ws.l(frleqf.o)
    0x0800a5f2   0x00000002   PAD
    0x0800a5f4   0x000000ea   Code   RO         3165    x$fpl$fsub          fz_ws.l(faddsub_clz.o)
    0x0800a6de   0x00000004   Code   RO         3195    x$fpl$printf1       fz_ws.l(printf1.o)
    0x0800a6e2   0x00000064   Code   RO         3482    x$fpl$retnan        fz_ws.l(retnan.o)
    0x0800a746   0x0000005c   Code   RO         3305    x$fpl$scalbn        fz_ws.l(scalbn.o)
    0x0800a7a2   0x00000030   Code   RO         3497    x$fpl$trapveneer    fz_ws.l(trapv.o)
    0x0800a7d2   0x00000000   Code   RO         3307    x$fpl$usenofp       fz_ws.l(usenofp.o)
    0x0800a7d2   0x00000002   PAD
    0x0800a7d4   0x00000050   Data   RO         2089    .constdata          inv_mpu.o
    0x0800a824   0x00000bf6   Data   RO         2397    .constdata          inv_mpu_dmp_motion_driver.o
    0x0800b41a   0x00000150   Data   RO         2938    .constdata          ov7670.o
    0x0800b56a   0x00000011   Data   RO         3123    .constdata          c_w.l(__printf_flags_ss_wp.o)
    0x0800b57b   0x00000005   PAD
    0x0800b580   0x00000050   Data   RO         3199    .constdata          m_ws.l(asin.o)
    0x0800b5d0   0x00000098   Data   RO         3310    .constdata          m_ws.l(atan.o)
    0x0800b668   0x00000008   Data   RO         3336    .constdata          m_ws.l(qnan.o)
    0x0800b670   0x00000094   Data   RO         3377    .constdata          c_w.l(bigflt0.o)
    0x0800b704   0x0000004d   Data   RO         2090    .conststring        inv_mpu.o
    0x0800b751   0x00000003   PAD
    0x0800b754   0x00000020   Data   RO         3568    Region$$Table       anon$$obj.o
    0x0800b774   0x0000001c   Data   RO         3407    locale$$data        c_w.l(lc_numeric_c.o)


    Execution Region RW_IRAM1 (Base: 0x20000000, Size: 0x00003590, Max: 0x00005000, ABSOLUTE, COMPRESSED[0x00000044])

    Base Addr    Size         Type   Attr      Idx    E Section Name        Object

    0x20000000   0x00000014   Data   RW          156    .data               system_stm32f10x.o
    0x20000014   0x00000004   Data   RW          308    .data               delay.o
    0x20000018   0x00000006   Data   RW          365    .data               usart.o
    0x2000001e   0x00000014   Data   RW          607    .data               stm32f10x_rcc.o
    0x20000032   0x00000002   PAD
    0x20000034   0x0000009e   Data   RW         1717    .data               alg.o
    0x200000d2   0x00000002   PAD
    0x200000d4   0x0000003c   Data   RW         1824    .data               control.o
    0x20000110   0x0000004e   Data   RW         1919    .data               telecontrol.o
    0x2000015e   0x00000002   PAD
    0x20000160   0x00000035   Data   RW         2091    .data               inv_mpu.o
    0x20000195   0x00000003   PAD
    0x20000198   0x00000020   Data   RW         2787    .data               bmp085.o
    0x200001b8   0x00000002   Data   RW         2845    .data               usart3.o
    0x200001ba   0x0000000c   Data   RW         2882    .data               capture.o
    0x200001c6   0x00000001   Data   RW         2906    .data               exit.o
    0x200001c7   0x00000001   PAD
    0x200001c8   0x000000c8   Zero   RW          364    .bss                usart.o
    0x20000290   0x00000114   Zero   RW         1716    .bss                alg.o
    0x200003a4   0x000000ec   Zero   RW         1823    .bss                control.o
    0x20000490   0x00000010   Zero   RW         2396    .bss                inv_mpu_dmp_motion_driver.o
    0x200004a0   0x000004b0   Zero   RW         2844    .bss                usart3.o
    0x20000950   0x0000000a   Zero   RW         2881    .bss                capture.o
    0x2000095a   0x000025d0   Zero   RW         2937    .bss                ov7670.o
    0x20002f2a   0x00000002   PAD
    0x20002f2c   0x00000060   Zero   RW         3419    .bss                c_w.l(libspace.o)
    0x20002f8c   0x00000004   PAD
    0x20002f90   0x00000200   Zero   RW         3060    HEAP                startup_stm32f10x_hd.o
    0x20003190   0x00000400   Zero   RW         3059    STACK               startup_stm32f10x_hd.o


==============================================================================

Image component sizes


      Code (inc. data)   RO Data    RW Data    ZI Data      Debug   Object Name

      4816        308          0        158        276       8883   alg.o
       698        108          0         32          0       4194   bmp085.o
       616         46          0         12         10       2073   capture.o
      2284        292          0         60        236       8569   control.o
       220         26          0          4          0       1723   delay.o
       130         12          0          1          0       1242   exit.o
       156          0          0          0          0       1991   hmc5883.o
       658        100          0          0          0       4606   iic.o
       662        100          0          0          0       4587   iicc.o
      6484        286        157         53          0      30196   inv_mpu.o
      3096        122       3062          0         16      20182   inv_mpu_dmp_motion_driver.o
        84          8          0          0          0        487   led.o
       132          4          0          0          0     207011   main.o
       172         22          0          0          0       2061   misc.o
       768          0          0          0          0       7399   mpu6050.o
      1212         50        336          0       9680       7012   ov7670.o
       392          6          0          0          0       2162   pwm_out.o
       708         62          0          0          0       4317   sccb.o
        64         26        304          0       1536        800   startup_stm32f10x_hd.o
       200         18          0          0          0       2112   stm32f10x_exti.o
       494         10          0          0          0       4496   stm32f10x_gpio.o
        26          0          0          0          0      51742   stm32f10x_it.o
       340         44          0         20          0       5592   stm32f10x_rcc.o
      1886        200          0          0          0      19269   stm32f10x_tim.o
       564         28          0          0          0       5617   stm32f10x_usart.o
         0          0          0          0          0         32   sys.o
       328         28          0         20          0       2097   system_stm32f10x.o
      2204        424          0         78          0       5603   telecontrol.o
       304         32          0          0          0       2235   time.o
       334         26          0          6        200       4156   usart.o
       320         36          0          2       1200       2018   usart3.o

    ----------------------------------------------------------------------
     30378       2424       3894        456      13156     424464   Object Totals
         0          0         32          0          0          0   (incl. Generated)
        26          0          3         10          2          0   (incl. Padding)

    ----------------------------------------------------------------------

      Code (inc. data)   RO Data    RW Data    ZI Data      Debug   Library Member Name

        24          4          0          0          0         84   __2printf.o
        90          0          0          0          0          0   __dczerorl2.o
         8          0          0          0          0         68   __main.o
       392          4         17          0          0         92   __printf_flags_ss_wp.o
        14          0          0          0          0         68   __printf_wp.o
         0          0          0          0          0          0   __rtentry.o
        12          0          0          0          0          0   __rtentry2.o
         6          0          0          0          0          0   __rtentry4.o
        52          8          0          0          0          0   __scatter.o
        28          0          0          0          0          0   __scatter_zi.o
        48          6          0          0          0         96   _printf_char_common.o
        36          4          0          0          0         80   _printf_char_file.o
         6          0          0          0          0          0   _printf_d.o
       120         16          0          0          0         92   _printf_dec.o
         6          0          0          0          0          0   _printf_f.o
      1050          0          0          0          0        216   _printf_fp_dec.o
       128         16          0          0          0         84   _printf_fp_infnan.o
       178          0          0          0          0         88   _printf_intcommon.o
         0          0          0          0          0          0   _printf_percent.o
         4          0          0          0          0          0   _printf_percent_end.o
        22          0          0          0          0        100   _rserrno.o
        16          0          0          0          0         68   aeabi_memset.o
       220          4        148          0          0         96   bigflt0.o
      1910        128          0          0          0        672   btod.o
        18          0          0          0          0         80   exit.o
         8          0          0          0          0         68   ferror.o
         6          0          0          0          0        152   heapauxi.o
        44         10         28          0          0         76   lc_numeric_c.o
         2          0          0          0          0          0   libinit.o
        18          0          0          0          0          0   libinit2.o
         2          0          0          0          0          0   libshutdown.o
         2          0          0          0          0          0   libshutdown2.o
         8          4          0          0         96         68   libspace.o
        72          0          0          0          0         76   llsdiv.o
       138          0          0          0          0         80   lludiv10.o
       238          0          0          0          0        100   lludivv7m.o
        88          0          0          0          0         76   memcmp.o
         8          4          0          0          0         68   rt_errno_addr_intlibspace.o
         8          4          0          0          0         68   rt_locale_intlibspace.o
        68          0          0          0          0         68   rt_memclr.o
        78          0          0          0          0         80   rt_memclr_w.o
         2          0          0          0          0          0   rtexit.o
        10          0          0          0          0          0   rtexit2.o
       128          0          0          0          0         68   strcmpv7m.o
        74          0          0          0          0         80   sys_stackheap_outer.o
         2          0          0          0          0         68   use_no_semi.o
         2          0          0          0          0         68   use_no_semi_2.o
        98          4          0          0          0         92   d2f.o
       826         16          0          0          0        348   daddsub_clz.o
        16          4          0          0          0         68   dcheck1.o
        24          0          0          0          0         68   dcmpi.o
       688        140          0          0          0        208   ddiv.o
        46          0          0          0          0         68   dflt_clz.o
       120          4          0          0          0         92   dleqf.o
       340         12          0          0          0        104   dmul.o
       156          4          0          0          0         92   dnaninf.o
        12          0          0          0          0         68   dretinf.o
       108          0          0          0          0         80   drleqf.o
       460         56          0          0          0        120   dsqrt_noumaal.o
        86          4          0          0          0         84   f2d.o
       430          8          0          0          0        168   faddsub_clz.o
        24          0          0          0          0         68   fcmpi.o
       388         76          0          0          0         96   fdiv.o
       104          4          0          0          0         84   feqf.o
        54          4          0          0          0         84   ffix.o
        62          4          0          0          0         84   ffixu.o
        86          0          0          0          0        136   fflt_clz.o
       104          4          0          0          0         84   fleqf.o
       258          4          0          0          0         84   fmul.o
       140          4          0          0          0         84   fnaninf.o
        10          0          0          0          0         68   fretinf.o
        98          0          0          0          0         68   frleqf.o
         4          0          0          0          0         68   printf1.o
       100          0          0          0          0         68   retnan.o
        92          0          0          0          0         68   scalbn.o
        48          0          0          0          0         68   trapv.o
         0          0          0          0          0          0   usenofp.o
       624         52         80          0          0        168   asin.o
       544         70        152          0          0        124   atan.o
       384         38          0          0          0        144   atan2.o
        38          6          0          0          0        272   dunder.o
        40          0          0          0          0         68   fpclassify.o
       170          0          0          0          0         96   poly.o
         0          0          8          0          0          0   qnan.o
        76          0          0          0          0         84   sqrt.o

    ----------------------------------------------------------------------
     12282        730        438          0        100       7076   Library Totals
        30          0          5          0          4          0   (incl. Padding)

    ----------------------------------------------------------------------

      Code (inc. data)   RO Data    RW Data    ZI Data      Debug   Library Name

      5394        212        193          0         96       3248   c_w.l
      4982        352          0          0          0       2872   fz_ws.l
      1876        166        240          0          0        956   m_ws.l

    ----------------------------------------------------------------------
     12282        730        438          0        100       7076   Library Totals

    ----------------------------------------------------------------------

==============================================================================


      Code (inc. data)   RO Data    RW Data    ZI Data      Debug   

     42660       3154       4332        456      13256     416248   Grand Totals
     42660       3154       4332         68      13256     416248   ELF Image Totals (compressed)
     42660       3154       4332         68          0          0   ROM Totals

==============================================================================

    Total RO  Size (Code + RO Data)                46992 (  45.89kB)
    Total RW  Size (RW Data + ZI Data)             13712 (  13.39kB)
    Total ROM Size (Code + RO Data + RW Data)      47060 (  45.96kB)

==============================================================================

