Component: ARM Compiler 5.06 update 2 (build 183) Tool: armlink [4d35b7]

==============================================================================

Section Cross References

    main.o(.text) refers to delay.o(.text) for delay_init
    main.o(.text) refers to misc.o(.text) for NVIC_PriorityGroupConfig
    main.o(.text) refers to usart.o(.text) for usart1_init
    main.o(.text) refers to mpu6050.o(.text) for MPU_Init
    main.o(.text) refers to motor.o(.text) for Gpio_init
    main.o(.text) refers to control.o(.text) for Disable_Jtag
    main.o(.text) refers to encoder.o(.text) for encoder_init
    system_stm32f10x.o(.text) refers to system_stm32f10x.o(.data) for SystemCoreClock
    timer.o(.text) refers to stm32f10x_rcc.o(.text) for RCC_APB1PeriphClockCmd
    timer.o(.text) refers to stm32f10x_tim.o(.text) for TIM_TimeBaseInit
    timer.o(.text) refers to misc.o(.text) for NVIC_Init
    timer.o(.text) refers to stm32f10x_gpio.o(.text) for GPIO_PinRemapConfig
    encoder.o(.text) refers to stm32f10x_rcc.o(.text) for RCC_APB2PeriphClockCmd
    encoder.o(.text) refers to stm32f10x_gpio.o(.text) for GPIO_Init
    encoder.o(.text) refers to stm32f10x_tim.o(.text) for TIM_DeInit
    motor.o(.text) refers to stm32f10x_rcc.o(.text) for RCC_APB2PeriphClockCmd
    motor.o(.text) refers to stm32f10x_gpio.o(.text) for GPIO_Init
    motor.o(.text) refers to stm32f10x_tim.o(.text) for TIM_TimeBaseInit
    control.o(.text) refers to stm32f10x_rcc.o(.text) for RCC_APB1PeriphClockCmd
    control.o(.text) refers to stm32f10x_tim.o(.text) for TIM_TimeBaseInit
    control.o(.text) refers to misc.o(.text) for NVIC_Init
    control.o(.text) refers to faddsub_clz.o(x$fpl$fsub) for __aeabi_fsub
    control.o(.text) refers to fmul.o(x$fpl$fmul) for __aeabi_fmul
    control.o(.text) refers to fflt_clz.o(x$fpl$fflt) for __aeabi_i2f
    control.o(.text) refers to faddsub_clz.o(x$fpl$fadd) for __aeabi_fadd
    control.o(.text) refers to ffix.o(x$fpl$ffix) for __aeabi_f2iz
    control.o(.text) refers to fdiv.o(x$fpl$fdiv) for __aeabi_fdiv
    control.o(.text) refers to f2d.o(x$fpl$f2d) for __aeabi_f2d
    control.o(.text) refers to dmul.o(x$fpl$dmul) for __aeabi_dmul
    control.o(.text) refers to d2f.o(x$fpl$d2f) for __aeabi_d2f
    control.o(.text) refers to daddsub_clz.o(x$fpl$dadd) for __aeabi_dadd
    control.o(.text) refers to faddsub_clz.o(x$fpl$frsb) for __aeabi_frsub
    control.o(.text) refers to frleqf.o(x$fpl$frleqf) for __aeabi_cfrcmple
    control.o(.text) refers to fleqf.o(x$fpl$fleqf) for __aeabi_cfcmple
    control.o(.text) refers to motor.o(.text) for Right_Stop
    control.o(.text) refers to usart.o(.data) for USART1_RX_STA
    control.o(.text) refers to control.o(.data) for zhuanxiang
    control.o(.text) refers to control.o(.constdata) for .constdata
    control.o(.text) refers to mpu6050.o(.text) for MPU_Get_Accelerometer
    control.o(.text) refers to ddiv.o(x$fpl$ddiv) for __aeabi_ddiv
    control.o(.text) refers to dflt_clz.o(x$fpl$dflt) for __aeabi_i2d
    control.o(.text) refers to dfix.o(x$fpl$dfix) for __aeabi_d2iz
    control.o(.text) refers to stm32f10x_gpio.o(.text) for GPIO_PinRemapConfig
    control.o(.text) refers to main.o(.data) for reclen
    control.o(.text) refers to usart.o(.bss) for USART1_RX_BUF
    mpu6050.o(.text) refers to iic.o(.text) for IIC_Start
    mpu6050.o(.text) refers to delay.o(.text) for delay_ms
    mpu6050.o(.text) refers to dflt_clz.o(x$fpl$dflt) for __aeabi_i2d
    mpu6050.o(.text) refers to ddiv.o(x$fpl$ddiv) for __aeabi_ddiv
    mpu6050.o(.text) refers to daddsub_clz.o(x$fpl$dadd) for __aeabi_dadd
    mpu6050.o(.text) refers to d2f.o(x$fpl$d2f) for __aeabi_d2f
    mpu6050.o(.text) refers to fmul.o(x$fpl$fmul) for __aeabi_fmul
    mpu6050.o(.text) refers to ffix.o(x$fpl$ffix) for __aeabi_f2iz
    inv_mpu.o(.text) refers to _printf_pad.o(.text) for _printf_pre_padding
    inv_mpu.o(.text) refers to _printf_percent.o(.ARM.Collect$$_printf_percent$$00000000) for _printf_percent
    inv_mpu.o(.text) refers to _printf_x.o(.ARM.Collect$$_printf_percent$$0000000C) for _printf_x
    inv_mpu.o(.text) refers to _printf_hex_int_ll_ptr.o(.text) for _printf_longlong_hex
    inv_mpu.o(.text) refers to _printf_d.o(.ARM.Collect$$_printf_percent$$00000009) for _printf_d
    inv_mpu.o(.text) refers to _printf_dec.o(.text) for _printf_int_dec
    inv_mpu.o(.text) refers to mpu6050.o(.text) for MPU_Write_Len
    inv_mpu.o(.text) refers to __2printf.o(.text) for __2printf
    inv_mpu.o(.text) refers to delay.o(.text) for delay_ms
    inv_mpu.o(.text) refers to inv_mpu.o(.data) for st
    inv_mpu.o(.text) refers to fflt_clz.o(x$fpl$ffltu) for __aeabi_ui2f
    inv_mpu.o(.text) refers to fflt_clz.o(x$fpl$fflt) for __aeabi_i2f
    inv_mpu.o(.text) refers to faddsub_clz.o(x$fpl$fsub) for __aeabi_fsub
    inv_mpu.o(.text) refers to fdiv.o(x$fpl$fdiv) for __aeabi_fdiv
[...]
    .text                                    0x08003f98   Section        8  rt_locale_intlibspace.o(.text)
    .text                                    0x08003fa0   Section        0  _printf_fp_infnan.o(.text)
    .text                                    0x08004020   Section        0  bigflt0.o(.text)
    .text                                    0x080040fc   Section        0  exit.o(.text)
    .text                                    0x08004110   Section      128  strcmpv7m.o(.text)
    CL$$btod_d2e                             0x08004190   Section       62  btod.o(CL$$btod_d2e)
    CL$$btod_d2e_denorm_low                  0x080041ce   Section       70  btod.o(CL$$btod_d2e_denorm_low)
    CL$$btod_d2e_norm_op1                    0x08004214   Section       96  btod.o(CL$$btod_d2e_norm_op1)
    CL$$btod_div_common                      0x08004274   Section      824  btod.o(CL$$btod_div_common)
    CL$$btod_e2e                             0x080045ac   Section      198  btod.o(CL$$btod_e2e)
    CL$$btod_ediv                            0x08004672   Section       40  btod.o(CL$$btod_ediv)
    CL$$btod_emul                            0x0800469a   Section       40  btod.o(CL$$btod_emul)
    CL$$btod_mult_common                     0x080046c2   Section      580  btod.o(CL$$btod_mult_common)
    i.__ARM_fpclassify                       0x08004906   Section        0  fpclassify.o(i.__ARM_fpclassify)
    i._is_digit                              0x0800492e   Section        0  __printf_wp.o(i._is_digit)
    locale$$code                             0x0800493c   Section       44  lc_numeric_c.o(locale$$code)
    locale$$code                             0x08004968   Section       44  lc_ctype_c.o(locale$$code)
    x$fpl$d2f                                0x08004994   Section       98  d2f.o(x$fpl$d2f)
    x$fpl$dadd                               0x080049f8   Section      336  daddsub_clz.o(x$fpl$dadd)
    _dadd1                                   0x08004a09   Thumb Code     0  daddsub_clz.o(x$fpl$dadd)
    x$fpl$ddiv                               0x08004b48   Section      688  ddiv.o(x$fpl$ddiv)
    ddiv_entry                               0x08004b4f   Thumb Code     0  ddiv.o(x$fpl$ddiv)
    x$fpl$dfix                               0x08004df8   Section       94  dfix.o(x$fpl$dfix)
    x$fpl$dflt                               0x08004e56   Section       46  dflt_clz.o(x$fpl$dflt)
    x$fpl$dmul                               0x08004e84   Section      340  dmul.o(x$fpl$dmul)
    x$fpl$dnaninf                            0x08004fd8   Section      156  dnaninf.o(x$fpl$dnaninf)
    x$fpl$dretinf                            0x08005074   Section       12  dretinf.o(x$fpl$dretinf)
    x$fpl$dsub                               0x08005080   Section      468  daddsub_clz.o(x$fpl$dsub)
    _dsub1                                   0x08005091   Thumb Code     0  daddsub_clz.o(x$fpl$dsub)
    x$fpl$f2d                                0x08005254   Section       86  f2d.o(x$fpl$f2d)
    x$fpl$fadd                               0x080052ac   Section      196  faddsub_clz.o(x$fpl$fadd)
    _fadd1                                   0x080052bb   Thumb Code     0  faddsub_clz.o(x$fpl$fadd)
    x$fpl$fcmpinf                            0x08005370   Section       24  fcmpi.o(x$fpl$fcmpinf)
    x$fpl$fdiv                               0x08005388   Section      388  fdiv.o(x$fpl$fdiv)
    _fdiv1                                   0x08005389   Thumb Code     0  fdiv.o(x$fpl$fdiv)
    x$fpl$ffix                               0x0800550c   Section       54  ffix.o(x$fpl$ffix)
    x$fpl$fflt                               0x08005544   Section       48  fflt_clz.o(x$fpl$fflt)
    x$fpl$fleqf                              0x08005574   Section      104  fleqf.o(x$fpl$fleqf)
    x$fpl$fmul                               0x080055dc   Section      258  fmul.o(x$fpl$fmul)
    x$fpl$fnaninf                            0x080056de   Section      140  fnaninf.o(x$fpl$fnaninf)
    x$fpl$fretinf                            0x0800576a   Section       10  fretinf.o(x$fpl$fretinf)
    x$fpl$frleqf                             0x08005774   Section       98  frleqf.o(x$fpl$frleqf)
    x$fpl$frsb                               0x080057d6   Section       20  faddsub_clz.o(x$fpl$frsb)
    x$fpl$fsub                               0x080057ec   Section      234  faddsub_clz.o(x$fpl$fsub)
    _fsub1                                   0x080057fb   Thumb Code     0  faddsub_clz.o(x$fpl$fsub)
    x$fpl$printf1                            0x080058d6   Section        4  printf1.o(x$fpl$printf1)
    x$fpl$usenofp                            0x080058da   Section        0  usenofp.o(x$fpl$usenofp)
    .constdata                               0x080058dc   Section       16  control.o(.constdata)
    .constdata                               0x080058ec   Section       40  _printf_hex_int_ll_ptr.o(.constdata)
    uc_hextab                                0x080058ec   Data          20  _printf_hex_int_ll_ptr.o(.constdata)
    lc_hextab                                0x08005900   Data          20  _printf_hex_int_ll_ptr.o(.constdata)
    .constdata                               0x08005914   Section       17  __printf_flags_ss_wp.o(.constdata)
    maptable                                 0x08005914   Data          17  __printf_flags_ss_wp.o(.constdata)
    .constdata                               0x08005928   Section        8  _printf_wctomb.o(.constdata)
    initial_mbstate                          0x08005928   Data           8  _printf_wctomb.o(.constdata)
    .constdata                               0x08005930   Section      148  bigflt0.o(.constdata)
    tenpwrs_x                                0x08005930   Data          60  bigflt0.o(.constdata)
    tenpwrs_i                                0x0800596c   Data          64  bigflt0.o(.constdata)
    locale$$data                             0x080059e4   Section       28  lc_numeric_c.o(locale$$data)
    __lcnum_c_name                           0x080059e8   Data           2  lc_numeric_c.o(locale$$data)
    __lcnum_c_start                          0x080059f0   Data           0  lc_numeric_c.o(locale$$data)
    __lcnum_c_point                          0x080059fc   Data           0  lc_numeric_c.o(locale$$data)
    __lcnum_c_thousands                      0x080059fe   Data           0  lc_numeric_c.o(locale$$data)
    __lcnum_c_grouping                       0x080059ff   Data           0  lc_numeric_c.o(locale$$data)
    locale$$data                             0x08005a00   Section      272  lc_ctype_c.o(locale$$data)
    __lcnum_c_end                            0x08005a00   Data           0  lc_numeric_c.o(locale$$data)
    __lcctype_c_name                         0x08005a04   Data           2  lc_ctype_c.o(locale$$data)
    __lcctype_c_start                        0x08005a0c   Data           0  lc_ctype_c.o(locale$$data)
    __lcctype_c_end                          0x08005b10   Data           0  lc_ctype_c.o(locale$$data)
    .data                                    0x20000000   Section        9  main.o(.data)
    .data                                    0x2000000c   Section       20  system_stm32f10x.o(.data)
    .data                                    0x20000020   Section      108  control.o(.data)
    Angle                                    0x20000034   Data           4  control.o(.data)
    Velocity                                 0x2000007c   Data           4  control.o(.data)
    Encoder_Least                            0x20000080   Data           4  control.o(.data)
    Encoder                                  0x20000084   Data           4  control.o(.data)
    Encoder_Integral                         0x20000088   Data           4  control.o(.data)
    .data                                    0x2000008c   Section        4  delay.o(.data)
    fac_us                                   0x2000008c   Data           1  delay.o(.data)
    fac_ms                                   0x2000008e   Data           2  delay.o(.data)
    .data                                    0x20000090   Section        8  usart.o(.data)
    .data                                    0x20000098   Section       20  stm32f10x_rcc.o(.data)
    APBAHBPrescTable                         0x20000098   Data          16  stm32f10x_rcc.o(.data)
    ADCPrescTable                            0x200000a8   Data           4  stm32f10x_rcc.o(.data)
    .bss                                     0x200000ac   Section     1200  usart.o(.bss)
    .bss                                     0x2000055c   Section       96  libspace.o(.bss)
    HEAP                                     0x200005c0   Section      512  startup_stm32f10x_md.o(HEAP)
    Heap_Mem                                 0x200005c0   Data         512  startup_stm32f10x_md.o(HEAP)
    STACK                                    0x200007c0   Section     1024  startup_stm32f10x_md.o(STACK)
    Stack_Mem                                0x200007c0   Data        1024  startup_stm32f10x_md.o(STACK)
    __initial_sp                             0x20000bc0   Data           0  startup_stm32f10x_md.o(STACK)

    Global Symbols

    Symbol Name                              Value     Ov Type        Size  Object(Section)

    BuildAttributes$$THM_ISAv4$P$D$K$B$S$PE$A:L22UL41UL21$X:L11$S22US41US21$IEEE1$IW$USESV6$~STKCKD$USESV7$~SHL$OTIME$ROPI$IEEEX$EBA8$UX$STANDARDLIB$REQ8$PRES8$EABIv2 0x00000000   Number         0  anon$$obj.o ABSOLUTE
    __ARM_use_no_argv                        0x00000000   Number         0  main.o ABSOLUTE
    _printf_flags                            0x00000000   Number         0  printf_stubs.o ABSOLUTE
    _printf_return_value                     0x00000000   Number         0  printf_stubs.o ABSOLUTE
    _printf_sizespec                         0x00000000   Number         0  printf_stubs.o ABSOLUTE
    _printf_widthprec                        0x00000000   Number         0  printf_stubs.o ABSOLUTE
    __ARM_exceptions_init                     - Undefined Weak Reference
    __alloca_initialize                       - Undefined Weak Reference
    __arm_preinit_                            - Undefined Weak Reference
    __cpp_initialize__aeabi_                  - Undefined Weak Reference
    __cxa_finalize                            - Undefined Weak Reference
    __sigvec_lookup                           - Undefined Weak Reference
    _atexit_init                              - Undefined Weak Reference
    _call_atexit_fns                          - Undefined Weak Reference
    _clock_init                               - Undefined Weak Reference
    _fp_trap_init                             - Undefined Weak Reference
    _fp_trap_shutdown                         - Undefined Weak Reference
    _get_lc_collate                           - Undefined Weak Reference
    _get_lc_monetary                          - Undefined Weak Reference
    _get_lc_time                              - Undefined Weak Reference
    _getenv_init                              - Undefined Weak Reference
    _handle_redirection                       - Undefined Weak Reference
    _init_alloc                               - Undefined Weak Reference
    _init_user_alloc                          - Undefined Weak Reference
    _initio                                   - Undefined Weak Reference
    _mutex_acquire                            - Undefined Weak Reference
    _mutex_release                            - Undefined Weak Reference
    _printf_fp_hex                            - Undefined Weak Reference
    _printf_mbtowc                            - Undefined Weak Reference
    _printf_wc                                - Undefined Weak Reference
    _rand_init                                - Undefined Weak Reference
    _signal_finish                            - Undefined Weak Reference
    _signal_init                              - Undefined Weak Reference
    _terminate_alloc                          - Undefined Weak Reference
    _terminate_user_alloc                     - Undefined Weak Reference
    _terminateio                              - Undefined Weak Reference
    __Vectors_Size                           0x000000ec   Number         0  startup_stm32f10x_md.o ABSOLUTE
    __Vectors                                0x08000000   Data           4  startup_stm32f10x_md.o(RESET)
    __Vectors_End                            0x080000ec   Data           0  startup_stm32f10x_md.o(RESET)
    __main                                   0x080000ed   Thumb Code     8  __main.o(!!!main)
    __scatterload                            0x080000f5   Thumb Code     0  __scatter.o(!!!scatter)
    __scatterload_rt2                        0x080000f5   Thumb Code    44  __scatter.o(!!!scatter)
    __scatterload_rt2_thumb_only             0x080000f5   Thumb Code     0  __scatter.o(!!!scatter)
    __scatterload_null                       0x08000103   Thumb Code     0  __scatter.o(!!!scatter)
    __scatterload_copy                       0x08000129   Thumb Code    26  __scatter_copy.o(!!handler_copy)
    __scatterload_zeroinit                   0x08000145   Thumb Code    28  __scatter_zi.o(!!handler_zi)
    _printf_n                                0x08000161   Thumb Code     0  _printf_n.o(.ARM.Collect$$_printf_percent$$00000001)
    _printf_percent                          0x08000161   Thumb Code     0  _printf_percent.o(.ARM.Collect$$_printf_percent$$00000000)
    _printf_p                                0x08000167   Thumb Code     0  _printf_p.o(.ARM.Collect$$_printf_percent$$00000002)
    _printf_f                                0x0800016d   Thumb Code     0  _printf_f.o(.ARM.Collect$$_printf_percent$$00000003)
    _printf_e                                0x08000173   Thumb Code     0  _printf_e.o(.ARM.Collect$$_printf_percent$$00000004)
    _printf_g                                0x08000179   Thumb Code     0  _printf_g.o(.ARM.Collect$$_printf_percent$$00000005)
    _printf_a                                0x0800017f   Thumb Code     0  _printf_a.o(.ARM.Collect$$_printf_percent$$00000006)
    _printf_ll                               0x08000185   Thumb Code     0  _printf_ll.o(.ARM.Collect$$_printf_percent$$00000007)
    _printf_i                                0x0800018f   Thumb Code     0  _printf_i.o(.ARM.Collect$$_printf_percent$$00000008)
    _printf_d                                0x08000195   Thumb Code     0  _printf_d.o(.ARM.Collect$$_printf_percent$$00000009)
    _printf_u                                0x0800019b   Thumb Code     0  _printf_u.o(.ARM.Collect$$_printf_percent$$0000000A)
    _printf_o                                0x080001a1   Thumb Code     0  _printf_o.o(.ARM.Collect$$_printf_percent$$0000000B)
    _printf_x                                0x080001a7   Thumb Code     0  _printf_x.o(.ARM.Collect$$_printf_percent$$0000000C)
    _printf_lli                              0x080001ad   Thumb Code     0  _printf_lli.o(.ARM.Collect$$_printf_percent$$0000000D)
    _printf_lld                              0x080001b3   Thumb Code     0  _printf_lld.o(.ARM.Collect$$_printf_percent$$0000000E)
    _printf_llu                              0x080001b9   Thumb Code     0  _printf_llu.o(.ARM.Collect$$_printf_percent$$0000000F)
    _printf_llo                              0x080001bf   Thumb Code     0  _printf_llo.o(.ARM.Collect$$_printf_percent$$00000010)
    _printf_llx                              0x080001c5   Thumb Code     0  _printf_llx.o(.ARM.Collect$$_printf_percent$$00000011)
    _printf_l                                0x080001cb   Thumb Code     0  _printf_l.o(.ARM.Collect$$_printf_percent$$00000012)
    _printf_c                                0x080001d5   Thumb Code     0  _printf_c.o(.ARM.Collect$$_printf_percent$$00000013)
    _printf_s                                0x080001db   Thumb Code     0  _printf_s.o(.ARM.Collect$$_printf_percent$$00000014)
    _printf_lc                               0x080001e1   Thumb Code     0  _printf_lc.o(.ARM.Collect$$_printf_percent$$00000015)
    _printf_ls                               0x080001e7   Thumb Code     0  _printf_ls.o(.ARM.Collect$$_printf_percent$$00000016)
    _printf_percent_end                      0x080001ed   Thumb Code     0  _printf_percent_end.o(.ARM.Collect$$_printf_percent$$00000017)
    __rt_lib_init                            0x080001f1   Thumb Code     0  libinit.o(.ARM.Collect$$libinit$$00000000)
    __rt_lib_init_fp_1                       0x080001f3   Thumb Code     0  libinit2.o(.ARM.Collect$$libinit$$00000002)
    __rt_lib_init_heap_1                     0x080001f3   Thumb Code     0  libinit2.o(.ARM.Collect$$libinit$$0000000A)
    __rt_lib_init_lc_common                  0x080001f3   Thumb Code     0  libinit2.o(.ARM.Collect$$libinit$$0000000F)
    __rt_lib_init_preinit_1                  0x080001f3   Thumb Code     0  libinit2.o(.ARM.Collect$$libinit$$00000004)
    __rt_lib_init_rand_1                     0x080001f3   Thumb Code     0  libinit2.o(.ARM.Collect$$libinit$$0000000E)
    __rt_lib_init_user_alloc_1               0x080001f3   Thumb Code     0  libinit2.o(.ARM.Collect$$libinit$$0000000C)
    __rt_lib_init_lc_collate_1               0x080001f9   Thumb Code     0  libinit2.o(.ARM.Collect$$libinit$$00000011)
    __rt_lib_init_lc_ctype_2                 0x080001f9   Thumb Code     0  libinit2.o(.ARM.Collect$$libinit$$00000012)
    __rt_lib_init_lc_ctype_1                 0x08000205   Thumb Code     0  libinit2.o(.ARM.Collect$$libinit$$00000013)
    __rt_lib_init_lc_monetary_1              0x08000205   Thumb Code     0  libinit2.o(.ARM.Collect$$libinit$$00000015)
    __rt_lib_init_lc_numeric_2               0x08000205   Thumb Code     0  libinit2.o(.ARM.Collect$$libinit$$00000016)
    __rt_lib_init_alloca_1                   0x0800020f   Thumb Code     0  libinit2.o(.ARM.Collect$$libinit$$0000002E)
    __rt_lib_init_argv_1                     0x0800020f   Thumb Code     0  libinit2.o(.ARM.Collect$$libinit$$0000002C)
    __rt_lib_init_atexit_1                   0x0800020f   Thumb Code     0  libinit2.o(.ARM.Collect$$libinit$$0000001B)
    __rt_lib_init_clock_1                    0x0800020f   Thumb Code     0  libinit2.o(.ARM.Collect$$libinit$$00000021)
    __rt_lib_init_cpp_1                      0x0800020f   Thumb Code     0  libinit2.o(.ARM.Collect$$libinit$$00000032)
    __rt_lib_init_exceptions_1               0x0800020f   Thumb Code     0  libinit2.o(.ARM.Collect$$libinit$$00000030)
    __rt_lib_init_fp_trap_1                  0x0800020f   Thumb Code     0  libinit2.o(.ARM.Collect$$libinit$$0000001F)
    __rt_lib_init_getenv_1                   0x0800020f   Thumb Code     0  libinit2.o(.ARM.Collect$$libinit$$00000023)
    __rt_lib_init_lc_numeric_1               0x0800020f   Thumb Code     0  libinit2.o(.ARM.Collect$$libinit$$00000017)
    __rt_lib_init_lc_time_1                  0x0800020f   Thumb Code     0  libinit2.o(.ARM.Collect$$libinit$$00000019)
    __rt_lib_init_return                     0x0800020f   Thumb Code     0  libinit2.o(.ARM.Collect$$libinit$$00000033)
    __rt_lib_init_signal_1                   0x0800020f   Thumb Code     0  libinit2.o(.ARM.Collect$$libinit$$0000001D)
    __rt_lib_init_stdio_1                    0x0800020f   Thumb Code     0  libinit2.o(.ARM.Collect$$libinit$$00000025)
    __rt_lib_shutdown                        0x08000211   Thumb Code     0  libshutdown.o(.ARM.Collect$$libshutdown$$00000000)
    __rt_lib_shutdown_cpp_1                  0x08000213   Thumb Code     0  libshutdown2.o(.ARM.Collect$$libshutdown$$00000002)
    __rt_lib_shutdown_fp_trap_1              0x08000213   Thumb Code     0  libshutdown2.o(.ARM.Collect$$libshutdown$$00000007)
    __rt_lib_shutdown_heap_1                 0x08000213   Thumb Code     0  libshutdown2.o(.ARM.Collect$$libshutdown$$0000000F)
    __rt_lib_shutdown_return                 0x08000213   Thumb Code     0  libshutdown2.o(.ARM.Collect$$libshutdown$$00000010)
    __rt_lib_shutdown_signal_1               0x08000213   Thumb Code     0  libshutdown2.o(.ARM.Collect$$libshutdown$$0000000A)
    __rt_lib_shutdown_stdio_1                0x08000213   Thumb Code     0  libshutdown2.o(.ARM.Collect$$libshutdown$$00000004)
    __rt_lib_shutdown_user_alloc_1           0x08000213   Thumb Code     0  libshutdown2.o(.ARM.Collect$$libshutdown$$0000000C)
    __rt_entry                               0x08000215   Thumb Code     0  __rtentry.o(.ARM.Collect$$rtentry$$00000000)
    __rt_entry_presh_1                       0x08000215   Thumb Code     0  __rtentry2.o(.ARM.Collect$$rtentry$$00000002)
    __rt_entry_sh                            0x08000215   Thumb Code     0  __rtentry4.o(.ARM.Collect$$rtentry$$00000004)
    __rt_entry_li                            0x0800021b   Thumb Code     0  __rtentry2.o(.ARM.Collect$$rtentry$$0000000A)
    __rt_entry_postsh_1                      0x0800021b   Thumb Code     0  __rtentry2.o(.ARM.Collect$$rtentry$$00000009)
    __rt_entry_main                          0x0800021f   Thumb Code     0  __rtentry2.o(.ARM.Collect$$rtentry$$0000000D)
    __rt_entry_postli_1                      0x0800021f   Thumb Code     0  __rtentry2.o(.ARM.Collect$$rtentry$$0000000C)
    __rt_exit                                0x08000227   Thumb Code     0  rtexit.o(.ARM.Collect$$rtexit$$00000000)
    __rt_exit_ls                             0x08000229   Thumb Code     0  rtexit2.o(.ARM.Collect$$rtexit$$00000003)
    __rt_exit_prels_1                        0x08000229   Thumb Code     0  rtexit2.o(.ARM.Collect$$rtexit$$00000002)
    __rt_exit_exit                           0x0800022d   Thumb Code     0  rtexit2.o(.ARM.Collect$$rtexit$$00000004)
    main                                     0x08000235   Thumb Code    60  main.o(.text)
    NMI_Handler                              0x08000275   Thumb Code     2  stm32f10x_it.o(.text)
    HardFault_Handler                        0x08000277   Thumb Code     4  stm32f10x_it.o(.text)
    MemManage_Handler                        0x0800027b   Thumb Code     4  stm32f10x_it.o(.text)
    BusFault_Handler                         0x0800027f   Thumb Code     4  stm32f10x_it.o(.text)
    UsageFault_Handler                       0x08000283   Thumb Code     4  stm32f10x_it.o(.text)
    SVC_Handler                              0x08000287   Thumb Code     2  stm32f10x_it.o(.text)
    DebugMon_Handler                         0x08000289   Thumb Code     2  stm32f10x_it.o(.text)
    PendSV_Handler                           0x0800028b   Thumb Code     2  stm32f10x_it.o(.text)
    SysTick_Handler                          0x0800028d   Thumb Code     2  stm32f10x_it.o(.text)
    SystemInit                               0x0800036f   Thumb Code    78  system_stm32f10x.o(.text)
    SystemCoreClockUpdate                    0x080003bd   Thumb Code   142  system_stm32f10x.o(.text)
    TIM3_Int_Init                            0x08000471   Thumb Code    90  timer.o(.text)
    TIM3_IRQHandler                          0x080004cb   Thumb Code    38  timer.o(.text)
    TIM3_PWM_Init                            0x080004f1   Thumb Code   130  timer.o(.text)
    encoder_right_init                       0x08000585   Thumb Code   194  encoder.o(.text)
    encoder_left_init                        0x08000647   Thumb Code   180  encoder.o(.text)
    encoder_init                             0x080006fb   Thumb Code    12  encoder.o(.text)
    Gpio_init                                0x08000711   Thumb Code    40  motor.o(.text)
    pwm_init                                 0x08000739   Thumb Code   156  motor.o(.text)
    Direction_Configuration                  0x080007d5   Thumb Code    50  motor.o(.text)
    Left_Go                                  0x08000807   Thumb Code    24  motor.o(.text)
    Left_Back                                0x0800081f   Thumb Code    24  motor.o(.text)
    Left_Stop                                0x08000837   Thumb Code    14  motor.o(.text)
    Right_Go                                 0x08000845   Thumb Code    24  motor.o(.text)
    Right_Back                               0x0800085d   Thumb Code    24  motor.o(.text)
    Right_Stop                               0x08000875   Thumb Code    14  motor.o(.text)
    gpio_init1                               0x08000883   Thumb Code    76  motor.o(.text)
    motor_init                               0x080008cf   Thumb Code    24  motor.o(.text)
    TIM4_Int_Init                            0x080008f5   Thumb Code    90  control.o(.text)
    TIM4_IRQHandler                          0x0800094f   Thumb Code    42  control.o(.text)
    Turn                                     0x08000979   Thumb Code    60  control.o(.text)
    Velocity                                 0x080009b5   Thumb Code   246  control.o(.text)
    Balance                                  0x08000aab   Thumb Code    62  control.o(.text)
    myabs                                    0x08000ae9   Thumb Code    14  control.o(.text)
    Xianfu_PWM                               0x08000af7   Thumb Code    62  control.o(.text)
    Stop                                     0x08000b35   Thumb Code    60  control.o(.text)
    Kalman_Filter                            0x08000b71   Thumb Code   548  control.o(.text)
    Angle_Calculate                          0x08000d95   Thumb Code   196  control.o(.text)
    Speed_Calculate                          0x08000e59   Thumb Code    88  control.o(.text)
    PWM_Calculate                            0x08000eb1   Thumb Code   106  control.o(.text)
    Set_PWM                                  0x08000f1b   Thumb Code    68  control.o(.text)
    Motor_Control                            0x08000f5f   Thumb Code    30  control.o(.text)
    Disable_Jtag                             0x08000f7d   Thumb Code    56  control.o(.text)
    Blue_tooth                               0x08000fb5   Thumb Code   124  control.o(.text)
    control                                  0x08001031   Thumb Code    24  control.o(.text)
    MPU_Write_Byte                           0x080010cd   Thumb Code    68  mpu6050.o(.text)
    MPU_Set_LPF                              0x08001111   Thumb Code    58  mpu6050.o(.text)
    MPU_Set_Rate                             0x0800114b   Thumb Code    58  mpu6050.o(.text)
    MPU_Read_Byte                            0x08001185   Thumb Code    58  mpu6050.o(.text)
    MPU_Set_Accel_Fsr                        0x080011bf   Thumb Code    16  mpu6050.o(.text)
    MPU_Set_Gyro_Fsr                         0x080011cf   Thumb Code    16  mpu6050.o(.text)
    MPU_Init                                 0x080011df   Thumb Code   122  mpu6050.o(.text)
    MPU_Read_Len                             0x08001259   Thumb Code   116  mpu6050.o(.text)
    MPU_Get_Temperature                      0x080012cd   Thumb Code    86  mpu6050.o(.text)
    MPU_Get_Gyroscope                        0x08001323   Thumb Code    80  mpu6050.o(.text)
    MPU_Get_Accelerometer                    0x08001373   Thumb Code    80  mpu6050.o(.text)
    MPU_Write_Len                            0x080013c3   Thumb Code    96  mpu6050.o(.text)
    IIC_Init                                 0x08001435   Thumb Code    50  iic.o(.text)
    IIC_Start                                0x08001467   Thumb Code    68  iic.o(.text)
    IIC_Stop                                 0x080014ab   Thumb Code    70  iic.o(.text)
    IIC_Wait_Ack                             0x080014f1   Thumb Code    90  iic.o(.text)
    IIC_Ack                                  0x0800154b   Thumb Code    74  iic.o(.text)
    IIC_NAck                                 0x08001595   Thumb Code    74  iic.o(.text)
    IIC_Send_Byte                            0x080015df   Thumb Code   108  iic.o(.text)
    IIC_Read_Byte                            0x0800164b   Thumb Code   104  iic.o(.text)
    delay_init                               0x080016c1   Thumb Code    50  delay.o(.text)
    delay_us                                 0x080016f3   Thumb Code    72  delay.o(.text)
    delay_ms                                 0x0800173b   Thumb Code    72  delay.o(.text)
    USART1_IRQHandler                        0x08001795   Thumb Code    94  usart.o(.text)
    usart1_init                              0x080017f3   Thumb Code   190  usart.o(.text)
    u3_printf                                0x080018b1   Thumb Code    72  usart.o(.text)
    _sys_exit                                0x080018f9   Thumb Code     6  usart.o(.text)
    fputc                                    0x080018ff   Thumb Code    24  usart.o(.text)
    Reset_Handler                            0x08001931   Thumb Code     8  startup_stm32f10x_md.o(.text)
    ADC1_2_IRQHandler                        0x0800194b   Thumb Code     0  startup_stm32f10x_md.o(.text)
    CAN1_RX1_IRQHandler                      0x0800194b   Thumb Code     0  startup_stm32f10x_md.o(.text)
    CAN1_SCE_IRQHandler                      0x0800194b   Thumb Code     0  startup_stm32f10x_md.o(.text)
    DMA1_Channel1_IRQHandler                 0x0800194b   Thumb Code     0  startup_stm32f10x_md.o(.text)
    DMA1_Channel2_IRQHandler                 0x0800194b   Thumb Code     0  startup_stm32f10x_md.o(.text)
    DMA1_Channel3_IRQHandler                 0x0800194b   Thumb Code     0  startup_stm32f10x_md.o(.text)
    DMA1_Channel4_IRQHandler                 0x0800194b   Thumb Code     0  startup_stm32f10x_md.o(.text)
    DMA1_Channel5_IRQHandler                 0x0800194b   Thumb Code     0  startup_stm32f10x_md.o(.text)
    DMA1_Channel6_IRQHandler                 0x0800194b   Thumb Code     0  startup_stm32f10x_md.o(.text)
    DMA1_Channel7_IRQHandler                 0x0800194b   Thumb Code     0  startup_stm32f10x_md.o(.text)
    EXTI0_IRQHandler                         0x0800194b   Thumb Code     0  startup_stm32f10x_md.o(.text)
    EXTI15_10_IRQHandler                     0x0800194b   Thumb Code     0  startup_stm32f10x_md.o(.text)
    EXTI1_IRQHandler                         0x0800194b   Thumb Code     0  startup_stm32f10x_md.o(.text)
    EXTI2_IRQHandler                         0x0800194b   Thumb Code     0  startup_stm32f10x_md.o(.text)
    EXTI3_IRQHandler                         0x0800194b   Thumb Code     0  startup_stm32f10x_md.o(.text)
    EXTI4_IRQHandler                         0x0800194b   Thumb Code     0  startup_stm32f10x_md.o(.text)
    EXTI9_5_IRQHandler                       0x0800194b   Thumb Code     0  startup_stm32f10x_md.o(.text)
    FLASH_IRQHandler                         0x0800194b   Thumb Code     0  startup_stm32f10x_md.o(.text)
    I2C1_ER_IRQHandler                       0x0800194b   Thumb Code     0  startup_stm32f10x_md.o(.text)
    I2C1_EV_IRQHandler                       0x0800194b   Thumb Code     0  startup_stm32f10x_md.o(.text)
    I2C2_ER_IRQHandler                       0x0800194b   Thumb Code     0  startup_stm32f10x_md.o(.text)
    I2C2_EV_IRQHandler                       0x0800194b   Thumb Code     0  startup_stm32f10x_md.o(.text)
    PVD_IRQHandler                           0x0800194b   Thumb Code     0  startup_stm32f10x_md.o(.text)
    RCC_IRQHandler                           0x0800194b   Thumb Code     0  startup_stm32f10x_md.o(.text)
    RTCAlarm_IRQHandler                      0x0800194b   Thumb Code     0  startup_stm32f10x_md.o(.text)
    RTC_IRQHandler                           0x0800194b   Thumb Code     0  startup_stm32f10x_md.o(.text)
    SPI1_IRQHandler                          0x0800194b   Thumb Code     0  startup_stm32f10x_md.o(.text)
    SPI2_IRQHandler                          0x0800194b   Thumb Code     0  startup_stm32f10x_md.o(.text)
    TAMPER_IRQHandler                        0x0800194b   Thumb Code     0  startup_stm32f10x_md.o(.text)
    TIM1_BRK_IRQHandler                      0x0800194b   Thumb Code     0  startup_stm32f10x_md.o(.text)
    TIM1_CC_IRQHandler                       0x0800194b   Thumb Code     0  startup_stm32f10x_md.o(.text)
    TIM1_TRG_COM_IRQHandler                  0x0800194b   Thumb Code     0  startup_stm32f10x_md.o(.text)
    TIM1_UP_IRQHandler                       0x0800194b   Thumb Code     0  startup_stm32f10x_md.o(.text)
    TIM2_IRQHandler                          0x0800194b   Thumb Code     0  startup_stm32f10x_md.o(.text)
    USART2_IRQHandler                        0x0800194b   Thumb Code     0  startup_stm32f10x_md.o(.text)
    USART3_IRQHandler                        0x0800194b   Thumb Code     0  startup_stm32f10x_md.o(.text)
    USBWakeUp_IRQHandler                     0x0800194b   Thumb Code     0  startup_stm32f10x_md.o(.text)
    USB_HP_CAN1_TX_IRQHandler                0x0800194b   Thumb Code     0  startup_stm32f10x_md.o(.text)
    USB_LP_CAN1_RX0_IRQHandler               0x0800194b   Thumb Code     0  startup_stm32f10x_md.o(.text)
    WWDG_IRQHandler                          0x0800194b   Thumb Code     0  startup_stm32f10x_md.o(.text)
    __user_initial_stackheap                 0x0800194d   Thumb Code     0  startup_stm32f10x_md.o(.text)
    NVIC_PriorityGroupConfig                 0x08001971   Thumb Code    10  misc.o(.text)
    NVIC_Init                                0x0800197b   Thumb Code   100  misc.o(.text)
    NVIC_SetVectorTable                      0x080019df   Thumb Code    14  misc.o(.text)
    NVIC_SystemLPConfig                      0x080019ed   Thumb Code    34  misc.o(.text)
    SysTick_CLKSourceConfig                  0x08001a0f   Thumb Code    40  misc.o(.text)
    GPIO_DeInit                              0x08001a4d   Thumb Code   172  stm32f10x_gpio.o(.text)
    GPIO_AFIODeInit                          0x08001af9   Thumb Code    20  stm32f10x_gpio.o(.text)
    GPIO_Init                                0x08001b0d   Thumb Code   278  stm32f10x_gpio.o(.text)
    GPIO_StructInit                          0x08001c23   Thumb Code    16  stm32f10x_gpio.o(.text)
    GPIO_ReadInputDataBit                    0x08001c33   Thumb Code    18  stm32f10x_gpio.o(.text)
    GPIO_ReadInputData                       0x08001c45   Thumb Code     8  stm32f10x_gpio.o(.text)
    GPIO_ReadOutputDataBit                   0x08001c4d   Thumb Code    18  stm32f10x_gpio.o(.text)
    GPIO_ReadOutputData                      0x08001c5f   Thumb Code     8  stm32f10x_gpio.o(.text)
    GPIO_SetBits                             0x08001c67   Thumb Code     4  stm32f10x_gpio.o(.text)
    GPIO_ResetBits                           0x08001c6b   Thumb Code     4  stm32f10x_gpio.o(.text)
    GPIO_WriteBit                            0x08001c6f   Thumb Code    10  stm32f10x_gpio.o(.text)
    GPIO_Write                               0x08001c79   Thumb Code     4  stm32f10x_gpio.o(.text)
    GPIO_PinLockConfig                       0x08001c7d   Thumb Code    18  stm32f10x_gpio.o(.text)
    GPIO_EventOutputConfig                   0x08001c8f   Thumb Code    26  stm32f10x_gpio.o(.text)
    GPIO_EventOutputCmd                      0x08001ca9   Thumb Code     6  stm32f10x_gpio.o(.text)
    GPIO_PinRemapConfig                      0x08001caf   Thumb Code   138  stm32f10x_gpio.o(.text)
    GPIO_EXTILineConfig                      0x08001d39   Thumb Code    66  stm32f10x_gpio.o(.text)
    GPIO_ETH_MediaInterfaceConfig            0x08001d7b   Thumb Code     8  stm32f10x_gpio.o(.text)
    RCC_DeInit                               0x08001da9   Thumb Code    64  stm32f10x_rcc.o(.text)
    RCC_HSEConfig                            0x08001de9   Thumb Code    70  stm32f10x_rcc.o(.text)
    RCC_GetFlagStatus                        0x08001e2f   Thumb Code    56  stm32f10x_rcc.o(.text)
    RCC_WaitForHSEStartUp                    0x08001e67   Thumb Code    56  stm32f10x_rcc.o(.text)
    RCC_AdjustHSICalibrationValue            0x08001e9f   Thumb Code    20  stm32f10x_rcc.o(.text)
    RCC_HSICmd                               0x08001eb3   Thumb Code     6  stm32f10x_rcc.o(.text)
    RCC_PLLConfig                            0x08001eb9   Thumb Code    24  stm32f10x_rcc.o(.text)
    RCC_PLLCmd                               0x08001ed1   Thumb Code     6  stm32f10x_rcc.o(.text)
    RCC_SYSCLKConfig                         0x08001ed7   Thumb Code    18  stm32f10x_rcc.o(.text)
    RCC_GetSYSCLKSource                      0x08001ee9   Thumb Code    10  stm32f10x_rcc.o(.text)
    RCC_HCLKConfig                           0x08001ef3   Thumb Code    18  stm32f10x_rcc.o(.text)
    RCC_PCLK1Config                          0x08001f05   Thumb Code    18  stm32f10x_rcc.o(.text)
    RCC_PCLK2Config                          0x08001f17   Thumb Code    20  stm32f10x_rcc.o(.text)
    RCC_ITConfig                             0x08001f2b   Thumb Code    26  stm32f10x_rcc.o(.text)
    RCC_USBCLKConfig                         0x08001f45   Thumb Code     8  stm32f10x_rcc.o(.text)
    RCC_ADCCLKConfig                         0x08001f4d   Thumb Code    18  stm32f10x_rcc.o(.text)
    RCC_LSEConfig                            0x08001f5f   Thumb Code    50  stm32f10x_rcc.o(.text)
    RCC_LSICmd                               0x08001f91   Thumb Code     6  stm32f10x_rcc.o(.text)
    RCC_RTCCLKConfig                         0x08001f97   Thumb Code    12  stm32f10x_rcc.o(.text)
    RCC_RTCCLKCmd                            0x08001fa3   Thumb Code     8  stm32f10x_rcc.o(.text)
    RCC_GetClocksFreq                        0x08001fab   Thumb Code   192  stm32f10x_rcc.o(.text)
    RCC_AHBPeriphClockCmd                    0x0800206b   Thumb Code    26  stm32f10x_rcc.o(.text)
    RCC_APB2PeriphClockCmd                   0x08002085   Thumb Code    26  stm32f10x_rcc.o(.text)
    RCC_APB1PeriphClockCmd                   0x0800209f   Thumb Code    26  stm32f10x_rcc.o(.text)
    RCC_APB2PeriphResetCmd                   0x080020b9   Thumb Code    26  stm32f10x_rcc.o(.text)
    RCC_APB1PeriphResetCmd                   0x080020d3   Thumb Code    26  stm32f10x_rcc.o(.text)
    RCC_BackupResetCmd                       0x080020ed   Thumb Code     8  stm32f10x_rcc.o(.text)
    RCC_ClockSecuritySystemCmd               0x080020f5   Thumb Code     6  stm32f10x_rcc.o(.text)
    RCC_MCOConfig                            0x080020fb   Thumb Code     6  stm32f10x_rcc.o(.text)
    RCC_ClearFlag                            0x08002101   Thumb Code    14  stm32f10x_rcc.o(.text)
    RCC_GetITStatus                          0x0800210f   Thumb Code    20  stm32f10x_rcc.o(.text)
    RCC_ClearITPendingBit                    0x08002123   Thumb Code     6  stm32f10x_rcc.o(.text)
    TIM_DeInit                               0x0800214d   Thumb Code   424  stm32f10x_tim.o(.text)
    TIM_TimeBaseInit                         0x080022f5   Thumb Code   122  stm32f10x_tim.o(.text)
    TIM_OC1Init                              0x0800236f   Thumb Code   132  stm32f10x_tim.o(.text)
    TIM_OC2Init                              0x080023f3   Thumb Code   154  stm32f10x_tim.o(.text)
    TIM_OC3Init                              0x0800248d   Thumb Code   150  stm32f10x_tim.o(.text)
    TIM_OC4Init                              0x08002523   Thumb Code   182  stm32f10x_tim.o(.text)
    TIM_SetIC4Prescaler                      0x080025d9   Thumb Code    26  stm32f10x_tim.o(.text)
    TIM_SetIC3Prescaler                      0x08002675   Thumb Code    18  stm32f10x_tim.o(.text)
    TIM_SetIC2Prescaler                      0x08002701   Thumb Code    26  stm32f10x_tim.o(.text)
    TIM_SetIC1Prescaler                      0x0800279d   Thumb Code    18  stm32f10x_tim.o(.text)
    TIM_ICInit                               0x0800281b   Thumb Code   150  stm32f10x_tim.o(.text)
    TIM_PWMIConfig                           0x080028b1   Thumb Code   124  stm32f10x_tim.o(.text)
    TIM_BDTRConfig                           0x0800292d   Thumb Code    32  stm32f10x_tim.o(.text)
    TIM_TimeBaseStructInit                   0x0800294d   Thumb Code    18  stm32f10x_tim.o(.text)
    TIM_OCStructInit                         0x0800295f   Thumb Code    20  stm32f10x_tim.o(.text)
    TIM_ICStructInit                         0x08002973   Thumb Code    18  stm32f10x_tim.o(.text)
    TIM_BDTRStructInit                       0x08002985   Thumb Code    40  stm32f10x_tim.o(.text)
    TIM_Cmd                                  0x080029ad   Thumb Code    24  stm32f10x_tim.o(.text)
    TIM_CtrlPWMOutputs                       0x080029c5   Thumb Code    30  stm32f10x_tim.o(.text)
    TIM_ITConfig                             0x080029e3   Thumb Code    18  stm32f10x_tim.o(.text)
    TIM_GenerateEvent                        0x080029f5   Thumb Code     4  stm32f10x_tim.o(.text)
    TIM_DMAConfig                            0x080029f9   Thumb Code    10  stm32f10x_tim.o(.text)
    TIM_DMACmd                               0x08002a03   Thumb Code    18  stm32f10x_tim.o(.text)
    TIM_InternalClockConfig                  0x08002a15   Thumb Code    12  stm32f10x_tim.o(.text)
    TIM_SelectInputTrigger                   0x08002a21   Thumb Code    18  stm32f10x_tim.o(.text)
    TIM_ITRxExternalClockConfig              0x08002a33   Thumb Code    24  stm32f10x_tim.o(.text)
    TIM_TIxExternalClockConfig               0x08002a4b   Thumb Code    62  stm32f10x_tim.o(.text)
    TIM_ETRConfig                            0x08002a89   Thumb Code    28  stm32f10x_tim.o(.text)
    TIM_ETRClockMode1Config                  0x08002aa5   Thumb Code    54  stm32f10x_tim.o(.text)
    TIM_ETRClockMode2Config                  0x08002adb   Thumb Code    32  stm32f10x_tim.o(.text)
    TIM_PrescalerConfig                      0x08002afb   Thumb Code     6  stm32f10x_tim.o(.text)
    TIM_CounterModeConfig                    0x08002b01   Thumb Code    18  stm32f10x_tim.o(.text)
    TIM_EncoderInterfaceConfig               0x08002b13   Thumb Code    66  stm32f10x_tim.o(.text)
    TIM_ForcedOC1Config                      0x08002b55   Thumb Code    18  stm32f10x_tim.o(.text)
    TIM_ForcedOC2Config                      0x08002b67   Thumb Code    26  stm32f10x_tim.o(.text)
    TIM_ForcedOC3Config                      0x08002b81   Thumb Code    18  stm32f10x_tim.o(.text)
    TIM_ForcedOC4Config                      0x08002b93   Thumb Code    26  stm32f10x_tim.o(.text)
    TIM_ARRPreloadConfig                     0x08002bad   Thumb Code    24  stm32f10x_tim.o(.text)
    TIM_SelectCOM                            0x08002bc5   Thumb Code    24  stm32f10x_tim.o(.text)
    TIM_SelectCCDMA                          0x08002bdd   Thumb Code    24  stm32f10x_tim.o(.text)
    TIM_CCPreloadControl                     0x08002bf5   Thumb Code    24  stm32f10x_tim.o(.text)
    TIM_OC1PreloadConfig                     0x08002c0d   Thumb Code    18  stm32f10x_tim.o(.text)
    TIM_OC2PreloadConfig                     0x08002c1f   Thumb Code    26  stm32f10x_tim.o(.text)
    TIM_OC3PreloadConfig                     0x08002c39   Thumb Code    18  stm32f10x_tim.o(.text)
    TIM_OC4PreloadConfig                     0x08002c4b   Thumb Code    26  stm32f10x_tim.o(.text)
    TIM_OC1FastConfig                        0x08002c65   Thumb Code    18  stm32f10x_tim.o(.text)
    TIM_OC2FastConfig                        0x08002c77   Thumb Code    26  stm32f10x_tim.o(.text)
    TIM_OC3FastConfig                        0x08002c91   Thumb Code    18  stm32f10x_tim.o(.text)
    TIM_OC4FastConfig                        0x08002ca3   Thumb Code    26  stm32f10x_tim.o(.text)
    TIM_ClearOC1Ref                          0x08002cbd   Thumb Code    18  stm32f10x_tim.o(.text)
    TIM_ClearOC2Ref                          0x08002ccf   Thumb Code    24  stm32f10x_tim.o(.text)
    TIM_ClearOC3Ref                          0x08002ce7   Thumb Code    18  stm32f10x_tim.o(.text)
    TIM_ClearOC4Ref                          0x08002cf9   Thumb Code    24  stm32f10x_tim.o(.text)
    TIM_OC1PolarityConfig                    0x08002d11   Thumb Code    18  stm32f10x_tim.o(.text)
    TIM_OC1NPolarityConfig                   0x08002d23   Thumb Code    18  stm32f10x_tim.o(.text)
    TIM_OC2PolarityConfig                    0x08002d35   Thumb Code    26  stm32f10x_tim.o(.text)
    TIM_OC2NPolarityConfig                   0x08002d4f   Thumb Code    26  stm32f10x_tim.o(.text)
    TIM_OC3PolarityConfig                    0x08002d69   Thumb Code    26  stm32f10x_tim.o(.text)
    TIM_OC3NPolarityConfig                   0x08002d83   Thumb Code    26  stm32f10x_tim.o(.text)
    TIM_OC4PolarityConfig                    0x08002d9d   Thumb Code    26  stm32f10x_tim.o(.text)
    TIM_CCxCmd                               0x08002db7   Thumb Code    30  stm32f10x_tim.o(.text)
    TIM_CCxNCmd                              0x08002dd5   Thumb Code    30  stm32f10x_tim.o(.text)
    TIM_SelectOCxM                           0x08002df3   Thumb Code    82  stm32f10x_tim.o(.text)
    TIM_UpdateDisableConfig                  0x08002e45   Thumb Code    24  stm32f10x_tim.o(.text)
    TIM_UpdateRequestConfig                  0x08002e5d   Thumb Code    24  stm32f10x_tim.o(.text)
    TIM_SelectHallSensor                     0x08002e75   Thumb Code    24  stm32f10x_tim.o(.text)
    TIM_SelectOnePulseMode                   0x08002e8d   Thumb Code    18  stm32f10x_tim.o(.text)
    TIM_SelectOutputTrigger                  0x08002e9f   Thumb Code    18  stm32f10x_tim.o(.text)
    TIM_SelectSlaveMode                      0x08002eb1   Thumb Code    18  stm32f10x_tim.o(.text)
    TIM_SelectMasterSlaveMode                0x08002ec3   Thumb Code    18  stm32f10x_tim.o(.text)
    TIM_SetCounter                           0x08002ed5   Thumb Code     4  stm32f10x_tim.o(.text)
    TIM_SetAutoreload                        0x08002ed9   Thumb Code     4  stm32f10x_tim.o(.text)
    TIM_SetCompare1                          0x08002edd   Thumb Code     4  stm32f10x_tim.o(.text)
    TIM_SetCompare2                          0x08002ee1   Thumb Code     4  stm32f10x_tim.o(.text)
    TIM_SetCompare3                          0x08002ee5   Thumb Code     4  stm32f10x_tim.o(.text)
    TIM_SetCompare4                          0x08002ee9   Thumb Code     6  stm32f10x_tim.o(.text)
    TIM_SetClockDivision                     0x08002eef   Thumb Code    18  stm32f10x_tim.o(.text)
    TIM_GetCapture1                          0x08002f01   Thumb Code     6  stm32f10x_tim.o(.text)
    TIM_GetCapture2                          0x08002f07   Thumb Code     6  stm32f10x_tim.o(.text)
    TIM_GetCapture3                          0x08002f0d   Thumb Code     6  stm32f10x_tim.o(.text)
    TIM_GetCapture4                          0x08002f13   Thumb Code     8  stm32f10x_tim.o(.text)
    TIM_GetCounter                           0x08002f1b   Thumb Code     6  stm32f10x_tim.o(.text)
    TIM_GetPrescaler                         0x08002f21   Thumb Code     6  stm32f10x_tim.o(.text)
    TIM_GetFlagStatus                        0x08002f27   Thumb Code    18  stm32f10x_tim.o(.text)
    TIM_ClearFlag                            0x08002f39   Thumb Code     6  stm32f10x_tim.o(.text)
    TIM_GetITStatus                          0x08002f3f   Thumb Code    34  stm32f10x_tim.o(.text)
    TIM_ClearITPendingBit                    0x08002f61   Thumb Code     6  stm32f10x_tim.o(.text)
    USART_DeInit                             0x08002f69   Thumb Code   134  stm32f10x_usart.o(.text)
    USART_Init                               0x08002fef   Thumb Code   210  stm32f10x_usart.o(.text)
    USART_StructInit                         0x080030c1   Thumb Code    24  stm32f10x_usart.o(.text)
    USART_ClockInit                          0x080030d9   Thumb Code    34  stm32f10x_usart.o(.text)
    USART_ClockStructInit                    0x080030fb   Thumb Code    12  stm32f10x_usart.o(.text)
    USART_Cmd                                0x08003107   Thumb Code    24  stm32f10x_usart.o(.text)
    USART_ITConfig                           0x0800311f   Thumb Code    74  stm32f10x_usart.o(.text)
    USART_DMACmd                             0x08003169   Thumb Code    18  stm32f10x_usart.o(.text)
    USART_SetAddress                         0x0800317b   Thumb Code    18  stm32f10x_usart.o(.text)
    USART_WakeUpConfig                       0x0800318d   Thumb Code    18  stm32f10x_usart.o(.text)
    USART_ReceiverWakeUpCmd                  0x0800319f   Thumb Code    24  stm32f10x_usart.o(.text)
    USART_LINBreakDetectLengthConfig         0x080031b7   Thumb Code    18  stm32f10x_usart.o(.text)
    USART_LINCmd                             0x080031c9   Thumb Code    24  stm32f10x_usart.o(.text)
    USART_SendData                           0x080031e1   Thumb Code     8  stm32f10x_usart.o(.text)
    USART_ReceiveData                        0x080031e9   Thumb Code    10  stm32f10x_usart.o(.text)
    USART_SendBreak                          0x080031f3   Thumb Code    10  stm32f10x_usart.o(.text)
    USART_SetGuardTime                       0x080031fd   Thumb Code    16  stm32f10x_usart.o(.text)
    USART_SetPrescaler                       0x0800320d   Thumb Code    16  stm32f10x_usart.o(.text)
    USART_SmartCardCmd                       0x0800321d   Thumb Code    24  stm32f10x_usart.o(.text)
    USART_SmartCardNACKCmd                   0x08003235   Thumb Code    24  stm32f10x_usart.o(.text)
    USART_HalfDuplexCmd                      0x0800324d   Thumb Code    24  stm32f10x_usart.o(.text)
    USART_OverSampling8Cmd                   0x08003265   Thumb Code    22  stm32f10x_usart.o(.text)
    USART_OneBitMethodCmd                    0x0800327b   Thumb Code    24  stm32f10x_usart.o(.text)
    USART_IrDAConfig                         0x08003293   Thumb Code    18  stm32f10x_usart.o(.text)
    USART_IrDACmd                            0x080032a5   Thumb Code    24  stm32f10x_usart.o(.text)
    USART_GetFlagStatus                      0x080032bd   Thumb Code    26  stm32f10x_usart.o(.text)
    USART_ClearFlag                          0x080032d7   Thumb Code    18  stm32f10x_usart.o(.text)
    USART_GetITStatus                        0x080032e9   Thumb Code    84  stm32f10x_usart.o(.text)
    USART_ClearITPendingBit                  0x0800333d   Thumb Code    52  stm32f10x_usart.o(.text)
    __use_no_semihosting                     0x08003371   Thumb Code     2  use_no_semi_2.o(.text)
    __c89vsprintf                            0x08003375   Thumb Code    32  c89vsprintf.o(.text)
    _printf_pre_padding                      0x08003399   Thumb Code    44  _printf_pad.o(.text)
    _printf_post_padding                     0x080033c5   Thumb Code    34  _printf_pad.o(.text)
    _printf_int_dec                          0x080033e9   Thumb Code   104  _printf_dec.o(.text)
    _printf_longlong_hex                     0x08003461   Thumb Code    86  _printf_hex_int_ll_ptr.o(.text)
    _printf_int_hex                          0x080034b7   Thumb Code    28  _printf_hex_int_ll_ptr.o(.text)
    _printf_ll_hex                           0x080034d3   Thumb Code    12  _printf_hex_int_ll_ptr.o(.text)
    _printf_hex_ptr                          0x080034df   Thumb Code    18  _printf_hex_int_ll_ptr.o(.text)
    __printf                                 0x080034f5   Thumb Code   388  __printf_flags_ss_wp.o(.text)
    strlen                                   0x0800367d   Thumb Code    62  strlen.o(.text)
    __use_two_region_memory                  0x080036bb   Thumb Code     2  heapauxi.o(.text)
    __rt_heap_escrow$2region                 0x080036bd   Thumb Code     2  heapauxi.o(.text)
    __rt_heap_expand$2region                 0x080036bf   Thumb Code     2  heapauxi.o(.text)
    __I$use$semihosting                      0x080036c1   Thumb Code     0  use_no_semi.o(.text)
    __use_no_semihosting_swi                 0x080036c1   Thumb Code     2  use_no_semi.o(.text)
    _printf_truncate_signed                  0x080036c3   Thumb Code    18  _printf_truncate.o(.text)
    _printf_truncate_unsigned                0x080036d5   Thumb Code    18  _printf_truncate.o(.text)
    _printf_str                              0x080036e7   Thumb Code    82  _printf_str.o(.text)
    _printf_int_common                       0x08003739   Thumb Code   178  _printf_intcommon.o(.text)
    _printf_charcount                        0x080037eb   Thumb Code    40  _printf_charcount.o(.text)
    _printf_char_common                      0x0800381f   Thumb Code    32  _printf_char_common.o(.text)
    _sputc                                   0x08003845   Thumb Code    10  _sputc.o(.text)
    _printf_wctomb                           0x08003851   Thumb Code   182  _printf_wctomb.o(.text)
    _printf_longlong_dec                     0x0800390d   Thumb Code   108  _printf_longlong_dec.o(.text)
    _printf_longlong_oct                     0x08003989   Thumb Code    68  _printf_oct_int_ll.o(.text)
    _printf_int_oct                          0x080039cd   Thumb Code    24  _printf_oct_int_ll.o(.text)
    _printf_ll_oct                           0x080039e5   Thumb Code    12  _printf_oct_int_ll.o(.text)
    _ll_udiv10                               0x080039f9   Thumb Code   138  lludiv10.o(.text)
    __lib_sel_fp_printf                      0x08003a83   Thumb Code     2  _printf_fp_dec.o(.text)
    _printf_fp_dec_real                      0x08003c31   Thumb Code   620  _printf_fp_dec.o(.text)
    _printf_cs_common                        0x08003e9d   Thumb Code    20  _printf_char.o(.text)
    _printf_char                             0x08003eb1   Thumb Code    16  _printf_char.o(.text)
    _printf_string                           0x08003ec1   Thumb Code     8  _printf_char.o(.text)
    _printf_lcs_common                       0x08003ec9   Thumb Code    20  _printf_wchar.o(.text)
    _printf_wchar                            0x08003edd   Thumb Code    16  _printf_wchar.o(.text)
    _printf_wstring                          0x08003eed   Thumb Code     8  _printf_wchar.o(.text)
    _wcrtomb                                 0x08003ef5   Thumb Code    64  _wcrtomb.o(.text)
    __user_libspace                          0x08003f35   Thumb Code     8  libspace.o(.text)
    __user_perproc_libspace                  0x08003f35   Thumb Code     0  libspace.o(.text)
    __user_perthread_libspace                0x08003f35   Thumb Code     0  libspace.o(.text)
    __user_setup_stackheap                   0x08003f3d   Thumb Code    74  sys_stackheap_outer.o(.text)
    __rt_ctype_table                         0x08003f89   Thumb Code    16  rt_ctype_table.o(.text)
    __rt_locale                              0x08003f99   Thumb Code     8  rt_locale_intlibspace.o(.text)
    _printf_fp_infnan                        0x08003fa1   Thumb Code   112  _printf_fp_infnan.o(.text)
    _btod_etento                             0x08004021   Thumb Code   216  bigflt0.o(.text)
    exit                                     0x080040fd   Thumb Code    18  exit.o(.text)
    strcmp                                   0x08004111   Thumb Code   128  strcmpv7m.o(.text)
    _btod_d2e                                0x08004191   Thumb Code    62  btod.o(CL$$btod_d2e)
    _d2e_denorm_low                          0x080041cf   Thumb Code    70  btod.o(CL$$btod_d2e_denorm_low)
    _d2e_norm_op1                            0x08004215   Thumb Code    96  btod.o(CL$$btod_d2e_norm_op1)
    __btod_div_common                        0x08004275   Thumb Code   696  btod.o(CL$$btod_div_common)
    _e2e                                     0x080045ad   Thumb Code   198  btod.o(CL$$btod_e2e)
    _btod_ediv                               0x08004673   Thumb Code    40  btod.o(CL$$btod_ediv)
    _btod_emul                               0x0800469b   Thumb Code    40  btod.o(CL$$btod_emul)
    __btod_mult_common                       0x080046c3   Thumb Code   580  btod.o(CL$$btod_mult_common)
    __ARM_fpclassify                         0x08004907   Thumb Code    40  fpclassify.o(i.__ARM_fpclassify)
    _is_digit                                0x0800492f   Thumb Code    14  __printf_wp.o(i._is_digit)
    _get_lc_numeric                          0x0800493d   Thumb Code    44  lc_numeric_c.o(locale$$code)
    _get_lc_ctype                            0x08004969   Thumb Code    44  lc_ctype_c.o(locale$$code)
    __aeabi_d2f                              0x08004995   Thumb Code     0  d2f.o(x$fpl$d2f)
    _d2f                                     0x08004995   Thumb Code    98  d2f.o(x$fpl$d2f)
    __aeabi_dadd                             0x080049f9   Thumb Code     0  daddsub_clz.o(x$fpl$dadd)
    _dadd                                    0x080049f9   Thumb Code   332  daddsub_clz.o(x$fpl$dadd)
    __aeabi_ddiv                             0x08004b49   Thumb Code     0  ddiv.o(x$fpl$ddiv)
    _ddiv                                    0x08004b49   Thumb Code   552  ddiv.o(x$fpl$ddiv)
    __aeabi_d2iz                             0x08004df9   Thumb Code     0  dfix.o(x$fpl$dfix)
    _dfix                                    0x08004df9   Thumb Code    94  dfix.o(x$fpl$dfix)
    __aeabi_i2d                              0x08004e57   Thumb Code     0  dflt_clz.o(x$fpl$dflt)
    _dflt                                    0x08004e57   Thumb Code    46  dflt_clz.o(x$fpl$dflt)
    __aeabi_dmul                             0x08004e85   Thumb Code     0  dmul.o(x$fpl$dmul)
    _dmul                                    0x08004e85   Thumb Code   332  dmul.o(x$fpl$dmul)
    __fpl_dnaninf                            0x08004fd9   Thumb Code   156  dnaninf.o(x$fpl$dnaninf)
    __fpl_dretinf                            0x08005075   Thumb Code    12  dretinf.o(x$fpl$dretinf)
    __aeabi_dsub                             0x08005081   Thumb Code     0  daddsub_clz.o(x$fpl$dsub)
    _dsub                                    0x08005081   Thumb Code   464  daddsub_clz.o(x$fpl$dsub)
    __aeabi_f2d                              0x08005255   Thumb Code     0  f2d.o(x$fpl$f2d)
    _f2d                                     0x08005255   Thumb Code    86  f2d.o(x$fpl$f2d)
    __aeabi_fadd                             0x080052ad   Thumb Code     0  faddsub_clz.o(x$fpl$fadd)
    _fadd                                    0x080052ad   Thumb Code   196  faddsub_clz.o(x$fpl$fadd)
    __fpl_fcmp_Inf                           0x08005371   Thumb Code    24  fcmpi.o(x$fpl$fcmpinf)
    __aeabi_fdiv                             0x08005389   Thumb Code     0  fdiv.o(x$fpl$fdiv)
    _fdiv                                    0x08005389   Thumb Code   384  fdiv.o(x$fpl$fdiv)
    __aeabi_f2iz                             0x0800550d   Thumb Code     0  ffix.o(x$fpl$ffix)
    _ffix                                    0x0800550d   Thumb Code    54  ffix.o(x$fpl$ffix)
    __aeabi_i2f                              0x08005545   Thumb Code     0  fflt_clz.o(x$fpl$fflt)
    _fflt                                    0x08005545   Thumb Code    48  fflt_clz.o(x$fpl$fflt)
    __aeabi_cfcmple                          0x08005575   Thumb Code     0  fleqf.o(x$fpl$fleqf)
    _fcmple                                  0x08005575   Thumb Code   104  fleqf.o(x$fpl$fleqf)
    __fpl_fcmple_InfNaN                      0x080055c7   Thumb Code     0  fleqf.o(x$fpl$fleqf)
    __aeabi_fmul                             0x080055dd   Thumb Code     0  fmul.o(x$fpl$fmul)
    _fmul                                    0x080055dd   Thumb Code   258  fmul.o(x$fpl$fmul)
    __fpl_fnaninf                            0x080056df   Thumb Code   140  fnaninf.o(x$fpl$fnaninf)
    __fpl_fretinf                            0x0800576b   Thumb Code    10  fretinf.o(x$fpl$fretinf)
    __aeabi_cfrcmple                         0x08005775   Thumb Code     0  frleqf.o(x$fpl$frleqf)
    _frcmple                                 0x08005775   Thumb Code    98  frleqf.o(x$fpl$frleqf)
    __aeabi_frsub                            0x080057d7   Thumb Code     0  faddsub_clz.o(x$fpl$frsb)
    _frsb                                    0x080057d7   Thumb Code    20  faddsub_clz.o(x$fpl$frsb)
    __aeabi_fsub                             0x080057ed   Thumb Code     0  faddsub_clz.o(x$fpl$fsub)
    _fsub                                    0x080057ed   Thumb Code   234  faddsub_clz.o(x$fpl$fsub)
    _printf_fp_dec                           0x080058d7   Thumb Code     4  printf1.o(x$fpl$printf1)
    __I$use$fp                               0x080058da   Number         0  usenofp.o(x$fpl$usenofp)
    Region$$Table$$Base                      0x080059c4   Number         0  anon$$obj.o(Region$$Table)
    Region$$Table$$Limit                     0x080059e4   Number         0  anon$$obj.o(Region$$Table)
    __ctype                                  0x08005a0d   Data           0  lc_ctype_c.o(locale$$data)
    i                                        0x20000000   Data           4  main.o(.data)
    a                                        0x20000004   Data           4  main.o(.data)
    reclen                                   0x20000008   Data           1  main.o(.data)
    SystemCoreClock                          0x2000000c   Data           4  system_stm32f10x.o(.data)
    AHBPrescTable                            0x20000010   Data          16  system_stm32f10x.o(.data)
    aacx                                     0x20000020   Data           2  control.o(.data)
    aacy                                     0x20000022   Data           2  control.o(.data)
    aacz                                     0x20000024   Data           2  control.o(.data)
    ay_angle                                 0x20000028   Data           4  control.o(.data)
    gyrox                                    0x2000002c   Data           2  control.o(.data)
    gyroy                                    0x2000002e   Data           2  control.o(.data)
    gyroz                                    0x20000030   Data           2  control.o(.data)
    Gyro                                     0x20000038   Data           4  control.o(.data)
    Gyro_x                                   0x2000003c   Data           4  control.o(.data)
    Gyro_y                                   0x20000040   Data           4  control.o(.data)
    BalancePWM                               0x20000044   Data           4  control.o(.data)
    VelocityPWM                              0x20000048   Data           4  control.o(.data)
    TurnPWM                                  0x2000004c   Data           4  control.o(.data)
    Encoder_Left                             0x20000050   Data           4  control.o(.data)
    Encoder_Right                            0x20000054   Data           4  control.o(.data)
    A                                        0x20000058   Data           2  control.o(.data)
    B                                        0x2000005a   Data           2  control.o(.data)
    C                                        0x2000005c   Data           2  control.o(.data)
    sudu                                     0x20000060   Data           4  control.o(.data)
    zhuanxiang                               0x20000064   Data           4  control.o(.data)
    PWM                                      0x20000068   Data           4  control.o(.data)
    speed_r_l                                0x2000006c   Data           4  control.o(.data)
    speed                                    0x20000070   Data           4  control.o(.data)
    Motor_Right                              0x20000074   Data           4  control.o(.data)
    Motor_Left                               0x20000078   Data           4  control.o(.data)
    USART1_RX_STA                            0x20000090   Data           2  usart.o(.data)
    __stdout                                 0x20000094   Data           4  usart.o(.data)
    USART1_RX_BUF                            0x200000ac   Data         600  usart.o(.bss)
    USART1_TX_BUF                            0x20000304   Data         600  usart.o(.bss)
    __libspace_start                         0x2000055c   Data          96  libspace.o(.bss)
    __temporary_stack_top$libspace           0x200005bc   Data           0  libspace.o(.bss)



==============================================================================

Memory Map of the image

  Image Entry point : 0x080000ed

  Load Region LR_IROM1 (Base: 0x08000000, Size: 0x00005bbc, Max: 0x00080000, ABSOLUTE)

    Execution Region ER_IROM1 (Base: 0x08000000, Size: 0x00005b10, Max: 0x00080000, ABSOLUTE)

    Base Addr    Size         Type   Attr      Idx    E Section Name        Object

    0x08000000   0x000000ec   Data   RO          359    RESET               startup_stm32f10x_md.o
    0x080000ec   0x00000008   Code   RO          511  * !!!main             c_w.l(__main.o)
    0x080000f4   0x00000034   Code   RO          935    !!!scatter          c_w.l(__scatter.o)
    0x08000128   0x0000001a   Code   RO          937    !!handler_copy      c_w.l(__scatter_copy.o)
    0x08000142   0x00000002   PAD
    0x08000144   0x0000001c   Code   RO          939    !!handler_zi        c_w.l(__scatter_zi.o)
    0x08000160   0x00000000   Code   RO          502    .ARM.Collect$$_printf_percent$$00000000  c_w.l(_printf_percent.o)
    0x08000160   0x00000006   Code   RO          623    .ARM.Collect$$_printf_percent$$00000001  c_w.l(_printf_n.o)
    0x08000166   0x00000006   Code   RO          624    .ARM.Collect$$_printf_percent$$00000002  c_w.l(_printf_p.o)
    0x0800016c   0x00000006   Code   RO          628    .ARM.Collect$$_printf_percent$$00000003  c_w.l(_printf_f.o)
    0x08000172   0x00000006   Code   RO          629    .ARM.Collect$$_printf_percent$$00000004  c_w.l(_printf_e.o)
    0x08000178   0x00000006   Code   RO          630    .ARM.Collect$$_printf_percent$$00000005  c_w.l(_printf_g.o)
    0x0800017e   0x00000006   Code   RO          631    .ARM.Collect$$_printf_percent$$00000006  c_w.l(_printf_a.o)
    0x08000184   0x0000000a   Code   RO          636    .ARM.Collect$$_printf_percent$$00000007  c_w.l(_printf_ll.o)
    0x0800018e   0x00000006   Code   RO          626    .ARM.Collect$$_printf_percent$$00000008  c_w.l(_printf_i.o)
    0x08000194   0x00000006   Code   RO          501    .ARM.Collect$$_printf_percent$$00000009  c_w.l(_printf_d.o)
    0x0800019a   0x00000006   Code   RO          627    .ARM.Collect$$_printf_percent$$0000000A  c_w.l(_printf_u.o)
    0x080001a0   0x00000006   Code   RO          625    .ARM.Collect$$_printf_percent$$0000000B  c_w.l(_printf_o.o)
    0x080001a6   0x00000006   Code   RO          500    .ARM.Collect$$_printf_percent$$0000000C  c_w.l(_printf_x.o)
    0x080001ac   0x00000006   Code   RO          633    .ARM.Collect$$_printf_percent$$0000000D  c_w.l(_printf_lli.o)
    0x080001b2   0x00000006   Code   RO          634    .ARM.Collect$$_printf_percent$$0000000E  c_w.l(_printf_lld.o)
    0x080001b8   0x00000006   Code   RO          635    .ARM.Collect$$_printf_percent$$0000000F  c_w.l(_printf_llu.o)
    0x080001be   0x00000006   Code   RO          640    .ARM.Collect$$_printf_percent$$00000010  c_w.l(_printf_llo.o)
    0x080001c4   0x00000006   Code   RO          641    .ARM.Collect$$_printf_percent$$00000011  c_w.l(_printf_llx.o)
    0x080001ca   0x0000000a   Code   RO          637    .ARM.Collect$$_printf_percent$$00000012  c_w.l(_printf_l.o)
    0x080001d4   0x00000006   Code   RO          621    .ARM.Collect$$_printf_percent$$00000013  c_w.l(_printf_c.o)
    0x080001da   0x00000006   Code   RO          622    .ARM.Collect$$_printf_percent$$00000014  c_w.l(_printf_s.o)
    0x080001e0   0x00000006   Code   RO          638    .ARM.Collect$$_printf_percent$$00000015  c_w.l(_printf_lc.o)
    0x080001e6   0x00000006   Code   RO          639    .ARM.Collect$$_printf_percent$$00000016  c_w.l(_printf_ls.o)
    0x080001ec   0x00000004   Code   RO          632    .ARM.Collect$$_printf_percent$$00000017  c_w.l(_printf_percent_end.o)
    0x080001f0   0x00000002   Code   RO          795    .ARM.Collect$$libinit$$00000000  c_w.l(libinit.o)
    0x080001f2   0x00000000   Code   RO          814    .ARM.Collect$$libinit$$00000002  c_w.l(libinit2.o)
    0x080001f2   0x00000000   Code   RO          816    .ARM.Collect$$libinit$$00000004  c_w.l(libinit2.o)
    0x080001f2   0x00000000   Code   RO          819    .ARM.Collect$$libinit$$0000000A  c_w.l(libinit2.o)
    0x080001f2   0x00000000   Code   RO          821    .ARM.Collect$$libinit$$0000000C  c_w.l(libinit2.o)
    0x080001f2   0x00000000   Code   RO          823    .ARM.Collect$$libinit$$0000000E  c_w.l(libinit2.o)
    0x080001f2   0x00000006   Code   RO          824    .ARM.Collect$$libinit$$0000000F  c_w.l(libinit2.o)
    0x080001f8   0x00000000   Code   RO          826    .ARM.Collect$$libinit$$00000011  c_w.l(libinit2.o)
    0x080001f8   0x0000000c   Code   RO          827    .ARM.Collect$$libinit$$00000012  c_w.l(libinit2.o)
    0x08000204   0x00000000   Code   RO          828    .ARM.Collect$$libinit$$00000013  c_w.l(libinit2.o)
    0x08000204   0x00000000   Code   RO          830    .ARM.Collect$$libinit$$00000015  c_w.l(libinit2.o)
    0x08000204   0x0000000a   Code   RO          831    .ARM.Collect$$libinit$$00000016  c_w.l(libinit2.o)
    0x0800020e   0x00000000   Code   RO          832    .ARM.Collect$$libinit$$00000017  c_w.l(libinit2.o)
    0x0800020e   0x00000000   Code   RO          834    .ARM.Collect$$libinit$$00000019  c_w.l(libinit2.o)
    0x0800020e   0x00000000   Code   RO          836    .ARM.Collect$$libinit$$0000001B  c_w.l(libinit2.o)
    0x0800020e   0x00000000   Code   RO          838    .ARM.Collect$$libinit$$0000001D  c_w.l(libinit2.o)
    0x0800020e   0x00000000   Code   RO          840    .ARM.Collect$$libinit$$0000001F  c_w.l(libinit2.o)
    0x0800020e   0x00000000   Code   RO          842    .ARM.Collect$$libinit$$00000021  c_w.l(libinit2.o)
    0x0800020e   0x00000000   Code   RO          844    .ARM.Collect$$libinit$$00000023  c_w.l(libinit2.o)
    0x0800020e   0x00000000   Code   RO          846    .ARM.Collect$$libinit$$00000025  c_w.l(libinit2.o)
    0x0800020e   0x00000000   Code   RO          850    .ARM.Collect$$libinit$$0000002C  c_w.l(libinit2.o)
    0x0800020e   0x00000000   Code   RO          852    .ARM.Collect$$libinit$$0000002E  c_w.l(libinit2.o)
    0x0800020e   0x00000000   Code   RO          854    .ARM.Collect$$libinit$$00000030  c_w.l(libinit2.o)
    0x0800020e   0x00000000   Code   RO          856    .ARM.Collect$$libinit$$00000032  c_w.l(libinit2.o)
    0x0800020e   0x00000002   Code   RO          857    .ARM.Collect$$libinit$$00000033  c_w.l(libinit2.o)
    0x08000210   0x00000002   Code   RO          887    .ARM.Collect$$libshutdown$$00000000  c_w.l(libshutdown.o)
    0x08000212   0x00000000   Code   RO          901    .ARM.Collect$$libshutdown$$00000002  c_w.l(libshutdown2.o)
    0x08000212   0x00000000   Code   RO          903    .ARM.Collect$$libshutdown$$00000004  c_w.l(libshutdown2.o)
    0x08000212   0x00000000   Code   RO          906    .ARM.Collect$$libshutdown$$00000007  c_w.l(libshutdown2.o)
    0x08000212   0x00000000   Code   RO          909    .ARM.Collect$$libshutdown$$0000000A  c_w.l(libshutdown2.o)
    0x08000212   0x00000000   Code   RO          911    .ARM.Collect$$libshutdown$$0000000C  c_w.l(libshutdown2.o)
    0x08000212   0x00000000   Code   RO          914    .ARM.Collect$$libshutdown$$0000000F  c_w.l(libshutdown2.o)
    0x08000212   0x00000002   Code   RO          915    .ARM.Collect$$libshutdown$$00000010  c_w.l(libshutdown2.o)
    0x08000214   0x00000000   Code   RO          591    .ARM.Collect$$rtentry$$00000000  c_w.l(__rtentry.o)
    0x08000214   0x00000000   Code   RO          697    .ARM.Collect$$rtentry$$00000002  c_w.l(__rtentry2.o)
    0x08000214   0x00000006   Code   RO          709    .ARM.Collect$$rtentry$$00000004  c_w.l(__rtentry4.o)
    0x0800021a   0x00000000   Code   RO          699    .ARM.Collect$$rtentry$$00000009  c_w.l(__rtentry2.o)
    0x0800021a   0x00000004   Code   RO          700    .ARM.Collect$$rtentry$$0000000A  c_w.l(__rtentry2.o)
    0x0800021e   0x00000000   Code   RO          702    .ARM.Collect$$rtentry$$0000000C  c_w.l(__rtentry2.o)
    0x0800021e   0x00000008   Code   RO          703    .ARM.Collect$$rtentry$$0000000D  c_w.l(__rtentry2.o)
    0x08000226   0x00000002   Code   RO          802    .ARM.Collect$$rtexit$$00000000  c_w.l(rtexit.o)
    0x08000228   0x00000000   Code   RO          861    .ARM.Collect$$rtexit$$00000002  c_w.l(rtexit2.o)
    0x08000228   0x00000004   Code   RO          862    .ARM.Collect$$rtexit$$00000003  c_w.l(rtexit2.o)
    0x0800022c   0x00000006   Code   RO          863    .ARM.Collect$$rtexit$$00000004  c_w.l(rtexit2.o)
    0x08000232   0x00000002   PAD
    0x08000234   0x00000040   Code   RO            1    .text               main.o
    0x08000274   0x0000001a   Code   RO           91    .text               stm32f10x_it.o
    0x0800028e   0x00000002   PAD
    0x08000290   0x000001e0   Code   RO          123    .text               system_stm32f10x.o
    0x08000470   0x00000114   Code   RO          141    .text               timer.o
    0x08000584   0x0000018c   Code   RO          156    .text               encoder.o
    0x08000710   0x000001e4   Code   RO          168    .text               motor.o
    0x080008f4   0x000007d8   Code   RO          180    .text               control.o
    0x080010cc   0x00000368   Code   RO          207    .text               mpu6050.o
    0x08001434   0x0000028c   Code   RO          278    .text               iic.o
    0x080016c0   0x000000d4   Code   RO          290    .text               delay.o
    0x08001794   0x0000019c   Code   RO          316    .text               usart.o
    0x08001930   0x00000040   Code   RO          360    .text               startup_stm32f10x_md.o
    0x08001970   0x000000dc   Code   RO          364    .text               misc.o
    0x08001a4c   0x0000035c   Code   RO          376    .text               stm32f10x_gpio.o
    0x08001da8   0x000003a4   Code   RO          388    .text               stm32f10x_rcc.o
    0x0800214c   0x00000e1a   Code   RO          402    .text               stm32f10x_tim.o
    0x08002f66   0x00000002   PAD
    0x08002f68   0x00000408   Code   RO          414    .text               stm32f10x_usart.o
    0x08003370   0x00000002   Code   RO          443    .text               c_w.l(use_no_semi_2.o)
    0x08003372   0x00000002   PAD
    0x08003374   0x00000024   Code   RO          447    .text               c_w.l(c89vsprintf.o)
    0x08003398   0x0000004e   Code   RO          455    .text               c_w.l(_printf_pad.o)
    0x080033e6   0x00000002   PAD
    0x080033e8   0x00000078   Code   RO          457    .text               c_w.l(_printf_dec.o)
    0x08003460   0x00000094   Code   RO          477    .text               c_w.l(_printf_hex_int_ll_ptr.o)
    0x080034f4   0x00000188   Code   RO          497    .text               c_w.l(__printf_flags_ss_wp.o)
    0x0800367c   0x0000003e   Code   RO          505    .text               c_w.l(strlen.o)
    0x080036ba   0x00000006   Code   RO          509    .text               c_w.l(heapauxi.o)
    0x080036c0   0x00000002   Code   RO          589    .text               c_w.l(use_no_semi.o)
    0x080036c2   0x00000024   Code   RO          596    .text               c_w.l(_printf_truncate.o)
    0x080036e6   0x00000052   Code   RO          598    .text               c_w.l(_printf_str.o)
    0x08003738   0x000000b2   Code   RO          600    .text               c_w.l(_printf_intcommon.o)
    0x080037ea   0x00000028   Code   RO          602    .text               c_w.l(_printf_charcount.o)
    0x08003812   0x00000002   PAD
    0x08003814   0x00000030   Code   RO          604    .text               c_w.l(_printf_char_common.o)
    0x08003844   0x0000000a   Code   RO          606    .text               c_w.l(_sputc.o)
    0x0800384e   0x00000002   PAD
    0x08003850   0x000000bc   Code   RO          610    .text               c_w.l(_printf_wctomb.o)
    0x0800390c   0x0000007c   Code   RO          613    .text               c_w.l(_printf_longlong_dec.o)
    0x08003988   0x00000070   Code   RO          619    .text               c_w.l(_printf_oct_int_ll.o)
    0x080039f8   0x0000008a   Code   RO          720    .text               c_w.l(lludiv10.o)
    0x08003a82   0x0000041a   Code   RO          722    .text               c_w.l(_printf_fp_dec.o)
    0x08003e9c   0x0000002c   Code   RO          726    .text               c_w.l(_printf_char.o)
    0x08003ec8   0x0000002c   Code   RO          728    .text               c_w.l(_printf_wchar.o)
    0x08003ef4   0x00000040   Code   RO          734    .text               c_w.l(_wcrtomb.o)
    0x08003f34   0x00000008   Code   RO          744    .text               c_w.l(libspace.o)
    0x08003f3c   0x0000004a   Code   RO          747    .text               c_w.l(sys_stackheap_outer.o)
    0x08003f86   0x00000002   PAD
    0x08003f88   0x00000010   Code   RO          749    .text               c_w.l(rt_ctype_table.o)
    0x08003f98   0x00000008   Code   RO          756    .text               c_w.l(rt_locale_intlibspace.o)
    0x08003fa0   0x00000080   Code   RO          758    .text               c_w.l(_printf_fp_infnan.o)
    0x08004020   0x000000dc   Code   RO          760    .text               c_w.l(bigflt0.o)
    0x080040fc   0x00000012   Code   RO          788    .text               c_w.l(exit.o)
    0x0800410e   0x00000002   PAD
    0x08004110   0x00000080   Code   RO          811    .text               c_w.l(strcmpv7m.o)
    0x08004190   0x0000003e   Code   RO          763    CL$$btod_d2e        c_w.l(btod.o)
    0x080041ce   0x00000046   Code   RO          765    CL$$btod_d2e_denorm_low  c_w.l(btod.o)
    0x08004214   0x00000060   Code   RO          764    CL$$btod_d2e_norm_op1  c_w.l(btod.o)
    0x08004274   0x00000338   Code   RO          773    CL$$btod_div_common  c_w.l(btod.o)
    0x080045ac   0x000000c6   Code   RO          770    CL$$btod_e2e        c_w.l(btod.o)
    0x08004672   0x00000028   Code   RO          767    CL$$btod_ediv       c_w.l(btod.o)
    0x0800469a   0x00000028   Code   RO          766    CL$$btod_emul       c_w.l(btod.o)
    0x080046c2   0x00000244   Code   RO          772    CL$$btod_mult_common  c_w.l(btod.o)
    0x08004906   0x00000028   Code   RO          683    i.__ARM_fpclassify  m_ws.l(fpclassify.o)
    0x0800492e   0x0000000e   Code   RO          490    i._is_digit         c_w.l(__printf_wp.o)
    0x0800493c   0x0000002c   Code   RO          786    locale$$code        c_w.l(lc_numeric_c.o)
    0x08004968   0x0000002c   Code   RO          805    locale$$code        c_w.l(lc_ctype_c.o)
    0x08004994   0x00000062   Code   RO          513    x$fpl$d2f           fz_ws.l(d2f.o)
    0x080049f6   0x00000002   PAD
    0x080049f8   0x00000150   Code   RO          515    x$fpl$dadd          fz_ws.l(daddsub_clz.o)
    0x08004b48   0x000002b0   Code   RO          522    x$fpl$ddiv          fz_ws.l(ddiv.o)
    0x08004df8   0x0000005e   Code   RO          525    x$fpl$dfix          fz_ws.l(dfix.o)
    0x08004e56   0x0000002e   Code   RO          530    x$fpl$dflt          fz_ws.l(dflt_clz.o)
    0x08004e84   0x00000154   Code   RO          535    x$fpl$dmul          fz_ws.l(dmul.o)
    0x08004fd8   0x0000009c   Code   RO          644    x$fpl$dnaninf       fz_ws.l(dnaninf.o)
    0x08005074   0x0000000c   Code   RO          646    x$fpl$dretinf       fz_ws.l(dretinf.o)
    0x08005080   0x000001d4   Code   RO          517    x$fpl$dsub          fz_ws.l(daddsub_clz.o)
    0x08005254   0x00000056   Code   RO          537    x$fpl$f2d           fz_ws.l(f2d.o)
    0x080052aa   0x00000002   PAD
    0x080052ac   0x000000c4   Code   RO          539    x$fpl$fadd          fz_ws.l(faddsub_clz.o)
    0x08005370   0x00000018   Code   RO          648    x$fpl$fcmpinf       fz_ws.l(fcmpi.o)
    0x08005388   0x00000184   Code   RO          546    x$fpl$fdiv          fz_ws.l(fdiv.o)
    0x0800550c   0x00000036   Code   RO          551    x$fpl$ffix          fz_ws.l(ffix.o)
    0x08005542   0x00000002   PAD
    0x08005544   0x00000030   Code   RO          560    x$fpl$fflt          fz_ws.l(fflt_clz.o)
    0x08005574   0x00000068   Code   RO          565    x$fpl$fleqf         fz_ws.l(fleqf.o)
    0x080055dc   0x00000102   Code   RO          567    x$fpl$fmul          fz_ws.l(fmul.o)
    0x080056de   0x0000008c   Code   RO          650    x$fpl$fnaninf       fz_ws.l(fnaninf.o)
    0x0800576a   0x0000000a   Code   RO          652    x$fpl$fretinf       fz_ws.l(fretinf.o)
    0x08005774   0x00000062   Code   RO          569    x$fpl$frleqf        fz_ws.l(frleqf.o)
    0x080057d6   0x00000014   Code   RO          540    x$fpl$frsb          fz_ws.l(faddsub_clz.o)
    0x080057ea   0x00000002   PAD
    0x080057ec   0x000000ea   Code   RO          541    x$fpl$fsub          fz_ws.l(faddsub_clz.o)
    0x080058d6   0x00000004   Code   RO          654    x$fpl$printf1       fz_ws.l(printf1.o)
    0x080058da   0x00000000   Code   RO          658    x$fpl$usenofp       fz_ws.l(usenofp.o)
    0x080058da   0x00000002   PAD
    0x080058dc   0x00000010   Data   RO          181    .constdata          control.o
    0x080058ec   0x00000028   Data   RO          478    .constdata          c_w.l(_printf_hex_int_ll_ptr.o)
    0x08005914   0x00000011   Data   RO          498    .constdata          c_w.l(__printf_flags_ss_wp.o)
    0x08005925   0x00000003   PAD
    0x08005928   0x00000008   Data   RO          611    .constdata          c_w.l(_printf_wctomb.o)
    0x08005930   0x00000094   Data   RO          761    .constdata          c_w.l(bigflt0.o)
    0x080059c4   0x00000020   Data   RO          933    Region$$Table       anon$$obj.o
    0x080059e4   0x0000001c   Data   RO          785    locale$$data        c_w.l(lc_numeric_c.o)
    0x08005a00   0x00000110   Data   RO          804    locale$$data        c_w.l(lc_ctype_c.o)


    Execution Region RW_IRAM1 (Base: 0x20000000, Size: 0x00000bc0, Max: 0x00010000, ABSOLUTE)

    Base Addr    Size         Type   Attr      Idx    E Section Name        Object

    0x20000000   0x00000009   Data   RW            2    .data               main.o
    0x20000009   0x00000003   PAD
    0x2000000c   0x00000014   Data   RW          124    .data               system_stm32f10x.o
    0x20000020   0x0000006c   Data   RW          182    .data               control.o
    0x2000008c   0x00000004   Data   RW          291    .data               delay.o
    0x20000090   0x00000008   Data   RW          318    .data               usart.o
    0x20000098   0x00000014   Data   RW          389    .data               stm32f10x_rcc.o
    0x200000ac   0x000004b0   Zero   RW          317    .bss                usart.o
    0x2000055c   0x00000060   Zero   RW          745    .bss                c_w.l(libspace.o)
    0x200005bc   0x00000004   PAD
    0x200005c0   0x00000200   Zero   RW          358    HEAP                startup_stm32f10x_md.o
    0x200007c0   0x00000400   Zero   RW          357    STACK               startup_stm32f10x_md.o


==============================================================================

Image component sizes


      Code (inc. data)   RO Data    RW Data    ZI Data      Debug   Object Name

      2008        244         16        108          0       5656   control.o
         0          0          0          0          0         32   core_cm3.o
       212         18          0          4          0       1107   delay.o
       396         10          0          0          0       1216   encoder.o
       652         14          0          0          0       1916   iic.o
        64          4          0          9          0     253784   main.o
       220         22          0          0          0       1873   misc.o
       484         14          0          0          0       2018   motor.o
       872         18          0          0          0       4459   mpu6050.o
        64         26        236          0       1536        816   startup_stm32f10x_md.o
       860         38          0          0          0       5805   stm32f10x_gpio.o
        26          0          0          0          0       1218   stm32f10x_it.o
       932         36          0         20          0       9020   stm32f10x_rcc.o
      3610         88          0          0          0      22912   stm32f10x_tim.o
      1032         22          0          0          0       8532   stm32f10x_usart.o
       480         38          0         20          0       1851   system_stm32f10x.o
       276         18          0          0          0       1234   timer.o
       412         26          0          8       1200       4322   usart.o

    ----------------------------------------------------------------------
     12604        636        284        172       2736     327771   Object Totals
         0          0         32          0          0          0   (incl. Generated)
         4          0          0          3          0          0   (incl. Padding)

    ----------------------------------------------------------------------

      Code (inc. data)   RO Data    RW Data    ZI Data      Debug   Library Member Name

         8          0          0          0          0         68   __main.o
       392          4         17          0          0         92   __printf_flags_ss_wp.o
        14          0          0          0          0         68   __printf_wp.o
         0          0          0          0          0          0   __rtentry.o
        12          0          0          0          0          0   __rtentry2.o
         6          0          0          0          0          0   __rtentry4.o
        52          8          0          0          0          0   __scatter.o
        26          0          0          0          0          0   __scatter_copy.o
        28          0          0          0          0          0   __scatter_zi.o
         6          0          0          0          0          0   _printf_a.o
         6          0          0          0          0          0   _printf_c.o
        44          0          0          0          0        108   _printf_char.o
        48          6          0          0          0         96   _printf_char_common.o
        40          0          0          0          0         68   _printf_charcount.o
         6          0          0          0          0          0   _printf_d.o
       120         16          0          0          0         92   _printf_dec.o
         6          0          0          0          0          0   _printf_e.o
         6          0          0          0          0          0   _printf_f.o
      1050          0          0          0          0        216   _printf_fp_dec.o
       128         16          0          0          0         84   _printf_fp_infnan.o
         6          0          0          0          0          0   _printf_g.o
       148          4         40          0          0        160   _printf_hex_int_ll_ptr.o
         6          0          0          0          0          0   _printf_i.o
       178          0          0          0          0         88   _printf_intcommon.o
        10          0          0          0          0          0   _printf_l.o
         6          0          0          0          0          0   _printf_lc.o
        10          0          0          0          0          0   _printf_ll.o
         6          0          0          0          0          0   _printf_lld.o
         6          0          0          0          0          0   _printf_lli.o
         6          0          0          0          0          0   _printf_llo.o
         6          0          0          0          0          0   _printf_llu.o
         6          0          0          0          0          0   _printf_llx.o
       124         16          0          0          0         92   _printf_longlong_dec.o
         6          0          0          0          0          0   _printf_ls.o
         6          0          0          0          0          0   _printf_n.o
         6          0          0          0          0          0   _printf_o.o
       112          8          0          0          0        124   _printf_oct_int_ll.o
         6          0          0          0          0          0   _printf_p.o
        78          0          0          0          0        108   _printf_pad.o
         0          0          0          0          0          0   _printf_percent.o
         4          0          0          0          0          0   _printf_percent_end.o
         6          0          0          0          0          0   _printf_s.o
        82          0          0          0          0         80   _printf_str.o
        36          0          0          0          0         84   _printf_truncate.o
         6          0          0          0          0          0   _printf_u.o
        44          0          0          0          0        108   _printf_wchar.o
       188          6          8          0          0         92   _printf_wctomb.o
         6          0          0          0          0          0   _printf_x.o
        10          0          0          0          0         68   _sputc.o
        64          0          0          0          0         92   _wcrtomb.o
       220          4        148          0          0         96   bigflt0.o
      1910        128          0          0          0        672   btod.o
        36          4          0          0          0         76   c89vsprintf.o
        18          0          0          0          0         80   exit.o
         6          0          0          0          0        152   heapauxi.o
        44         10        272          0          0         76   lc_ctype_c.o
        44         10         28          0          0         76   lc_numeric_c.o
         2          0          0          0          0          0   libinit.o
        30          0          0          0          0          0   libinit2.o
         2          0          0          0          0          0   libshutdown.o
         2          0          0          0          0          0   libshutdown2.o
         8          4          0          0         96         68   libspace.o
       138          0          0          0          0         80   lludiv10.o
        16          4          0          0          0         76   rt_ctype_table.o
         8          4          0          0          0         68   rt_locale_intlibspace.o
         2          0          0          0          0          0   rtexit.o
        10          0          0          0          0          0   rtexit2.o
       128          0          0          0          0         68   strcmpv7m.o
        62          0          0          0          0         76   strlen.o
        74          0          0          0          0         80   sys_stackheap_outer.o
         2          0          0          0          0         68   use_no_semi.o
         2          0          0          0          0         68   use_no_semi_2.o
        98          4          0          0          0         92   d2f.o
       804         16          0          0          0        272   daddsub_clz.o
       688        140          0          0          0        208   ddiv.o
        94          4          0          0          0         92   dfix.o
        46          0          0          0          0         68   dflt_clz.o
       340         12          0          0          0        104   dmul.o
       156          4          0          0          0         92   dnaninf.o
        12          0          0          0          0         68   dretinf.o
        86          4          0          0          0         84   f2d.o
       450          8          0          0          0        236   faddsub_clz.o
        24          0          0          0          0         68   fcmpi.o
       388         76          0          0          0         96   fdiv.o
        54          4          0          0          0         84   ffix.o
        48          0          0          0          0         68   fflt_clz.o
       104          4          0          0          0         84   fleqf.o
       258          4          0          0          0         84   fmul.o
       140          4          0          0          0         84   fnaninf.o
        10          0          0          0          0         68   fretinf.o
        98          0          0          0          0         68   frleqf.o
         4          0          0          0          0         68   printf1.o
         0          0          0          0          0          0   usenofp.o
        40          0          0          0          0         68   fpclassify.o

    ----------------------------------------------------------------------
      9908        536        516          0        100       6024   Library Totals
        26          0          3          0          4          0   (incl. Padding)

    ----------------------------------------------------------------------

      Code (inc. data)   RO Data    RW Data    ZI Data      Debug   Library Name

      5940        252        513          0         96       3868   c_w.l
      3902        284          0          0          0       2088   fz_ws.l
        40          0          0          0          0         68   m_ws.l

    ----------------------------------------------------------------------
      9908        536        516          0        100       6024   Library Totals

    ----------------------------------------------------------------------

==============================================================================


      Code (inc. data)   RO Data    RW Data    ZI Data      Debug   

     22512       1172        800        172       2836     329215   Grand Totals
     22512       1172        800        172       2836     329215   ELF Image Totals
     22512       1172        800        172          0          0   ROM Totals

==============================================================================

    Total RO  Size (Code + RO Data)                23312 (  22.77kB)
    Total RW  Size (RW Data + ZI Data)              3008 (   2.94kB)
    Total ROM Size (Code + RO Data + RW Data)      23484 (  22.93kB)

==============================================================================

