<html>
<body>
<pre>
<h1>礦ision Build Log</h1>
<h2>Tool Versions:</h2>
IDE-Version: μVision V5.20.0.0
Copyright (C) 2016 ARM Ltd and ARM Germany GmbH. All rights reserved.
License Information: 7777 ttt, gg, LIC=9N0AR-KC3CY-17MRR-KBEGS-ZCPLN-ILJA5
 
Tool Versions:
Toolchain:       MDK-ARM Professional  Version: 5.20
Toolchain Path:  D:\kill\ARM\ARMCC\Bin
C Compiler:      Armcc.exe V5.06 update 2 (build 183)
Assembler:       Armasm.exe V5.06 update 2 (build 183)
Linker/Locator:  ArmLink.exe V5.06 update 2 (build 183)
Library Manager: ArmAr.exe V5.06 update 2 (build 183)
Hex Converter:   FromElf.exe V5.06 update 2 (build 183)
CPU DLL:         SARMCM3.DLL V5.20
Dialog DLL:      DARMSTM.DLL V1.66.0.0
Target DLL:      Segger\JL2CM3.dll V2.99.20.0
Dialog DLL:      TARMSTM.DLL V1.65.0.0
 
<h2>Project:</h2>
C:\Users\余果\Desktop\My old project\MY 四旋翼\源码777\USER\Quadrotor.uvprojx
Project File Date:  09/21/2016

<h2>Output:</h2>
*** Using Compiler 'V5.06 update 2 (build 183)', folder: 'D:\kill\ARM\ARMCC\Bin'
Build target 'quadrotor'
compiling stm32f10x_it.c...
compiling system_stm32f10x.c...
compiling main.c...
compiling delay.c...
compiling usart.c...
compiling sys.c...
compiling misc.c...
compiling stm32f10x_dbgmcu.c...
compiling stm32f10x_gpio.c...
compiling stm32f10x_spi.c...
compiling stm32f10x_rcc.c...
compiling stm32f10x_tim.c...
compiling stm32f10x_exti.c...
compiling stm32f10x_usart.c...
compiling ALG.c...
compiling telecontrol.c...
compiling control.c...
compiling led.c...
compiling pwm_out.c...
compiling time.c...
compiling iic.c...
compiling inv_mpu.c...
compiling inv_mpu_dmp_motion_driver.c...
compiling hmc5883.c...
compiling mpu6050.c...
compiling iicc.c...
compiling bmp085.c...
compiling usart3.c...
compiling capture.c...
compiling exit.c...
compiling sccb.c...
compiling ov7670.c...
assembling startup_stm32f10x_hd.s...
compiling core_cm3.c...
linking...
Program Size: Code=42660 RO-data=4332 RW-data=456 ZI-data=13256  
FromELF: creating hex file...
".\Objects\Quadrotor.axf" - 0 Error(s), 0 Warning(s).

<h2>Collection of Component include folders:</h2>
  C:\Users\余果\Desktop\My old project\MY 四旋翼\源码777\USER\RTE
  D:\kill\Keil\STM32F1xx_DFP\1.0.5\Device\Include

<h2>Collection of Component Files used:</h2>
Build Time Elapsed:  00:00:07
</pre>
</body>
</html>
